D/DnsProxyListener(  399): GetAddrInfoHandler: getaddrinfo failed! count = 1900
D/WifiHW  ( 1239): wifi_send_command: cmd:'IFNAME=wlan0 SIGNAL_POLL'
D/wpa_supplicant(10663): wlan0: Control interface command 'SIGNAL_POLL'
E/wpa_supplicant(10663): RSSI=-46;LINKSPEED=72;NOISE=9999;FREQUENCY=2437;
D/wpa_supplicant(10663): CTRL-DEBUG: global_ctrl_sock-sendto: sock=16 sndbuf=212992 outq=0 send_len=48
E/WifiConfigStore( 1239): updateConfiguration freq=2437 BSSID=00:1d:aa:87:96:b0 RSSI=-46 "Globe3ERP_FPT"WPA_PSK
I/MSM-irqbalance(  483): Decided to move IRQ104 from CPU6 to CPU4
W/PlatformStatsUtil( 2709): Could not retrieve Usage & Diagnostics setting. Giving up.
W/SocketListener(  399): sending broadcast to Pid = 1239, Uid = 1000 
D/NetdConnector( 1239): RCV <- {615 DnsInfo servers wlan0 4294967295 2001:4860:4860::8888,2001:4860:4860::8844}
D/NetdConnector( 1239): RCV <- {615 DnsInfo servers wlan0 4294967295 2001:4860:4860::8888,2001:4860:4860::8844}
D/NetdConnector( 1239): RCV unsolicited event from native daemon, event = 615 DnsInfo servers wlan0 4294967295 2001:4860:4860::8888,2001:4860:4860::8844
W/ActivityManager( 1239): getTasks: caller 10135 does not hold REAL_GET_TASKS; limiting output
D/KeyEvent( 1239): obtain, mHwFlags=0
D/HwPhoneWindowManager( 1239): HwPhoneWindowManager has intercept Key : 4, isdown : true, flags : 72
D/WindowManager( 1239): interceptKeyBeforeQueueing: key 4 , result : 1
D/KeyEvent( 1239): obtain, mHwFlags=-1645114328
I/InputDispatcher( 1239): touch process [687], send to pg
D/WifiHW  ( 1239): wifi_send_command: cmd:'IFNAME=wlan0 SIGNAL_POLL'
D/wpa_supplicant(10663): wlan0: Control interface command 'SIGNAL_POLL'
E/wpa_supplicant(10663): RSSI=-45;LINKSPEED=72;NOISE=9999;FREQUENCY=2437;
D/wpa_supplicant(10663): CTRL-DEBUG: global_ctrl_sock-sendto: sock=16 sndbuf=212992 outq=0 send_len=48
E/WifiConfigStore( 1239): updateConfiguration freq=2437 BSSID=00:1d:aa:87:96:b0 RSSI=-45 "Globe3ERP_FPT"WPA_PSK
D/KeyEvent( 1239): obtain, mHwFlags=0
D/HwPhoneWindowManager( 1239): HwPhoneWindowManager has intercept Key : 4, isdown : true, flags : 200
D/WindowManager( 1239): interceptKeyBeforeQueueing: key 4 , result : 1
W/InputDispatcher( 1239): Asynchronous input event injection failed.
I/InputDispatcher( 1239): Dropped event because the current application is not responding and the user has started interacting with a different application.
I/InputDispatcher( 1239): Dropped event because the current application is not responding and the user has started interacting with a different application.
D/KeyEvent( 1239): obtain, mHwFlags=-1645114328
W/InputDispatcher( 1239): Asynchronous input event injection failed.
I/InputDispatcher( 1239): Dropped event because the current application is not responding and the user has started interacting with a different application.
D/KeyEvent( 1239): obtain, mHwFlags=0
D/HwPhoneWindowManager( 1239): HwPhoneWindowManager has intercept Key : 4, isdown : false, flags : 104
D/WindowManager( 1239): interceptKeyBeforeQueueing: key 4 , result : 1
D/KeyEvent( 1239): obtain, mHwFlags=87283903
W/InputDispatcher( 1239): Asynchronous input event injection failed.
I/InputDispatcher( 1239): Dropped event because the current application is not responding and the user has started interacting with a different application.
I/InputDispatcher( 1239): Dropped event because the current application is not responding and the user has started interacting with a different application.
D/KeyEvent( 1239): obtain, mHwFlags=0
D/HwPhoneWindowManager( 1239): HwPhoneWindowManager has intercept Key : 4, isdown : true, flags : 72
D/WindowManager( 1239): interceptKeyBeforeQueueing: key 4 , result : 1
D/KeyEvent( 1239): obtain, mHwFlags=-1645114328
W/InputDispatcher( 1239): Asynchronous input event injection failed.
I/InputDispatcher( 1239): Dropped event because the current application is not responding and the user has started interacting with a different application.
I/InputDispatcher( 1239): Dropped event because the current application is not responding and the user has started interacting with a different application.
D/KeyEvent( 1239): obtain, mHwFlags=0
D/HwPhoneWindowManager( 1239): HwPhoneWindowManager has intercept Key : 4, isdown : false, flags : 104
D/WindowManager( 1239): interceptKeyBeforeQueueing: key 4 , result : 1
D/KeyEvent( 1239): obtain, mHwFlags=405837965
D/KeyEvent( 1239): obtain, mHwFlags=0
D/HwPhoneWindowManager( 1239): HwPhoneWindowManager has intercept Key : 4, isdown : true, flags : 72
D/WindowManager( 1239): interceptKeyBeforeQueueing: key 4 , result : 1
W/InputDispatcher( 1239): Asynchronous input event injection failed.
I/InputDispatcher( 1239): Dropped event because the current application is not responding and the user has started interacting with a different application.
D/KeyEvent( 1239): obtain, mHwFlags=-1645114328
W/InputDispatcher( 1239): Asynchronous input event injection failed.
I/InputDispatcher( 1239): Dropped event because the current application is not responding and the user has started interacting with a different application.
I/InputDispatcher( 1239): Dropped event because the current application is not responding and the user has started interacting with a different application.
D/KeyEvent( 1239): obtain, mHwFlags=0
D/HwPhoneWindowManager( 1239): HwPhoneWindowManager has intercept Key : 4, isdown : false, flags : 104
D/WindowManager( 1239): interceptKeyBeforeQueueing: key 4 , result : 1
D/KeyEvent( 1239): obtain, mHwFlags=539937653
D/KeyEvent( 1239): obtain, mHwFlags=0
D/HwPhoneWindowManager( 1239): HwPhoneWindowManager has intercept Key : 4, isdown : true, flags : 72
D/WindowManager( 1239): interceptKeyBeforeQueueing: key 4 , result : 1
W/InputDispatcher( 1239): Asynchronous input event injection failed.
I/InputDispatcher( 1239): Dropped event because the current application is not responding and the user has started interacting with a different application.
D/KeyEvent( 1239): obtain, mHwFlags=-1645114328
W/InputDispatcher( 1239): Asynchronous input event injection failed.
I/InputDispatcher( 1239): Dropped event because the current application is not responding and the user has started interacting with a different application.
I/InputDispatcher( 1239): Dropped event because the current application is not responding and the user has started interacting with a different application.
D/KeyEvent( 1239): obtain, mHwFlags=0
D/HwPhoneWindowManager( 1239): HwPhoneWindowManager has intercept Key : 4, isdown : false, flags : 104
D/WindowManager( 1239): interceptKeyBeforeQueueing: key 4 , result : 1
D/KeyEvent( 1239): obtain, mHwFlags=876750205
D/HwCust  ( 2125): Create obj success use class android.content.res.HwCustHwResourcesImpl
E/HsmCoreServiceImpl( 1239): onTransact in code is: 103
I/MediaProcessHandler( 1239): playingUids: 
D/RecentTasksLoader( 2125): icon height:175    icon Width:175
D/RecentTasksLoader( 2125): icon height:175    icon Width:175
D/HwCust  ( 2125): Create obj success use class android.content.res.HwCustHwResourcesImpl
D/RecentTasksLoader( 2125): load 3 tasks for first screen, so wait activity start complete!
V/BitmapFactoryEx( 2125): nativeDecodeFileDescriptorEx
D/HwCust  ( 2125): Create obj success use class android.content.res.HwCustHwResourcesImpl
W/InputDispatcher( 1239): Asynchronous input event injection failed.
I/InputDispatcher( 1239): Dropped event because the current application is not responding and the user has started interacting with a different application.
I/InputDispatcher( 1239): Dropped event because the current application is not responding and the user has started interacting with a different application.
D/RecentTasksLoader( 2125): icon height:175    icon Width:175
V/BitmapFactoryEx( 2125): nativeDecodeFileDescriptorEx
W/AlarmManager( 1239): WAKEUP alarm trigger action = com.google.android.location.ALARM_WAKEUP_ACTIVITY_DETECTION elapsed = 222456868
V/AlarmManager( 1239): Alarm triggering (type 0 or 2): [Alarm{237c2dc type 2 when 222456868 com.google.android.gms}]
V/AlarmManager( 1239): sending alarm Alarm{237c2dc type 2 when 222456868 com.google.android.gms},repeatInterval = 0
I/ActivityManager( 1239): collectReceiverComponents for intent: Intent { act=com.google.android.location.ALARM_WAKEUP_ACTIVITY_DETECTION flg=0x14 (has extras) }, receivers: null
V/AlarmManager( 1239): sending alarm Alarm{1452fe5 type 3 when 222464849 com.zing.zalo},repeatInterval = 0
I/ActivityManager( 1239): collectReceiverComponents for intent: Intent { act=com.google.android.gcm.intent.RETRY flg=0x14 (has extras) }, receivers: null
V/AlarmManager( 1239): sending alarm Alarm{f2b5aba type 3 when 222465709 android},repeatInterval = 0
I/ActivityManager( 1239): collectReceiverComponents for intent: Intent { act=android.content.jobscheduler.JOB_DELAY_EXPIRED flg=0x14 (has extras) }, receivers: null
D/RecentTasksLoader( 2125): icon height:175    icon Width:175
E/HsmCoreServiceImpl( 1239): onTransact in code is: 103
I/MediaProcessHandler( 1239): playingUids: 
E/Sensors ( 1239): activate, 158: handle=3, enabled=1
E/Sensors ( 1239): activate, 745: handle=3, enable=1
I/Sensors ( 1239): AccelSensor, enable, 248: en=1
I/Sensors ( 1239): AccelSensor, enable, 249: flags=1
I/Sensors ( 1239): AccelSensor, enable, 250: mEnabled=0
E/Sensors ( 1239): activate, 766: err=0
E/Sensors ( 1239): activate, 769: err=0
E/Sensors ( 1239): setDelay, 173: handle=3, ns=20000000
E/Sensors ( 1239): setDelay, 855: handle=3, ns=20000000
I/Sensors ( 1239): setDelay, 293: handle=3, delay_ns=20000000
D/OEMINFO_NVM_SERVER(  276): Accept connection from pid 1239 (******), uid: 1000, gid: 1000
D/OEMINFO_NVM_SERVER(  276): Receive: opr = 2, idx = 70, len = 20, name()
I/OEMINFO_NVM_CORE(  276): compat_oeminfo_read: version v6
I/OEMINFO_NVM_CORE(  276): find oeminfo device /dev/block/mmcblk0p9
D/RecentTasksLoader( 2125): load 3 tasks for first screen, so wait activity start complete!
D/HwCust  ( 2125): Create obj success use class android.content.res.HwCustHwResourcesImpl
D/PhoneStatusBar( 2125): mRecentsClickListener clicked
D/RecentTasksLoader( 2125): icon height:175    icon Width:175
I/OEMINFO_NVM_CORE(  276): read oeminfo 70, offset 0x2045000, total byte: 20
E/OEMINFO_NVM_SERVER(  276): pid 1239, opration oeminfo_read OK
I/Sensors ( 1239): read from oem info: data_readback
I/Sensors ( 1239): 0xdd, 0xc, 0xfb, 0x3b
I/Sensors ( 1239): 0x8a, 0xb6, 0x26, 0xbe
I/Sensors ( 1239): 0xea, 0x7b, 0x7e, 0x3f
I/Sensors ( 1239): 0x55, 0x0, 0x0, 0x0
I/Sensors ( 1239): 0x0, 0x0, 0x0, 0x0
I/Sensors ( 1239): read from oem info: data_valid_flag=0x55
I/Sensors ( 1239): read from oem info: x_offset=0.007661, y_offset=-0.162806, z_offset=0.994078
I/Sensors ( 1239): Final value: x_offset=0.007661, y_offset=-0.162806, z_offset=0.994078
V/AudioManager( 2125): querySoundEffectsEnabled...
D/RecentTasksLoader( 2125): icon height:175    icon Width:175
I/ActivityManager( 1239): resolve info: ResolveInfo{f67d6b com.android.systemui/.recent.RecentsActivity m=0x0 euid=0}, euid: 0
I/ActivityManager( 1239): START u0 {act=com.android.systemui.recent.action.TOGGLE_RECENTS flg=0x10800000 cmp=com.android.systemui/.recent.RecentsActivity (has extras)} from uid 10105 on display 0
I/ActivityManager( 1239): ActivityRecord info: ActivityInfo{4de9e5c com.android.systemui.recent.RecentsActivity}, euid=0
V/HwWindowManagerService( 1239): moveTaskToTop mTaskChanged:true
I/ActivityManager( 1239): create new task record, multiLaunchId: 0, intent = Intent { act=com.android.systemui.recent.action.TOGGLE_RECENTS flg=0x10800000 cmp=com.android.systemui/.recent.RecentsActivity (has extras) }
V/HwWindowManagerService( 1239): moveTaskToTop mTaskChanged:true
V/HwWindowManagerService( 1239): moveTaskToTop mTaskChanged:true
V/BitmapFactoryEx( 2125): nativeDecodeFileDescriptorEx
D/HwArpVerifier( 1239): performPollAndLog:
V/HwWindowManagerService( 1239): setFocusedApp update app ops, mTaskChanged set to:false
I/HwWindowManagerService( 1239): this win:Window{91224ec u0 com.facebook.orca} hase children size:0
I/HwWindowManagerService( 1239): this win:Window{bdb334a u0 com.facebook.orca} hase children size:0
I/HwWindowManagerService( 1239): this win:Window{672a3d8 u0 com.facebook.orca} hase children size:0
I/HwWindowManagerService( 1239): this win:Window{e213a16 u0 com.facebook.orca} hase children size:0
I/HwWindowManagerService( 1239): this win:Window{ffd75ee u0 com.facebook.orca} hase children size:0
E/PowerManagerService( 1239): Exception when search wack lock :java.lang.IllegalArgumentException: Wake lock not active: android.os.Binder@d77b030 from uid 1000
I/ActivityManager( 1239): retrieveServiceLocked, callerApp: ProcessRecord{a5162bb 30707:0:com.zing.zalo/u0a135}, flags: 400
I/ActivityManager( 1239): bindServiceLocked, r: ServiceRecord{97d8547 u0 euid: 0 com.zing.zalo/.service.GCMIntentService}, euid: 0
E/PowerManagerService( 1239): Exception when search wack lock :java.lang.IllegalArgumentException: Wake lock not active: android.os.Binder@d77b030 from uid 1000
D/hw_netstat( 1239): total/2917/959,com.freevpn.vpn_master/959/959,unknown:0/1738/0,unknown:1020/220/0
I/ActivityManager( 1239): retrieveServiceLocked, callerApp: ProcessRecord{a5162bb 30707:0:com.zing.zalo/u0a135}, flags: 400
I/ActivityManager( 1239): bindServiceLocked, r: ServiceRecord{4f79174 u0 euid: 0 com.google.android.gsf/.gtalkservice.PushMessagingRegistrarProxy}, euid: 0
D/RecentTasksLoader( 2125): icon height:175    icon Width:175
I/ActivityManager( 1239): retrieveServiceLocked, callerApp: ProcessRecord{4663555 31946:0:com.google.process.gapps/u0a7}, flags: 400
I/ActivityManager( 1239): bindServiceLocked, r: ServiceRecord{f72769d u0 euid: 0 com.google.android.gms/.gcm.PushMessagingRegistrarProxy}, euid: 0
V/BitmapFactoryEx( 2125): nativeDecodeFileDescriptorEx
D/RecentTasksLoader( 2125): icon height:175    icon Width:175
D/RecentTasksLoader( 2125): icon height:175    icon Width:175
I/ActivityManager( 1239): retrieveServiceLocked, callerApp: ProcessRecord{eea6e80 3664:0:com.google.android.gms.persistent/u0a7}, flags: 400
I/ActivityManager( 1239): bindServiceLocked, r: ServiceRecord{cb650e0 u0 euid: 0 com.google.android.gms/.gcm.http.GoogleHttpService}, euid: 0
D/HwCust  (28264): Create obj success use class android.app.HwCustNotificationImpl
D/HwNotificationManagerService( 1239): generateConver: pkgname = com.freevpn.vpn_master, uid = 10037
D/HwNotificationManagerService( 1239): coverNotificationContentView: update cover NotificationContentViewRecord{9a5a551 pkg=com.freevpn.vpn_master uid=10037 id=1 tag=null userId=0}
D/StatusBar( 2125): onNotificationPosted: StatusBarNotification(pkg=com.freevpn.vpn_master user=UserHandle{0} id=1 tag=null score=0 key=0|com.freevpn.vpn_master|1|null|10037: Notification(pri=0 contentView=com.freevpn.vpn_master/0x1090084 vibrate=null sound=null defaults=0x0 flags=0x6a color=0x00000000 vis=PRIVATE)), when=Mon Feb 27 11:37:32 GMT+07:00 2017
D/HwNotificationManagerService( 1239): generateConver: pkgname = com.freevpn.vpn_master, uid = 10037
D/HwNotificationManagerService( 1239): coverNotificationContentView: update cover NotificationContentViewRecord{9a5a551 pkg=com.freevpn.vpn_master uid=10037 id=1 tag=null userId=0}
D/PhoneStatusBar( 2125): mRecentsClickListener clicked
D/HwNotificationHelper( 2125): process: notification=StatusBarNotification(pkg=com.freevpn.vpn_master user=UserHandle{0} id=1 tag=null score=0 key=0|com.freevpn.vpn_master|1|null|10037: Notification(pri=0 contentView=com.freevpn.vpn_master/0x1090084 vibrate=null sound=null defaults=0x0 flags=0x6a color=0x00000000 vis=PRIVATE)), when=Mon Feb 27 11:37:32 GMT+07:00 2017
V/AudioManager( 2125): querySoundEffectsEnabled...
D/NotificationIconHelper( 2125): isCloneProcess, pid = 28264
D/StatusBar( 2125): onNotificationPosted: StatusBarNotification(pkg=com.freevpn.vpn_master user=UserHandle{0} id=1 tag=null score=0 key=0|com.freevpn.vpn_master|1|null|10037: Notification(pri=0 contentView=com.freevpn.vpn_master/0x1090084 vibrate=null sound=null defaults=0x0 flags=0x6a color=0x00000000 vis=PRIVATE)), when=Mon Feb 27 11:37:32 GMT+07:00 2017
W/StatusBar( 2125): toggleRecentsActivity too quickly
D/StatusBar( 2125): onNotificationPosted  sbn_name = com.freevpn.vpn_master sbn_key = 0|com.freevpn.vpn_master|1|null|10037 ,sbn_id = 1, headsUp.getKey()null
D/NotificationIconHelper( 2125): largeIcon is not null
D/NotificationIconHelper( 2125): isCloneProcess, pid = 28264
E/Sensors ( 1239): AccelSensor: X=0.73,Y=0.11,Z=9.86
E/Sensors ( 1239): AccelSensor: X=0.75,Y=0.12,Z=9.83
E/Sensors ( 1239): AccelSensor: X=0.74,Y=0.11,Z=9.84
E/Sensors ( 1239): AccelSensor: X=0.75,Y=0.05,Z=9.83
E/Sensors ( 1239): AccelSensor: X=0.69,Y=0.06,Z=9.87
E/Sensors ( 1239): AccelSensor: X=0.67,Y=0.12,Z=9.99
E/Sensors ( 1239): AccelSensor: X=0.72,Y=0.08,Z=9.94
E/Sensors ( 1239): AccelSensor: X=0.68,Y=0.05,Z=9.87
I/MSM-irqbalance(  483): Decided to move IRQ240 from CPU6 to CPU4
E/Sensors ( 1239): AccelSensor: X=0.71,Y=0.10,Z=9.91
E/Sensors ( 1239): AccelSensor: X=0.76,Y=0.11,Z=9.86
D/DnsProxyListener(  399): GetAddrInfoHandler: getaddrinfo failed! count = 1901
D/RecentTasksLoader( 2125): icon height:175    icon Width:175
D/PhoneStatusBar( 2125): mRecentsClickListener clicked
I/ActivityManager( 1239): resolve info: ResolveInfo{4afd63f com.android.systemui/.recent.RecentsActivity m=0x0 euid=0}, euid: 0
I/ActivityManager( 1239): START u0 {act=com.android.systemui.recent.action.TOGGLE_RECENTS flg=0x10800000 cmp=com.android.systemui/.recent.RecentsActivity (has extras)} from uid 10105 on display 0
I/ActivityManager( 1239): ActivityRecord info: ActivityInfo{4de9e5c com.android.systemui.recent.RecentsActivity}, euid=0
V/AudioManager( 2125): querySoundEffectsEnabled...
V/HwWindowManagerService( 1239): moveTaskToTop mTaskChanged:true
W/ActivityManager( 1239): Activity pause timeout for ActivityRecord{d4a800a u0 com.globe3.tno.g3_lite_mobile/.activities.LoginActivity t2273}
V/SMCSAMSHelper( 1239): SMCSAMSHelper.addSTPEvent: cost 0 ms end.
V/SMCSAMSHelper( 1239): SMCSAMSHelper.smartTrimProcessPackageResume: cost time 0 ms end.
W/PGApi_client( 2737): recv actoionId = 10000, action = com.huawei.pgmng.PGAction@43cac4d actionId =10000 pkg =com.android.systemui extend1 =50025 extend2 = flag =3 type =1
W/PGMiddleWare( 2737): in handleAction method, action = 10000
W/PGMiddleWare( 2737): in handleAction, invoke client = com.huawei.pgmng.middleware.AudioEffectLowPowerImpl@545fff, action = com.huawei.pgmng.PGAction@43cac4d actionId =10000 pkg =com.android.systemui extend1 =50025 extend2 = flag =3 type =1
V/AudioManager( 2737): isMusicActive...
I/ActivityManager( 1239): launch r: ActivityRecord{eec30c8 u0 com.android.systemui/.recent.RecentsActivity t2274}, uid = 10105, r.info.applicationInfo.euid  = 0
D/RecentsActivity( 2125): onCreate: com.android.systemui.recent.RecentsActivity@5f60b81
V/ActivityThread( 2125): ActivityThread,callActivityOnCreate
V/BoostFramework( 2125): BoostFramework() : mPerf = com.qualcomm.qti.Performance@eeb6f80
D/CubicBezierInterpolator( 2125): CubicBezierInterpolator  mControlPoint1x = 0.325, mControlPoint1y = 0.63, mControlPoint2x = 0.05, mControlPoint2y = 1.0
V/BoostFramework( 2125): BoostFramework() : mPerf = com.qualcomm.qti.Performance@337a9b9
D/CubicBezierInterpolator( 2125): CubicBezierInterpolator  mControlPoint1x = 0.36, mControlPoint1y = 0.1, mControlPoint2x = 0.0, mControlPoint2y = 0.93
W/HwRecentsHorizontalPanelView( 2125): Memory text is not valid,can not split to double text 
D/CubicBezierInterpolator( 2125): CubicBezierInterpolator  mControlPoint1x = 0.1, mControlPoint1y = 0.05, mControlPoint2x = 0.1, mControlPoint2y = 0.99
D/HwRecentsHorizontalPanelView( 2125): mode=middle,land=false,width=517,height=1760
D/HwRecentsHorizontalPanelView( 2125): 33,580,0,0
I/HwSecImmHelper( 2125): mSecurityInputMethodService is null
D/RecentsActivity( 2125): onStart: com.android.systemui.recent.RecentsActivity@5f60b81
D/systemui_Jlog( 2125): neednot report tagid:135 currentValue:636, msg:show recents too slow, use:636msec
D/HwRecentsHorizontalViewPager( 2125): update:3,mLastCount=0,1,mFirstAnimState=0,mSecondAnimState=0,0,0,com.android.systemui.recent.HwRecentsHorizontalViewPager{839afdc VFED..... ......I. 0,0-0,0 #7f10008b app:id/recents_container}
D/HwNotificationHelper( 2125): process: notification=StatusBarNotification(pkg=com.freevpn.vpn_master user=UserHandle{0} id=1 tag=null score=0 key=0|com.freevpn.vpn_master|1|null|10037: Notification(pri=0 contentView=com.freevpn.vpn_master/0x1090084 vibrate=null sound=null defaults=0x0 flags=0x6a color=0x00000000 vis=PRIVATE)), when=Mon Feb 27 11:37:32 GMT+07:00 2017
D/NotificationIconHelper( 2125): isCloneProcess, pid = 28264
W/ActivityManager( 1239): Launch timeout has expired, giving up wake lock!
D/DnsProxyListener(  399): GetAddrInfoHandler: getaddrinfo failed! count = 1902
I/ActivityManager( 1239): collectReceiverComponents for intent: Intent { act=com.google.android.c2dm.intent.REGISTRATION flg=0x10 pkg=com.zing.zalo (has extras) }, receivers: [ResolveInfo{e19e8d1 com.zing.zalo/com.google.android.gcm.GCMBroadcastReceiver m=0x108000 euid=0}]
I/ActivityManager( 1239): retrieveServiceLocked, callerApp: ProcessRecord{a5162bb 30707:0:com.zing.zalo/u0a135}, flags: 400
I/ActivityManager( 1239): bindServiceLocked, r: ServiceRecord{89dff36 u0 euid: 0 com.zing.zalo/.service.GCMIntentService}, euid: 0
D/DnsProxyListener(  399): GetAddrInfoHandler: getaddrinfo failed! count = 1903
D/HwRecentsHorizontalPanelView( 2125): Recent Start Luncher is = com.teslacoilsw.launcher
D/HwRecentsHorizontalViewPager( 2125): setFromlunch:false,true,3
I/HwSecImmHelper( 2125): mSecurityInputMethodService is null
D/RecentsActivity( 2125): onNewIntent: com.android.systemui.recent.RecentsActivity@5f60b81
V/HwWindowManagerService( 1239): moveTaskToTop mTaskChanged:true
V/HwWindowManagerService( 1239): setFocusedApp update app ops, mTaskChanged set to:false
I/HwWindowManagerService( 1239): this win:Window{91224ec u0 com.facebook.orca} hase children size:0
I/HwWindowManagerService( 1239): this win:Window{bdb334a u0 com.facebook.orca} hase children size:0
I/HwWindowManagerService( 1239): this win:Window{672a3d8 u0 com.facebook.orca} hase children size:0
I/HwWindowManagerService( 1239): this win:Window{e213a16 u0 com.facebook.orca} hase children size:0
I/HwWindowManagerService( 1239): this win:Window{ffd75ee u0 com.facebook.orca} hase children size:0
D/RecentsActivity( 2125): onResume: com.android.systemui.recent.RecentsActivity@5f60b81
D/RecentTasksLoader( 2125): enter notifyRecentActivityStarted, uid=0
D/DeviceInfo( 2125): ramSize =3145728
D/RecentTasksLoader( 2125): activity start over, loader wait time:777
D/RecentTasksLoader( 2125): activity start over, loader wait time:901
D/RecentTasksLoader( 2125): show RecentTasks list size = 0
D/HwPhoneWindowManager( 1239): Transact:setSystemUIColor to status bar service
V/HwPhoneWindowManager( 1239): updateSystemUiColorLw window=Window{9c2d8c2 u0 com.android.systemui/com.android.systemui.recent.RecentsActivity},EmuiStyle=0,StatusBarColor=0xff000000,NavigationBarColor=0xff000000
D/CommandQueue( 2125): CommandQueue, onTransaction
D/CommandQueue( 2125): CommandQueue, setBarBackgroundColor
D/KeyEvent( 1239): obtain, mHwFlags=0
D/HwPhoneWindowManager( 1239): HwPhoneWindowManager has intercept Key : 3, isdown : true, flags : 72
D/HwCust  ( 2125): Create obj success use class android.content.res.HwCustHwResourcesImpl
D/WindowManager( 1239): interceptKeyBeforeQueueing: key 3 , result : 1
D/KeyEvent( 1239): obtain, mHwFlags=-1645114328
D/KeyEvent( 1239): obtain, mHwFlags=0
D/HwPhoneWindowManager( 1239): HwPhoneWindowManager has intercept Key : 3, isdown : false, flags : 72
D/WindowManager( 1239): interceptKeyBeforeQueueing: key 3 , result : 1
D/RecentTasksLoader( 2125): show RecentTasks list size = 2
D/KeyEvent( 1239): obtain, mHwFlags=-1645114328
V/BitmapFactoryEx( 2125): nativeDecodeFileDescriptorEx
V/AudioManager( 2125): querySoundEffectsEnabled...
D/HwCust  ( 2125): Create obj success use class android.content.res.HwCustHwResourcesImpl
I/ActivityManager( 1239): resolve info: ResolveInfo{e0d96d3 com.teslacoilsw.launcher/.NovaLauncher m=0x108000 euid=0}, euid: 0
V/WindowManager( 1239): Skipping AppWindowToken{b7e957 token=Token{d77c07b ActivityRecord{d4a800a u0 com.globe3.tno.g3_lite_mobile/.activities.LoginActivity t2273}}} -- going to hide
I/ActivityManager( 1239): START u0 {act=android.intent.action.MAIN cat=[android.intent.category.HOME] flg=0x10200200 cmp=com.teslacoilsw.launcher/.NovaLauncher (has extras)} from uid 1000 on display 0
I/ActivityManager( 1239): ActivityRecord info: ActivityInfo{77028db com.teslacoilsw.launcher.NovaLauncher}, euid=0
D/RecentTasksLoader( 2125): icon height:175    icon Width:175
D/RecentTasksLoader( 2125): icon height:175    icon Width:175
V/HwWindowManagerService( 1239): moveTaskToTop mTaskChanged:true
V/HwWindowManagerService( 1239): setFocusedApp update app ops, mTaskChanged set to:false
V/BitmapFactoryEx( 2125): nativeDecodeFileDescriptorEx
D/PhoneStatusBar( 2125): mRecentsClickListener clicked
V/AudioManager( 2125): querySoundEffectsEnabled...
I/HwWindowManagerService( 1239): this win:Window{91224ec u0 com.facebook.orca} hase children size:0
I/HwWindowManagerService( 1239): this win:Window{bdb334a u0 com.facebook.orca} hase children size:0
I/HwWindowManagerService( 1239): this win:Window{672a3d8 u0 com.facebook.orca} hase children size:0
I/HwWindowManagerService( 1239): this win:Window{e213a16 u0 com.facebook.orca} hase children size:0
I/HwWindowManagerService( 1239): this win:Window{ffd75ee u0 com.facebook.orca} hase children size:0
D/RecentTasksLoader( 2125): icon height:175    icon Width:175
D/StatusBar( 2125): onNotificationPosted  sbn_name = com.freevpn.vpn_master sbn_key = 0|com.freevpn.vpn_master|1|null|10037 ,sbn_id = 1, headsUp.getKey()null
D/NotificationIconHelper( 2125): largeIcon is not null
D/NotificationIconHelper( 2125): isCloneProcess, pid = 28264
D/RecentsActivity( 2125): onPause: com.android.systemui.recent.RecentsActivity@5f60b81
D/HwRecentsHorizontalViewPager( 2125): update:0,mLastCount=3,3,mFirstAnimState=0,mSecondAnimState=0,0,0,com.android.systemui.recent.HwRecentsHorizontalViewPager{839afdc VFED..... ......ID 281,0-798,1760 #7f10008b app:id/recents_container}
D/RecentsActivity( 2125): onAnimationStart
D/RecentTasksLoader( 2125): enter notifyRecentActivityStarted, uid=0
W/PGApi_client( 2737): recv actoionId = 10010, action = com.huawei.pgmng.PGAction@ae30302 actionId =10010 pkg =com.teslacoilsw.launcher extend1 =50027 extend2 = flag =3 type =1
W/PGMiddleWare( 2737): in handleAction method, action = 10010
W/PGMiddleWare( 2737): in handleAction, invoke client = com.huawei.pgmng.middleware.AudioEffectLowPowerImpl@545fff, action = com.huawei.pgmng.PGAction@ae30302 actionId =10010 pkg =com.teslacoilsw.launcher extend1 =50027 extend2 = flag =3 type =1
V/AudioManager( 2737): isMusicActive...
V/SMCSAMSHelper( 1239): SMCSAMSHelper.addSTPEvent: cost 0 ms end.
V/SMCSAMSHelper( 1239): SMCSAMSHelper.smartTrimProcessPackageResume: cost time 0 ms end.
I/HwSecImmHelper( 2783): mSecurityInputMethodService is null
I/HwSecImmHelper( 2783): mSecurityInputMethodService is null
I/HwSystemManager( 2512): NotificationGuideService:handle MSG_ACTIVIY_FOREGROUND, uid:10203
D/TintManager( 2125): isEmuiStyle=0, statusBarColor=ff000000, navigationColor=ff000000
D/TintManager( 2125): updateBarBgColor:emuiStyle=0,statusBarColor=#FF000000,navigationBarColor=#FF000000
D/BarTransitions.PhoneStatusBarView( 2125): setUseGradientBackground: true
D/BarTransitions.NavigationBarView( 2125): setUseGradientBackground: true
D/TintManager( 2125): statusBarIconTint=#FFFFFFFF,navigationBarIconTint=#FF000000
D/TintManager( 2125): updateBarTint
D/HwCust  ( 2512): Create obj success use class android.content.res.HwCustHwResourcesImpl
D/KeyEvent( 1239): obtain, mHwFlags=0
D/HwPhoneWindowManager( 1239): HwPhoneWindowManager has intercept Key : 3, isdown : true, flags : 72
D/WindowManager( 1239): interceptKeyBeforeQueueing: key 3 , result : 1
D/KeyEvent( 1239): obtain, mHwFlags=-1645114328
I/HwSecImmHelper( 2125): mSecurityInputMethodService is null
I/HwSecImmHelper( 2125): mSecurityInputMethodService is null
W/InputMethodManager( 2125): Current bind isn't success!
W/InputMethodManagerService( 1239): Focus gain on non-focused client com.android.internal.view.IInputMethodClient$Stub$Proxy@bafe109 (uid=10105 pid=2125)
I/ActivityManager( 1239): resolve info: ResolveInfo{669bf0e com.android.systemui/.recent.RecentsActivity m=0x0 euid=0}, euid: 0
I/ActivityManager( 1239): START u0 {act=com.android.systemui.recent.action.TOGGLE_RECENTS flg=0x10800000 cmp=com.android.systemui/.recent.RecentsActivity (has extras)} from uid 10105 on display 0
I/ActivityManager( 1239): ActivityRecord info: ActivityInfo{4de9e5c com.android.systemui.recent.RecentsActivity}, euid=0
V/HwWindowManagerService( 1239): moveTaskToTop mTaskChanged:true
I/ActivityManager( 1239): create new task record, multiLaunchId: 0, intent = Intent { act=com.android.systemui.recent.action.TOGGLE_RECENTS flg=0x10800000 cmp=com.android.systemui/.recent.RecentsActivity (has extras) }
V/HwWindowManagerService( 1239): moveTaskToTop mTaskChanged:true
D/DnsProxyListener(  399): GetAddrInfoHandler: getaddrinfo failed! count = 1904
V/HwWindowManagerService( 1239): moveTaskToTop mTaskChanged:true
V/HwWindowManagerService( 1239): setFocusedApp update app ops, mTaskChanged set to:false
I/HwWindowManagerService( 1239): this win:Window{91224ec u0 com.facebook.orca} hase children size:0
I/HwWindowManagerService( 1239): this win:Window{bdb334a u0 com.facebook.orca} hase children size:0
I/HwWindowManagerService( 1239): this win:Window{672a3d8 u0 com.facebook.orca} hase children size:0
I/HwWindowManagerService( 1239): this win:Window{e213a16 u0 com.facebook.orca} hase children size:0
I/HwWindowManagerService( 1239): this win:Window{ffd75ee u0 com.facebook.orca} hase children size:0
E/HsmCoreServiceImpl( 1239): onTransact in code is: 103
I/MediaProcessHandler( 1239): playingUids: 
D/RecentTasksLoader( 2125): load 3 tasks for first screen, so wait activity start complete!
D/ImageWallpaper( 2125): onOffsetsChanged: xOffset=0.0, yOffset=0.0, xOffsetStep=0.0, yOffsetStep=0.0, xPixels=0, yPixels=0
D/ImageWallpaper( 2125): onVisibilityChanged: mVisible, visible=false, true
D/ImageWallpaper( 2125): Suppressed drawFrame since redraw is not needed and offsets have not changed. rotation new/old: 0/0, width new/old: 2160/2160, height new/old: 1920/1920, offsetChanged: false
D/ImageWallpaper( 2125): Suppressed drawFrame since redraw is not needed and offsets have not changed. rotation new/old: 0/0, width new/old: 2160/2160, height new/old: 1920/1920, offsetChanged: false
D/KeyEvent( 1239): obtain, mHwFlags=0
D/HwPhoneWindowManager( 1239): HwPhoneWindowManager has intercept Key : 3, isdown : false, flags : 72
D/WindowManager( 1239): interceptKeyBeforeQueueing: key 3 , result : 1
D/KeyEvent( 1239): obtain, mHwFlags=-1645114328
V/AudioManager( 2125): querySoundEffectsEnabled...
E/HsmCoreServiceImpl( 1239): onTransact in code is: 103
I/MediaProcessHandler( 1239): playingUids: 
D/HwRecentsHorizontalViewPager( 2125): update:3,mLastCount=0,0,mFirstAnimState=0,mSecondAnimState=0,0,0,com.android.systemui.recent.HwRecentsHorizontalViewPager{839afdc VFED..... ........ 540,0-540,0 #7f10008b app:id/recents_container}
I/ActivityManager( 1239): resolve info: ResolveInfo{786be1a com.teslacoilsw.launcher/.NovaLauncher m=0x108000 euid=0}, euid: 0
D/RecentTasksLoader( 2125): icon height:175    icon Width:175
I/ActivityManager( 1239): START u0 {act=android.intent.action.MAIN cat=[android.intent.category.HOME] flg=0x10200200 cmp=com.teslacoilsw.launcher/.NovaLauncher (has extras)} from uid 1000 on display 0
I/ActivityManager( 1239): ActivityRecord info: ActivityInfo{77028db com.teslacoilsw.launcher.NovaLauncher}, euid=0
V/HwWindowManagerService( 1239): moveTaskToTop mTaskChanged:true
V/BitmapFactoryEx( 2125): nativeDecodeFileDescriptorEx
V/HwWindowManagerService( 1239): setFocusedApp update app ops, mTaskChanged set to:false
I/HwWindowManagerService( 1239): this win:Window{91224ec u0 com.facebook.orca} hase children size:0
I/HwWindowManagerService( 1239): this win:Window{bdb334a u0 com.facebook.orca} hase children size:0
I/HwWindowManagerService( 1239): this win:Window{672a3d8 u0 com.facebook.orca} hase children size:0
I/HwWindowManagerService( 1239): this win:Window{e213a16 u0 com.facebook.orca} hase children size:0
I/HwWindowManagerService( 1239): this win:Window{ffd75ee u0 com.facebook.orca} hase children size:0
D/HwCust  ( 2125): Create obj success use class android.content.res.HwCustHwResourcesImpl
D/RecentTasksLoader( 2125): icon height:175    icon Width:175
V/BitmapFactoryEx( 2125): nativeDecodeFileDescriptorEx
D/HwRecentsHorizontalPanelView( 2125): Recent Start Luncher is = com.teslacoilsw.launcher
D/HwRecentsHorizontalViewPager( 2125): setFromlunch:true,true,3
D/RecentTasksLoader( 2125): enter notifyRecentActivityStarted, uid=0
D/RecentTasksLoader( 2125): activity start over, loader wait time:91
D/RecentTasksLoader( 2125): show RecentTasks list size = 2
D/RecentTasksLoader( 2125): icon height:175    icon Width:175
V/BitmapFactoryEx( 2125): nativeDecodeFileDescriptorEx
D/RecentTasksLoader( 2125): icon height:175    icon Width:175
V/BitmapFactoryEx( 2125): nativeDecodeFileDescriptorEx
D/RecentTasksLoader( 2125): icon height:175    icon Width:175
E/HsmCoreServiceImpl( 1239): onTransact in code is: 103
I/MediaProcessHandler( 1239): playingUids: 
D/HwRecentsHorizontalViewPager( 2125): update:5,mLastCount=3,3,mFirstAnimState=0,mSecondAnimState=0,0,0,com.android.systemui.recent.HwRecentsHorizontalViewPager{839afdc VFED..... ........ 281,0-798,1760 #7f10008b app:id/recents_container}
D/RecentTasksLoader( 2125): icon height:175    icon Width:175
I/HwSecImmHelper( 2783): mSecurityInputMethodService is null
I/HwSecImmHelper( 2783): mSecurityInputMethodService is null
I/HwSecImmHelper( 2783): mSecurityInputMethodService is null
I/HwSecImmHelper( 2783): mSecurityInputMethodService is null
I/HwSecImmHelper( 2783): mSecurityInputMethodService is null
I/HwSecImmHelper( 2783): mSecurityInputMethodService is null
I/HwSecImmHelper( 2783): mSecurityInputMethodService is null
I/HwSecImmHelper( 2783): mSecurityInputMethodService is null
I/HwSecImmHelper( 2783): mSecurityInputMethodService is null
D/HwCust  (28264): Create obj success use class android.app.HwCustNotificationImpl
D/HwPhoneWindowManager( 1239): Transact:setSystemUIColor to status bar service
V/HwPhoneWindowManager( 1239): updateSystemUiColorLw window=Window{af2b04c u0 com.teslacoilsw.launcher/com.teslacoilsw.launcher.NovaLauncher},EmuiStyle=0,StatusBarColor=0x0,NavigationBarColor=0x0
D/CommandQueue( 2125): CommandQueue, onTransaction
D/CommandQueue( 2125): CommandQueue, setBarBackgroundColor
D/HwNotificationManagerService( 1239): generateConver: pkgname = com.freevpn.vpn_master, uid = 10037
D/HwNotificationManagerService( 1239): coverNotificationContentView: update cover NotificationContentViewRecord{9a5a551 pkg=com.freevpn.vpn_master uid=10037 id=1 tag=null userId=0}
D/StatusBar( 2125): onNotificationPosted: StatusBarNotification(pkg=com.freevpn.vpn_master user=UserHandle{0} id=1 tag=null score=0 key=0|com.freevpn.vpn_master|1|null|10037: Notification(pri=0 contentView=com.freevpn.vpn_master/0x1090084 vibrate=null sound=null defaults=0x0 flags=0x6a color=0x00000000 vis=PRIVATE)), when=Mon Feb 27 11:37:32 GMT+07:00 2017
D/HwNotificationManagerService( 1239): generateConver: pkgname = com.freevpn.vpn_master, uid = 10037
D/HwRecentsHorizontalPanelView( 2125): Recent Start Luncher is = com.teslacoilsw.launcher
D/HwRecentsHorizontalViewPager( 2125): setFromlunch:true,false,5
D/RecentTasksLoader( 2125): enter notifyRecentActivityStarted, uid=0
D/PhoneStatusBar( 2125): mRecentsClickListener clicked
V/SMCSAMSHelper( 1239): SMCSAMSHelper.addSTPEvent: cost 0 ms end.
V/SMCSAMSHelper( 1239): SMCSAMSHelper.smartTrimProcessPackageResume: cost time 0 ms end.
D/HwNotificationHelper( 2125): process: notification=StatusBarNotification(pkg=com.freevpn.vpn_master user=UserHandle{0} id=1 tag=null score=0 key=0|com.freevpn.vpn_master|1|null|10037: Notification(pri=0 contentView=com.freevpn.vpn_master/0x1090084 vibrate=null sound=null defaults=0x0 flags=0x6a color=0x00000000 vis=PRIVATE)), when=Mon Feb 27 11:37:32 GMT+07:00 2017
D/NotificationIconHelper( 2125): isCloneProcess, pid = 28264
D/DnsProxyListener(  399): GetAddrInfoHandler: getaddrinfo failed! count = 1905
D/HwNotificationManagerService( 1239): coverNotificationContentView: update cover NotificationContentViewRecord{9a5a551 pkg=com.freevpn.vpn_master uid=10037 id=1 tag=null userId=0}
V/AudioManager( 2125): querySoundEffectsEnabled...
D/TintManager( 2125): isEmuiStyle=0, statusBarColor=0, navigationColor=0
D/TintManager( 2125): updateBarBgColor:emuiStyle=0,statusBarColor=#00000000,navigationBarColor=#00000000
D/BarTransitions.PhoneStatusBarView( 2125): setUseGradientBackground: true
D/BarTransitions.NavigationBarView( 2125): setUseGradientBackground: true
D/TintManager( 2125): statusBarIconTint=#FFFFFFFF,navigationBarIconTint=#00000000
D/TintManager( 2125): updateBarTint
D/PhoneStatusBar( 2125): setSystemUiVisibility vis=8700 mask=ffffffff oldVal=8600 newVal=8700 diff=100
D/PhoneStatusBar( 2125): sbMode=-1, nbMode=-1mStatusBarMode=5, mNavigationBarMode=5
D/BarTransitions.PhoneStatusBarView( 2125): MODE_TRANSPARENT -> MODE_TRANSPARENT animate=false
D/BarTransitions.NavigationBarView( 2125): MODE_TRANSPARENT -> MODE_TRANSPARENT animate=false
D/TintManager( 2125): updateBarTint
W/StatusBar( 2125): toggleRecentsActivity too quickly
I/globe3 TMS(  687): EXTRACT_LICENSE_OBTAINED:false
I/globe3 TMS(  687): MATCHING_LICENSE_OBTAINED:false
I/globe3 TMS(  687): DETECTION_LICENSE_OBTAINED:false
I/globe3 TMS(  687): MATCHING_FAST_LICENSE_OBTAINED:false
I/globe3 TMS(  687): SEGMENTATION_LICENSE_OBTAINED:false
I/globe3 TMS(  687): STANDARDS_LICENSE_OBTAINED:false
I/globe3 TMS(  687): SEGMENTS_DETECTION_LICENSE_OBTAINED:false
D/StatusBar( 2125): onNotificationPosted: StatusBarNotification(pkg=com.freevpn.vpn_master user=UserHandle{0} id=1 tag=null score=0 key=0|com.freevpn.vpn_master|1|null|10037: Notification(pri=0 contentView=com.freevpn.vpn_master/0x1090084 vibrate=null sound=null defaults=0x0 flags=0x6a color=0x00000000 vis=PRIVATE)), when=Mon Feb 27 11:37:32 GMT+07:00 2017
W/FileUtils(  687): Failed to chmod(/storage/emulated/0/globe3TMS/db/globe3.db): android.system.ErrnoException: chmod failed: EPERM (Operation not permitted)
D/StatusBar( 2125): onNotificationPosted  sbn_name = com.freevpn.vpn_master sbn_key = 0|com.freevpn.vpn_master|1|null|10037 ,sbn_id = 1, headsUp.getKey()null
D/NotificationIconHelper( 2125): largeIcon is not null
D/NotificationIconHelper( 2125): isCloneProcess, pid = 28264
D/KeyEvent( 1239): obtain, mHwFlags=0
D/HwPhoneWindowManager( 1239): HwPhoneWindowManager has intercept Key : 3, isdown : true, flags : 72
D/WindowManager( 1239): interceptKeyBeforeQueueing: key 3 , result : 1
D/KeyEvent( 1239): obtain, mHwFlags=-1645114328
I/HwSecImmHelper( 2783): mSecurityInputMethodService is null
W/FileUtils(  687): Failed to chmod(/storage/emulated/0/globe3TMS/db/globe3.db): android.system.ErrnoException: chmod failed: EPERM (Operation not permitted)
I/HwSecImmHelper(  687): mSecurityInputMethodService is null
D/HwWidgetFactoryImpl( 2783): getAttrsColorPrimary has forced Color=0x0
I/InputDispatcher( 1239): Window 'Window{67d3198 u0 com.globe3.tno.g3_lite_mobile/com.globe3.tno.g3_lite_mobile.activities.LoginActivity}' spent 5056.3ms processing the last input event: MotionEvent(deviceId=13, source=0x00001002, action=0, actionButton=0x00000000, flags=0x00000000, metaState=0x00000000, buttonState=0x00000000, edgeFlags=0x00000000, xPrecision=1.0, yPrecision=1.0, displayId=0, pointers=[0: (314.0, 1084.0)]), policyFlags=0x62000000
D/HwWidgetFactoryImpl( 2783): getAttrsColorPrimary has forced Color=0x0
D/HwWidgetFactoryImpl( 2783): getAttrsColorPrimary has forced Color=0x0
D/HwWidgetFactoryImpl( 2783): getAttrsColorPrimary has forced Color=0x0
D/HwWidgetFactoryImpl( 2783): getAttrsColorPrimary has forced Color=0x0
D/HwWidgetFactoryImpl( 2783): getAttrsColorPrimary has forced Color=0x0
I/InputDispatcher( 1239): Window 'Window{67d3198 u0 com.globe3.tno.g3_lite_mobile/com.globe3.tno.g3_lite_mobile.activities.LoginActivity}' spent 5007.4ms processing the last input event: MotionEvent(deviceId=13, source=0x00001002, action=1, actionButton=0x00000000, flags=0x00000000, metaState=0x00000000, buttonState=0x00000000, edgeFlags=0x00000000, xPrecision=1.0, yPrecision=1.0, displayId=0, pointers=[0: (314.0, 1084.0)]), policyFlags=0x62000000
I/Choreographer(  687): Skipped 578 frames!  The application may be doing too much work on its main thread.
D/HwRecentsHorizontalViewPager( 2125): showSecondAnimation:mFirstAnimState=2,mSecondAnimState=0,0,0
D/TeslaUnread(24177): onStartCommand() called with: intent = [Intent { cmp=com.teslacoilsw.notifier/.NotificationService (has extras) }], flags = [0], startId = [22], lastStartTime = [-9223372036854775808]
V/SMCSAMSHelper( 1239): SMCSAMSHelper.addSTPEvent: cost 0 ms end.
V/SMCSAMSHelper( 1239): SMCSAMSHelper.smartTrimAddProcessRelation: cost 0 ms end.
I/HwSecImmHelper( 2783): mSecurityInputMethodService is null
D/RecentsActivity( 2125): onStop: com.android.systemui.recent.RecentsActivity@5f60b81
D/HwRecentsHorizontalPanelView( 2125): onUiHidden
D/HwRecentsHorizontalViewPager( 2125): update:0,mLastCount=5,5,mFirstAnimState=2,mSecondAnimState=1,1,1,com.android.systemui.recent.HwRecentsHorizontalViewPager{839afdc VFED..... ......ID 281,0-798,1760 #7f10008b app:id/recents_container}
D/RecentsActivity( 2125): onAnimationStart
D/RecentsActivity( 2125): onDestroy: com.android.systemui.recent.RecentsActivity@5f60b81
I/HwSecImmHelper( 2783): mSecurityInputMethodService is null
I/art     ( 2125): Starting a blocking GC Explicit
I/HwSecImmHelper( 2783): mSecurityInputMethodService is null
I/HwMtmBroadcastResourceManager( 1239): removeReceiver mtm Broadcast
D/NSD     (  687): curPkgName is not in list
V/AudioManager(  687): playSoundEffect   effectType: 0
V/AudioManager(  687): querySoundEffectsEnabled...
D/WifiHW  ( 1239): wifi_send_command: cmd:'IFNAME=wlan0 SIGNAL_POLL'
D/wpa_supplicant(10663): wlan0: Control interface command 'SIGNAL_POLL'
E/wpa_supplicant(10663): RSSI=-44;LINKSPEED=72;NOISE=9999;FREQUENCY=2437;
D/wpa_supplicant(10663): CTRL-DEBUG: global_ctrl_sock-sendto: sock=16 sndbuf=212992 outq=0 send_len=48
E/WifiConfigStore( 1239): updateConfiguration freq=2437 BSSID=00:1d:aa:87:96:b0 RSSI=-44 "Globe3ERP_FPT"WPA_PSK
D/KeyEvent( 1239): obtain, mHwFlags=0
D/HwPhoneWindowManager( 1239): HwPhoneWindowManager has intercept Key : 3, isdown : false, flags : 72
D/WindowManager( 1239): interceptKeyBeforeQueueing: key 3 , result : 1
D/KeyEvent( 1239): obtain, mHwFlags=-1645114328
W/qdhwcomposer(  367): eglGpuPerfHintQCOM failed for Built in display
V/AudioManager( 2125): querySoundEffectsEnabled...
I/ActivityManager( 1239): resolve info: ResolveInfo{b20d9d4 com.globe3.tno.g3_lite_mobile/.activities.DashBoardActivity m=0x0 euid=0}, euid: 0
I/ActivityManager( 1239): START u0 {cmp=com.globe3.tno.g3_lite_mobile/.activities.DashBoardActivity} from uid 10445 on display 0
I/ActivityManager( 1239): ActivityRecord info: ActivityInfo{add31d9 com.globe3.tno.g3_lite_mobile.activities.DashBoardActivity}, euid=0
W/qdhwcomposer(  367): eglGpuPerfHintQCOM failed for Built in display
W/ActivityManager( 1239): Activity start request from 10445 stopped
W/qdhwcomposer(  367): eglGpuPerfHintQCOM failed for Built in display
I/ActivityManager( 1239): resolve info: ResolveInfo{d53877d com.teslacoilsw.launcher/.NovaLauncher m=0x108000 euid=0}, euid: 0
I/ActivityManager( 1239): START u0 {act=android.intent.action.MAIN cat=[android.intent.category.HOME] flg=0x10200200 cmp=com.teslacoilsw.launcher/.NovaLauncher (has extras)} from uid 1000 on display 0
I/ActivityManager( 1239): ActivityRecord info: ActivityInfo{77028db com.teslacoilsw.launcher.NovaLauncher}, euid=0
V/HwWindowManagerService( 1239): moveTaskToTop mTaskChanged:true
V/HwWindowManagerService( 1239): moveTaskToTop mTaskChanged:true
V/HwWindowManagerService( 1239): setFocusedApp update app ops, mTaskChanged set to:false
I/HwWindowManagerService( 1239): this win:Window{91224ec u0 com.facebook.orca} hase children size:0
I/HwWindowManagerService( 1239): this win:Window{bdb334a u0 com.facebook.orca} hase children size:0
I/HwWindowManagerService( 1239): this win:Window{672a3d8 u0 com.facebook.orca} hase children size:0
I/HwWindowManagerService( 1239): this win:Window{e213a16 u0 com.facebook.orca} hase children size:0
I/HwWindowManagerService( 1239): this win:Window{ffd75ee u0 com.facebook.orca} hase children size:0
W/qdhwcomposer(  367): eglGpuPerfHintQCOM failed for Built in display
V/HwWindowManagerService( 1239): moveTaskToTop mTaskChanged:true
V/HwWindowManagerService( 1239): setFocusedApp update app ops, mTaskChanged set to:false
W/qdhwcomposer(  367): eglGpuPerfHintQCOM failed for Built in display
I/HwWindowManagerService( 1239): this win:Window{91224ec u0 com.facebook.orca} hase children size:0
I/HwWindowManagerService( 1239): this win:Window{bdb334a u0 com.facebook.orca} hase children size:0
I/HwWindowManagerService( 1239): this win:Window{672a3d8 u0 com.facebook.orca} hase children size:0
I/HwWindowManagerService( 1239): this win:Window{e213a16 u0 com.facebook.orca} hase children size:0
I/HwWindowManagerService( 1239): this win:Window{ffd75ee u0 com.facebook.orca} hase children size:0
I/art     ( 2125): Explicit concurrent mark sweep GC freed 23282(1603KB) AllocSpace objects, 24(19MB) LOS objects, 30% free, 35MB/51MB, paused 1.696ms total 100.184ms
W/qdhwcomposer(  367): eglGpuPerfHintQCOM failed for Built in display
I/art     ( 2125): Starting a blocking GC Explicit
W/qdhwcomposer(  367): eglGpuPerfHintQCOM failed for Built in display
W/qdhwcomposer(  367): eglGpuPerfHintQCOM failed for Built in display
W/qdhwcomposer(  367): eglGpuPerfHintQCOM failed for Built in display
I/art     ( 2125): Explicit concurrent mark sweep GC freed 2838(205KB) AllocSpace objects, 4(288KB) LOS objects, 31% free, 35MB/51MB, paused 832us total 52.367ms
W/qdhwcomposer(  367): eglGpuPerfHintQCOM failed for Built in display
D/DnsProxyListener(  399): GetAddrInfoHandler: getaddrinfo failed! count = 1906
W/qdhwcomposer(  367): eglGpuPerfHintQCOM failed for Built in display
W/qdhwcomposer(  367): eglGpuPerfHintQCOM failed for Built in display
W/qdhwcomposer(  367): eglGpuPerfHintQCOM failed for Built in display
W/qdhwcomposer(  367): eglGpuPerfHintQCOM failed for Built in display
W/qdhwcomposer(  367): eglGpuPerfHintQCOM failed for Built in display
W/qdhwcomposer(  367): eglGpuPerfHintQCOM failed for Built in display
I/HwSecImmHelper( 2783): mSecurityInputMethodService is null
I/HwSecImmHelper( 2783): mSecurityInputMethodService is null
I/HwSecImmHelper( 2783): mSecurityInputMethodService is null
I/HwSecImmHelper( 2783): mSecurityInputMethodService is null
W/InputMethodManagerService( 1239): Window already focused, ignoring focus gain of: com.android.internal.view.IInputMethodClient$Stub$Proxy@d4a07be attribute=null, token = android.os.BinderProxy@4f8f87f
W/qdhwcomposer(  367): eglGpuPerfHintQCOM failed for Built in display
D/HwNotificationHelper( 2125): process: notification=StatusBarNotification(pkg=com.freevpn.vpn_master user=UserHandle{0} id=1 tag=null score=0 key=0|com.freevpn.vpn_master|1|null|10037: Notification(pri=0 contentView=com.freevpn.vpn_master/0x1090084 vibrate=null sound=null defaults=0x0 flags=0x6a color=0x00000000 vis=PRIVATE)), when=Mon Feb 27 11:37:32 GMT+07:00 2017
D/NotificationIconHelper( 2125): isCloneProcess, pid = 28264
D/StatusBar( 2125): onNotificationPosted  sbn_name = com.freevpn.vpn_master sbn_key = 0|com.freevpn.vpn_master|1|null|10037 ,sbn_id = 1, headsUp.getKey()null
D/NotificationIconHelper( 2125): largeIcon is not null
D/NotificationIconHelper( 2125): isCloneProcess, pid = 28264
I/HwSecImmHelper( 2783): mSecurityInputMethodService is null
W/OpenGLRenderer( 2783): Incorrectly called buildLayer on View: method, destroying layer...
W/HwRecentsHorizontalPanelView( 2125): Memory text is not valid,can not split to double text 
D/KeyEvent( 1239): obtain, mHwFlags=0
D/HwPhoneWindowManager( 1239): HwPhoneWindowManager has intercept Key : 3, isdown : true, flags : 72
D/WindowManager( 1239): interceptKeyBeforeQueueing: key 3 , result : 1
D/KeyEvent( 1239): obtain, mHwFlags=-1645114328
W/qdhwcomposer(  367): eglGpuPerfHintQCOM failed for Built in display
D/WifiStateMachine( 1239): starting scan for "Globe3ERP_FPT"WPA_PSK with 2437
D/WifiHW  ( 1239): wifi_send_command: cmd:'IFNAME=wlan0 SCAN TYPE=ONLY freq=2437'
D/wpa_supplicant(10663): wlan0: Control interface command 'SCAN TYPE=ONLY freq=2437'
D/wpa_supplicant(10663): wlan0: Setting scan request: 0.000000 sec
D/wpa_supplicant(10663): CTRL-DEBUG: global_ctrl_sock-sendto: sock=16 sndbuf=212992 outq=0 send_len=3
D/wpa_supplicant(10663): Scan SSID - hexdump(len=11): 4b 61 72 61 6f 6b 65 20 56 49 50
D/wpa_supplicant(10663): wlan0: Starting AP scan for wildcard SSID
D/wpa_supplicant(10663): wlan0: Limit manual scan to specified channels
D/wpa_supplicant(10663): wlan0: Add radio work 'scan'@0x558a4df0c0
D/wpa_supplicant(10663): wlan0: First radio work item in the queue - schedule start immediately
D/wpa_supplicant(10663): wlan0: Starting radio work 'scan'@0x558a4df0c0 after 0.000044 second wait
D/wpa_supplicant(10663): wlan0: nl80211: scan request
D/wpa_supplicant(10663): Scan requested (ret=0) - scan timeout 30 seconds
D/wpa_supplicant(10663): nl80211: Drv Event 33 (NL80211_CMD_TRIGGER_SCAN) received for wlan0
D/wpa_supplicant(10663): wlan0: nl80211: Scan trigger
D/wpa_supplicant(10663): wlan0: Event SCAN_STARTED (47) received
D/wpa_supplicant(10663): wlan0: Own scan request started a scan in 0.000103 seconds
