V/BoostFramework( 1399): BoostFramework() : mPerf = com.qualcomm.qti.Performance@85c95ef
D/CubicBezierInterpolator( 1399): CubicBezierInterpolator  mControlPoint1x = 0.15, mControlPoint1y = 0.7, mControlPoint2x = 0.2, mControlPoint2y = 0.98
D/CubicBezierInterpolator( 1399): CubicBezierInterpolator  mControlPoint1x = 0.6, mControlPoint1y = 0.9, mControlPoint2x = 0.8, mControlPoint2y = 1.0
V/BoostFramework( 1399): BoostFramework() : mPerf = com.qualcomm.qti.Performance@af4d8fc
D/CubicBezierInterpolator( 1399): CubicBezierInterpolator  mControlPoint1x = 0.15, mControlPoint1y = 0.7, mControlPoint2x = 0.2, mControlPoint2y = 0.98
D/CubicBezierInterpolator( 1399): CubicBezierInterpolator  mControlPoint1x = 0.6, mControlPoint1y = 0.9, mControlPoint2x = 0.8, mControlPoint2y = 1.0
V/BoostFramework( 1399): BoostFramework() : mPerf = com.qualcomm.qti.Performance@3455b85
D/CubicBezierInterpolator( 1399): CubicBezierInterpolator  mControlPoint1x = 0.15, mControlPoint1y = 0.7, mControlPoint2x = 0.2, mControlPoint2y = 0.98
D/CubicBezierInterpolator( 1399): CubicBezierInterpolator  mControlPoint1x = 0.6, mControlPoint1y = 0.9, mControlPoint2x = 0.8, mControlPoint2y = 1.0
V/BoostFramework( 1399): BoostFramework() : mPerf = com.qualcomm.qti.Performance@7fb53e7
D/CubicBezierInterpolator( 1399): CubicBezierInterpolator  mControlPoint1x = 0.15, mControlPoint1y = 0.7, mControlPoint2x = 0.2, mControlPoint2y = 0.98
D/CubicBezierInterpolator( 1399): CubicBezierInterpolator  mControlPoint1x = 0.6, mControlPoint1y = 0.9, mControlPoint2x = 0.8, mControlPoint2y = 1.0
V/BoostFramework( 1399): BoostFramework() : mPerf = com.qualcomm.qti.Performance@53d4b94
D/CubicBezierInterpolator( 1399): CubicBezierInterpolator  mControlPoint1x = 0.15, mControlPoint1y = 0.7, mControlPoint2x = 0.2, mControlPoint2y = 0.98
D/CubicBezierInterpolator( 1399): CubicBezierInterpolator  mControlPoint1x = 0.6, mControlPoint1y = 0.9, mControlPoint2x = 0.8, mControlPoint2y = 1.0
V/BoostFramework( 1399): BoostFramework() : mPerf = com.qualcomm.qti.Performance@51f1e32
D/CubicBezierInterpolator( 1399): CubicBezierInterpolator  mControlPoint1x = 0.15, mControlPoint1y = 0.7, mControlPoint2x = 0.2, mControlPoint2y = 0.98
D/CubicBezierInterpolator( 1399): CubicBezierInterpolator  mControlPoint1x = 0.6, mControlPoint1y = 0.9, mControlPoint2x = 0.8, mControlPoint2y = 1.0
V/BoostFramework( 1399): BoostFramework() : mPerf = com.qualcomm.qti.Performance@61f4783
D/CubicBezierInterpolator( 1399): CubicBezierInterpolator  mControlPoint1x = 0.15, mControlPoint1y = 0.7, mControlPoint2x = 0.2, mControlPoint2y = 0.98
D/CubicBezierInterpolator( 1399): CubicBezierInterpolator  mControlPoint1x = 0.6, mControlPoint1y = 0.9, mControlPoint2x = 0.8, mControlPoint2y = 1.0
V/BoostFramework( 1399): BoostFramework() : mPerf = com.qualcomm.qti.Performance@56d2ff5
D/CubicBezierInterpolator( 1399): CubicBezierInterpolator  mControlPoint1x = 0.15, mControlPoint1y = 0.7, mControlPoint2x = 0.2, mControlPoint2y = 0.98
D/CubicBezierInterpolator( 1399): CubicBezierInterpolator  mControlPoint1x = 0.6, mControlPoint1y = 0.9, mControlPoint2x = 0.8, mControlPoint2y = 1.0
V/BoostFramework( 1399): BoostFramework() : mPerf = com.qualcomm.qti.Performance@98418a
D/BaseActivity( 1399): onCreate()
D/BaseActivity( 1399): layout_main gone!
D/BaseActivity( 1399): doInBackground()
D/PhoneStatusBar( 2125): setSystemUiVisibility vis=8700 mask=ffffffff oldVal=8600 newVal=8700 diff=100
D/PhoneStatusBar( 2125): sbMode=-1, nbMode=-1mStatusBarMode=5, mNavigationBarMode=5
D/BarTransitions.PhoneStatusBarView( 2125): MODE_TRANSPARENT -> MODE_TRANSPARENT animate=false
D/BarTransitions.NavigationBarView( 2125): MODE_TRANSPARENT -> MODE_TRANSPARENT animate=false
D/TintManager( 2125): updateBarTint
D/BaseActivity( 1399): onPostExecute()
D/BaseActivity( 1399): onActivityReady()
D/DnsProxyListener(  399): GetAddrInfoHandler: getaddrinfo failed! count = 1935
D/HwNotificationHelper( 2125): process: notification=StatusBarNotification(pkg=com.freevpn.vpn_master user=UserHandle{0} id=1 tag=null score=0 key=0|com.freevpn.vpn_master|1|null|10037: Notification(pri=0 contentView=com.freevpn.vpn_master/0x1090084 vibrate=null sound=null defaults=0x0 flags=0x6a color=0x00000000 vis=PRIVATE)), when=Mon Feb 27 11:37:32 GMT+07:00 2017
D/NotificationIconHelper( 2125): isCloneProcess, pid = 28264
V/AlarmManager( 1239): set(PendingIntent{28d09f2: PendingIntentRecord{6d61f06 com.instagram.android broadcastIntent}}) : type=2 triggerAtTime=222516859 win=0 tElapsed=222516859 maxElapsed=222516859 interval=0 flags=0xd
D/StatusBar( 2125): onNotificationPosted  sbn_name = com.freevpn.vpn_master sbn_key = 0|com.freevpn.vpn_master|1|null|10037 ,sbn_id = 1, headsUp.getKey()null
D/NotificationIconHelper( 2125): largeIcon is not null
D/NotificationIconHelper( 2125): isCloneProcess, pid = 28264
I/SendBroadcastPermission( 1102): action:com.facebook.messages.ipc.peersPROD, mPermissionType:0
I/ActivityManager( 1239): collectReceiverComponents for intent: Intent { act=com.facebook.messages.ipc.peersPROD flg=0x10 (has extras) }, receivers: null
D/HwArpVerifier( 1239): performPollAndLog:
D/hw_netstat( 1239): total/1219/1096,com.freevpn.vpn_master/1096/1096,unknown:0/123/0
I/MSM-irqbalance(  483): Decided to move IRQ240 from CPU4 to CPU6
I/HwSecImmHelper( 1399): mSecurityInputMethodService is null
I/HwSecImmHelper( 1399): mSecurityInputMethodService is null
D/CubicBezierInterpolator( 1239): CubicBezierInterpolator  mControlPoint1x = 0.1, mControlPoint1y = 0.05, mControlPoint2x = 0.1, mControlPoint2y = 1.0
D/CubicBezierInterpolator( 1239): CubicBezierInterpolator  mControlPoint1x = 0.1, mControlPoint1y = 0.05, mControlPoint2x = 0.1, mControlPoint2y = 1.0
D/CubicBezierInterpolator( 1239): CubicBezierInterpolator  mControlPoint1x = 0.1, mControlPoint1y = 0.05, mControlPoint2x = 0.1, mControlPoint2y = 1.0
I/ActivityManager( 1239): Displayed com.globe3.tno.g3_lite_mobile/.activities.DashBoardActivity: +691ms (total +23s285ms)
D/PhoneStatusBar/NavigationBarView( 2125): setDisabledFlags home button, disableHome:false,disableSearch:false
D/BarTransitions.PhoneStatusBarView( 2125): MODE_TRANSPARENT -> MODE_TRANSPARENT animate=false
D/BarTransitions.NavigationBarView( 2125): MODE_TRANSPARENT -> MODE_TRANSPARENT animate=false
D/TintManager( 2125): updateBarTint
D/StatusBar( 2125): onNotificationRemoved: StatusBarNotification(pkg=android user=UserHandle{-1} id=17040355 tag=null score=0 key=-1|android|17040355|null|1000: Notification(pri=0 contentView=null vibrate=null sound=null defaults=0x0 flags=0x2 color=0xff060059 category=sys vis=PRIVATE))
D/HwNotificationHelper( 2125): removeNotificationReq: key=-1|android|17040355|null|1000
W/PGApi_client( 2737): recv actoionId = 10006, action = com.huawei.pgmng.PGAction@fa3e298 actionId =10006 pkg =null extend1 =50067 extend2 = flag =2 type =1
I/MsgPolicyThreshold( 2737): setThreshold,value:-1,actionId:208
I/MsgPolicyThreshold( 2737): write ok
W/qdhwcomposer(  367): eglGpuPerfHintQCOM failed for Built in display
D/StatusBar( 2125): onNotificationRemoved  sbn_name = androidsbn_key = -1|android|17040355|null|1000   sbn_id = 17040355
D/PhoneStatusBar( 2125): removeNotification key=-1|android|17040355|null|1000 old=StatusBarNotification(pkg=android user=UserHandle{-1} id=17040355 tag=null score=0 key=-1|android|17040355|null|1000: Notification(pri=0 contentView=android/0x1090084 vibrate=null sound=null defaults=0x0 flags=0x2 color=0xff060059 category=sys vis=PRIVATE))
W/qdhwcomposer(  367): eglGpuPerfHintQCOM failed for Built in display
W/qdhwcomposer(  367): eglGpuPerfHintQCOM failed for Built in display
I/HwMtmBroadcastResourceManager( 1239): removeReceiver mtm Broadcast
W/qdhwcomposer(  367): eglGpuPerfHintQCOM failed for Built in display
D/CubicBezierInterpolator( 1239): CubicBezierInterpolator  mControlPoint1x = 0.4, mControlPoint1y = 0.7, mControlPoint2x = 0.65, mControlPoint2y = 1.0
W/qdhwcomposer(  367): eglGpuPerfHintQCOM failed for Built in display
W/qdhwcomposer(  367): eglGpuPerfHintQCOM failed for Built in display
W/qdhwcomposer(  367): eglGpuPerfHintQCOM failed for Built in display
W/qdhwcomposer(  367): eglGpuPerfHintQCOM failed for Built in display
D/WifiHW  ( 1239): wifi_send_command: cmd:'IFNAME=wlan0 SIGNAL_POLL'
D/wpa_supplicant(10663): wlan0: Control interface command 'SIGNAL_POLL'
W/qdhwcomposer(  367): eglGpuPerfHintQCOM failed for Built in display
E/wpa_supplicant(10663): RSSI=-43;LINKSPEED=72;NOISE=9999;FREQUENCY=2437;
D/wpa_supplicant(10663): CTRL-DEBUG: global_ctrl_sock-sendto: sock=16 sndbuf=212992 outq=0 send_len=48
E/WifiConfigStore( 1239): updateConfiguration freq=2437 BSSID=00:1d:aa:87:96:b0 RSSI=-43 "Globe3ERP_FPT"WPA_PSK
W/qdhwcomposer(  367): eglGpuPerfHintQCOM failed for Built in display
W/qdhwcomposer(  367): eglGpuPerfHintQCOM failed for Built in display
W/qdhwcomposer(  367): eglGpuPerfHintQCOM failed for Built in display
W/qdhwcomposer(  367): eglGpuPerfHintQCOM failed for Built in display
W/qdhwcomposer(  367): eglGpuPerfHintQCOM failed for Built in display
W/qdhwcomposer(  367): eglGpuPerfHintQCOM failed for Built in display
W/qdhwcomposer(  367): eglGpuPerfHintQCOM failed for Built in display
W/qdhwcomposer(  367): eglGpuPerfHintQCOM failed for Built in display
D/WifiStateMachine( 1239): starting scan for "Globe3ERP_FPT"WPA_PSK with 2437
D/WifiHW  ( 1239): wifi_send_command: cmd:'IFNAME=wlan0 SCAN TYPE=ONLY freq=2437'
D/wpa_supplicant(10663): wlan0: Control interface command 'SCAN TYPE=ONLY freq=2437'
D/wpa_supplicant(10663): wlan0: Setting scan request: 0.000000 sec
D/wpa_supplicant(10663): CTRL-DEBUG: global_ctrl_sock-sendto: sock=16 sndbuf=212992 outq=0 send_len=3
D/wpa_supplicant(10663): Scan SSID - hexdump(len=11): 4b 61 72 61 6f 6b 65 20 56 49 50
D/wpa_supplicant(10663): wlan0: Starting AP scan for wildcard SSID
D/wpa_supplicant(10663): wlan0: Limit manual scan to specified channels
D/wpa_supplicant(10663): wlan0: Add radio work 'scan'@0x558a4df0c0
D/wpa_supplicant(10663): wlan0: First radio work item in the queue - schedule start immediately
D/wpa_supplicant(10663): wlan0: Starting radio work 'scan'@0x558a4df0c0 after 0.000095 second wait
D/wpa_supplicant(10663): wlan0: nl80211: scan request
D/wpa_supplicant(10663): Scan requested (ret=0) - scan timeout 30 seconds
D/wpa_supplicant(10663): nl80211: Drv Event 33 (NL80211_CMD_TRIGGER_SCAN) received for wlan0
D/wpa_supplicant(10663): wlan0: nl80211: Scan trigger
D/wpa_supplicant(10663): wlan0: Event SCAN_STARTED (47) received
D/wpa_supplicant(10663): wlan0: Own scan request started a scan in 0.000144 seconds
D/wpa_supplicant(10663): CTRL-DEBUG: ctrl_sock-sendmsg: sock=16 sndbuf=212992 outq=768 send_len=24
V/AudioManager( 1399): playSoundEffect   effectType: 0
V/AudioManager( 1399): querySoundEffectsEnabled...
I/HwSecImmHelper( 1399): mSecurityInputMethodService is null
I/HwSecImmHelper( 1399): mSecurityInputMethodService is null
D/wpa_supplicant(10663): nl80211: Drv Event 34 (NL80211_CMD_NEW_SCAN_RESULTS) received for wlan0
D/wpa_supplicant(10663): wlan0: nl80211: New scan results available
D/wpa_supplicant(10663): nl80211: Scan probed for SSID 'Karaoke VIP'
D/wpa_supplicant(10663): nl80211: Scan probed for SSID ''
D/wpa_supplicant(10663): nl80211: Scan included frequencies: 2437
D/wpa_supplicant(10663): wlan0: Event SCAN_RESULTS (3) received
D/wpa_supplicant(10663): wlan0: Scan completed in 0.078533 seconds
D/wpa_supplicant(10663): nl80211: Associated on 2437 MHz
D/wpa_supplicant(10663): nl80211: Associated with 00:1d:aa:87:96:b0
D/wpa_supplicant(10663): nl80211: Received scan results (2 BSSes)
D/wpa_supplicant(10663): nl80211: Scan results indicate BSS status with 00:1d:aa:87:96:b0 as associated
D/wpa_supplicant(10663): wlan0: BSS: Start scan result update 696
D/wpa_supplicant(10663): BSS: last_scan_res_used=2/64
D/wpa_supplicant(10663): wlan0: Scan-only results received
D/wpa_supplicant(10663): CTRL-DEBUG: ctrl_sock-sendmsg: sock=16 sndbuf=212992 outq=0 send_len=24
D/wpa_supplicant(10663): wlan0: Radio work 'scan'@0x558a4df0c0 done in 0.080720 seconds
E/wpa_supplicant(10663): bssid=00:1d:aa:87:96:b0;freq=2437;level=-42;flags=43;ssid=Globe3ERP_FPT;
E/wpa_supplicant(10663): bssid=a4:2b:b0:a5:64:30;freq=2462;level=-66;flags=11;ssid=M2;
E/wpa_supplicant(10663): bssid=a2:2b:b0:a5:64:30;freq=2462;level=-66;flags=11;ssid=M3;
E/wpa_supplicant(10663): bssid=bc:67:1c:41:d0:75;freq=2437;level=-72;flags=11;ssid=NORMALamp;
D/wpa_supplicant(10663): CTRL-DEBUG: global_ctrl_sock-sendto: sock=16 sndbuf=212992 outq=0 send_len=2919
I/HwSecImmHelper( 1399): mSecurityInputMethodService is null
I/HwSecImmHelper( 1399): mSecurityInputMethodService is null
W/ActivityManager( 1239): getTasks: caller 10135 does not hold REAL_GET_TASKS; limiting output
I/SendBroadcastPermission( 1239): action:android.intent.action.SIG_STR, mPermissionType:0
I/MQoS    ( 1239): onSignal: mSubId=1,currDataSubID=1
I/MQoS    ( 1239): received cell-signal:5
D/NetworkController.MobileSignalController(1)( 2125): mSimSubId:1 onSignalStrengthsChanged signalStrength=SignalStrength: -1 0 -65 -12 -1 255 -1 255 255 99 2147483647 2147483647 2147483647 2147483647 false gw|lte level=4
D/NetworkController.MobileSignalController(1)( 2125):  mDataNetType:10 indexOfkey:9 iconGroup.mName:H roaming:false
I/ActivityManager( 1239): collectReceiverComponents for intent: Intent { act=android.intent.action.SIG_STR flg=0x20000010 (has extras) }, receivers: null
I/HwCustMobileSignalControllerImpl( 2125): subId:1 phoneType:1 networktype:10 targetClass:2 masterLevel:4 slaveLevel:-1
D/WifiHW  ( 1239): wifi_send_command: cmd:'IFNAME=wlan0 SIGNAL_POLL'
D/wpa_supplicant(10663): wlan0: Control interface command 'SIGNAL_POLL'
E/wpa_supplicant(10663): RSSI=-44;LINKSPEED=72;NOISE=9999;FREQUENCY=2437;
D/wpa_supplicant(10663): CTRL-DEBUG: global_ctrl_sock-sendto: sock=16 sndbuf=212992 outq=0 send_len=48
E/WifiConfigStore( 1239): updateConfiguration freq=2437 BSSID=00:1d:aa:87:96:b0 RSSI=-43 "Globe3ERP_FPT"WPA_PSK
I/SendBroadcastPermission( 1102): action:com.facebook.common.appstate.peers, mPermissionType:0
I/ActivityManager( 1239): collectReceiverComponents for intent: Intent { act=com.facebook.common.appstate.peers flg=0x10 pkg=com.facebook.katana (has extras) }, receivers: null
D/HwArpVerifier( 1239): check_wifi_state_mode = 0 mCheckStateToken=340 token340
D/HwArpVerifier( 1239): doArp() arpnum:1, minResponse:1, timeout:1000
D/wifiserviceimpl( 1239): netmask =16777215
D/HwArpVerifier( 1239): ARP wlan0,addr: /192.168.1.32
D/HwArpVerifier( 1239): ARP test result: 1/1
D/HwArpVerifier( 1239): from HEART_CHECK transmit to state:HEART_CHECK
D/HwArpVerifier( 1239): msg what=124 arg1(token)=340 arg2(mode)=0 delay=30000
D/HwArpVerifier( 1239): performPollAndLog:
D/hw_netstat( 1239): total/40/1055,com.facebook.katana/40/1055
I/MSM-irqbalance(  483): Decided to move IRQ131 from CPU4 to CPU6
I/SendBroadcastPermission( 1239): action:android.intent.action.SIG_STR, mPermissionType:0
I/MQoS    ( 1239): onSignal: mSubId=0,currDataSubID=1
I/MQoS    ( 1239): received cell-signal:5
D/NetworkController.MobileSignalController(0)( 2125): mSimSubId:0 onSignalStrengthsChanged signalStrength=SignalStrength: -67 0 -1 255 -1 255 -1 255 255 99 2147483647 2147483647 2147483647 2147483647 false gw|lte level=4
D/NetworkController.MobileSignalController(0)( 2125):  mDataNetType:0 indexOfkey:0 iconGroup.mName:Unknown roaming:false
I/HwCustMobileSignalControllerImpl( 2125): subId:0 phoneType:1 networktype:16 targetClass:1 masterLevel:4 slaveLevel:-1
I/ActivityManager( 1239): collectReceiverComponents for intent: Intent { act=android.intent.action.SIG_STR flg=0x20000010 (has extras) }, receivers: null
D/WifiHW  ( 1239): wifi_send_command: cmd:'IFNAME=wlan0 SIGNAL_POLL'
D/wpa_supplicant(10663): wlan0: Control interface command 'SIGNAL_POLL'
E/wpa_supplicant(10663): RSSI=-44;LINKSPEED=72;NOISE=9999;FREQUENCY=2437;
D/wpa_supplicant(10663): CTRL-DEBUG: global_ctrl_sock-sendto: sock=16 sndbuf=212992 outq=0 send_len=48
E/WifiConfigStore( 1239): updateConfiguration freq=2437 BSSID=00:1d:aa:87:96:b0 RSSI=-43 "Globe3ERP_FPT"WPA_PSK
I/SendBroadcastPermission( 1102): action:messenger_diode_badge_sync_action, mPermissionType:0
I/ActivityManager( 1239): collectReceiverComponents for intent: Intent { act=messenger_diode_badge_sync_action flg=0x10 (has extras) }, receivers: null
I/SendBroadcastPermission( 1296): action:com.facebook.messages.ipc.peersPROD, mPermissionType:0
I/ActivityManager( 1239): collectReceiverComponents for intent: Intent { act=com.facebook.messages.ipc.peersPROD flg=0x10 (has extras) }, receivers: null
W/ActivityManager( 1239): getTasks: caller 10135 does not hold REAL_GET_TASKS; limiting output
V/AudioManager( 1399): playSoundEffect   effectType: 0
V/AudioManager( 1399): querySoundEffectsEnabled...
I/ActivityManager( 1239): resolve info: ResolveInfo{da706ec com.globe3.tno.g3_lite_mobile/.activities.FaceActivity m=0x0 euid=0}, euid: 0
I/ActivityManager( 1239): START u0 {cmp=com.globe3.tno.g3_lite_mobile/.activities.FaceActivity (has extras)} from uid 10445 on display 0
I/ActivityManager( 1239): ActivityRecord info: ActivityInfo{a0b0ee4 com.globe3.tno.g3_lite_mobile.activities.RegisterAndVerifyFaceActivity}, euid=0
V/HwWindowManagerService( 1239): moveTaskToTop mTaskChanged:true
V/HwWindowManagerService( 1239): moveTaskToTop mTaskChanged:true
V/HwWindowManagerService( 1239): setFocusedApp update app ops, mTaskChanged set to:false
I/ActivityManager( 1239): launch r: ActivityRecord{ac20ab5 u0 com.globe3.tno.g3_lite_mobile/.activities.FaceActivity t2277}, uid = 10445, r.info.applicationInfo.euid  = 0
V/SMCSAMSHelper( 1239): SMCSAMSHelper.addSTPEvent: cost 0 ms end.
V/SMCSAMSHelper( 1239): SMCSAMSHelper.smartTrimProcessPackageResume: cost time 0 ms end.
V/ActivityThread( 1399): ActivityThread,callActivityOnCreate
D/BaseActivity( 1399): onCreate()
D/AndroidRuntime( 1399): Shutting down VM
E/AndroidRuntime( 1399): FATAL EXCEPTION: main
E/AndroidRuntime( 1399): Process: com.globe3.tno.g3_lite_mobile, PID: 1399
E/AndroidRuntime( 1399): java.lang.RuntimeException: Unable to start activity ComponentInfo{com.globe3.tno.g3_lite_mobile/com.globe3.tno.g3_lite_mobile.activities.RegisterAndVerifyFaceActivity}: java.lang.NullPointerException: Attempt to invoke virtual method 'void android.widget.RelativeLayout.setVisibility(int)' on a null object reference
E/AndroidRuntime( 1399): 	at android.app.ActivityThread.performLaunchActivity(ActivityThread.java:2451)
E/AndroidRuntime( 1399): 	at android.app.ActivityThread.handleLaunchActivity(ActivityThread.java:2511)
E/AndroidRuntime( 1399): 	at android.app.ActivityThread.access$900(ActivityThread.java:165)
E/AndroidRuntime( 1399): 	at android.app.ActivityThread$H.handleMessage(ActivityThread.java:1375)
E/AndroidRuntime( 1399): 	at android.os.Handler.dispatchMessage(Handler.java:102)
E/AndroidRuntime( 1399): 	at android.os.Looper.loop(Looper.java:150)
E/AndroidRuntime( 1399): 	at android.app.ActivityThread.main(ActivityThread.java:5621)
E/AndroidRuntime( 1399): 	at java.lang.reflect.Method.invoke(Native Method)
E/AndroidRuntime( 1399): 	at com.android.internal.os.ZygoteInit$MethodAndArgsCaller.run(ZygoteInit.java:794)
E/AndroidRuntime( 1399): 	at com.android.internal.os.ZygoteInit.main(ZygoteInit.java:684)
E/AndroidRuntime( 1399): Caused by: java.lang.NullPointerException: Attempt to invoke virtual method 'void android.widget.RelativeLayout.setVisibility(int)' on a null object reference
E/AndroidRuntime( 1399): 	at com.globe3.tno.g3_lite_mobile.activities.BaseActivity$LoaderTask.onPreExecute(BaseActivity.java:56)
E/AndroidRuntime( 1399): 	at android.os.AsyncTask.executeOnExecutor(AsyncTask.java:616)
E/AndroidRuntime( 1399): 	at android.os.AsyncTask.execute(AsyncTask.java:563)
E/AndroidRuntime( 1399): 	at com.globe3.tno.g3_lite_mobile.activities.BaseActivity.onCreate(BaseActivity.java:38)
E/AndroidRuntime( 1399): 	at com.globe3.tno.g3_lite_mobile.activities.RegisterAndVerifyFaceActivity.onCreate(FaceActivity.java:22)
E/AndroidRuntime( 1399): 	at android.app.Activity.performCreate(Activity.java:6367)
E/AndroidRuntime( 1399): 	at android.app.Instrumentation.callActivityOnCreate(Instrumentation.java:1110)
E/AndroidRuntime( 1399): 	at android.app.ActivityThread.performLaunchActivity(ActivityThread.java:2404)
E/AndroidRuntime( 1399): 	... 9 more
W/ActivityManager( 1239):   Force finishing activity com.globe3.tno.g3_lite_mobile/.activities.FaceActivity
I/logserver(  464): handle_logfile_events, Object Path:/data/system/dropbox/, mask=0x00000080
I/logserver(  464): process_one_event, event->len=48, name=data_app_crash@1488170501717.txt
I/logserver(  464): find_first_match: find match, plogs(type=1, pfile=/data/system/dropbox/, match=app_crash)
I/SendBroadcastPermission( 1239): action:android.intent.action.DROPBOX_ENTRY_ADDED, mPermissionType:0
V/HwWindowManagerService( 1239): moveTaskToTop mTaskChanged:true
I/logserver(  464): is_all_ready, any file is ready in non-keyfile exception.
V/HwWindowManagerService( 1239): setFocusedApp update app ops, mTaskChanged set to:false
I/logserver(  464): extract_appname, forward search, appname=com.globe3.tno.g3_lite_mobile
I/logserver(  464): archive_and_send, pos=0, type=crash, output=20170227114141_crash
I/logserver(  464): ---copy_match_files enter!!--
I/logserver(  464): [copy_match_files,864]: copy [/data/system/dropbox/data_app_crash@1488170501717.txt] to [/data/log/logcache/-148981456/data_app_crash@1488170501717.txt]
I/logserver(  464): get_fault_appname, appname=com.globe3.tno.g3_lite_mobile
I/logserver(  464): handle_archive_exception, BASIC_MODE
W/ActivityManager( 1239):   Force finishing activity com.globe3.tno.g3_lite_mobile/.activities.DashBoardActivity
I/logserver(  464): remove_last_modify_file, into 1 times, file_dir:
I/logserver(  464): remove_last_modify_file, into 1 times, file_dir:
I/logserver(  464): remove_last_modify_file:1523, system(rm -r "/data/log/unzip/RIO-L01_RIO-L01C636B320CUSTC636D003_0000000000_20170227111902_crash")
V/HwWindowManagerService( 1239): moveTaskToTop mTaskChanged:true
V/HwWindowManagerService( 1239): setFocusedApp update app ops, mTaskChanged set to:false
W/System.err( 1239): java.lang.NullPointerException: Attempt to invoke virtual method 'int com.huawei.lcagent.client.LogCollectManager.getUserType()' on a null object reference
W/System.err( 1239): 	at com.android.server.util.ReportTools.getUserType(ReportTools.java:86)
W/System.err( 1239): 	at com.android.server.util.ReportTools.isBetaUser(ReportTools.java:73)
W/System.err( 1239): 	at com.android.server.util.ReportTools.report(ReportTools.java:58)
W/System.err( 1239): 	at com.android.server.util.HwUserBehaviourRecord.appExitRecord(HwUserBehaviourRecord.java:65)
W/System.err( 1239): 	at com.android.server.am.ActivityManagerService$UiHandler.handleMessage(ActivityManagerService.java:1570)
W/System.err( 1239): 	at android.os.Handler.dispatchMessage(Handler.java:102)
W/System.err( 1239): 	at android.os.Looper.loop(Looper.java:150)
W/System.err( 1239): 	at android.os.HandlerThread.run(HandlerThread.java:61)
I/ActivityManager( 1239): collectReceiverComponents for intent: Intent { act=android.intent.action.DROPBOX_ENTRY_ADDED flg=0x10 (has extras) }, receivers: [ResolveInfo{c73a5d8 com.google.android.gms/.chimera.GmsIntentOperationService$PersistentTrustedReceiver m=0x108000 euid=0}, ResolveInfo{6d59d31 com.google.android.gms/.stats.service.DropBoxEntryAddedReceiver m=0x108000 euid=0}]
W/System.err( 1239): 	at com.android.server.ServiceThread.run(ServiceThread.java:46)
E/ReportTools( 1239): This is not beta user build
I/Process ( 1399): Sending signal. PID: 1399 SIG: 9
I/PgedBinderListener( 2737): kstate callback type:8 value1=1399 value2=KILLED
I/ActivityManager( 1239): retrieveServiceLocked, callerApp: ProcessRecord{e37e14a 2709:0:com.google.android.gms/u0a7}, flags: 400
I/ActivityManager( 1239): bindServiceLocked, r: ServiceRecord{3bf0c16 u0 euid: 0 com.google.android.gms/.stats.service.DropBoxEntryAddedService}, euid: 0
V/SMCSAMSHelper( 1239): SMCSAMSHelper.addSTPEvent: cost 0 ms end.
V/SMCSAMSHelper( 1239): SMCSAMSHelper.smartTrimAddProcessRelation: cost 0 ms end.
V/SMCSAMSHelper( 1239): SMCSAMSHelper.addSTPEvent: cost 0 ms end.
V/SMCSAMSHelper( 1239): SMCSAMSHelper.smartTrimAddProcessRelation: cost 0 ms end.
I/ActivityManager( 1239): retrieveServiceLocked, callerApp: ProcessRecord{e37e14a 2709:0:com.google.android.gms/u0a7}, flags: 400
I/ActivityManager( 1239): bindServiceLocked, r: ServiceRecord{4e1c169 u0 euid: 0 com.google.android.gms/.lockbox.service.LockboxBrokerService}, euid: 0
I/logserver(  464): get_disk_available_size, Disk_available = 9258700800 B = 8829 MB
I/logserver(  464): pack_files, output_path is /data/log/unzip.
I/logserver(  464): move_input_files, create dir [/data/log/unzip/RIO-L01_RIO-L01C636B320CUSTC636D003_0000000000_20170227114141_crash]
I/logserver(  464): handle_archive_exception, into set notify_type
I/logserver(  464): get_notify_mode, 1
I/logserver(  464): Process 916 opened FIFO(12) for O_WRONLY
I/logserver(  464): notify_logcontrol, 916 sent /data/log/unzip/RIO-L01_RIO-L01C636B320CUSTC636D003_0000000000_20170227114141_crash 
I/logserver(  464): check_dir_size, dir[/data/log/coredump/] doesn't exist
I/logserver(  464): clean_cur_cache:999, system(rm -r /data/log/logcache/-148981456/* > /dev/null 2>&1)
I/logserver(  464): process_event
I/logserver(  464): handle_fifo_msg, read res = 460, client pid = 916, command = send log, data=/data/log/unzip/RIO-L01_RIO-L01C636B320CUSTC636D003_0000000000_20170227114141_crash
I/logserver(  464): handle_fifo_msg, 916 sent /data/log/unzip/RIO-L01_RIO-L01C636B320CUSTC636D003_0000000000_20170227114141_crash 
I/logserver(  464): thread_logcontrol: /data/log/logcontrol has changed.
I/logserver(  464): handle_notify_event, send msg [submit:trigger=0,bugtype=2,modulename=com.globe3.tno.g3_lite_mobile,level=1,testtype=NORMAL,path=/data/log/unzip/RIO-L01_RIO-L01C636B320CUSTC636D003_0000000000_20170227114141_crash,mode=1;]
I/AccountManagerService( 1239): getTypesVisibleToCaller: isPermitted? true
W/InputDispatcher( 1239): channel 'e7d7f41 com.globe3.tno.g3_lite_mobile/com.globe3.tno.g3_lite_mobile.activities.LoginActivity (server)' ~ Consumer closed input channel or an error occurred.  events=0x9
E/InputDispatcher( 1239): channel 'e7d7f41 com.globe3.tno.g3_lite_mobile/com.globe3.tno.g3_lite_mobile.activities.LoginActivity (server)' ~ Channel is unrecoverably broken and will be disposed!
W/InputDispatcher( 1239): channel '21fb8fd com.globe3.tno.g3_lite_mobile/com.globe3.tno.g3_lite_mobile.activities.DashBoardActivity (server)' ~ Consumer closed input channel or an error occurred.  events=0x9
E/InputDispatcher( 1239): channel '21fb8fd com.globe3.tno.g3_lite_mobile/com.globe3.tno.g3_lite_mobile.activities.DashBoardActivity (server)' ~ Channel is unrecoverably broken and will be disposed!
D/GraphicsStats( 1239): Buffer count: 11
I/WindowState( 1239): WIN DEATH: Window{e7d7f41 u0 com.globe3.tno.g3_lite_mobile/com.globe3.tno.g3_lite_mobile.activities.LoginActivity}
W/InputDispatcher( 1239): Attempted to unregister already unregistered input channel 'e7d7f41 com.globe3.tno.g3_lite_mobile/com.globe3.tno.g3_lite_mobile.activities.LoginActivity (server)'
I/ActivityManager( 1239): Process com.globe3.tno.g3_lite_mobile (pid 1399) has died
E/HsmCoreServiceImpl( 1239): onTransact in code is: 102
D/ActivityManager( 1239): cleanUpApplicationRecord -- 1399
I/MediaProcessHandler( 1239): processOp opType: 1, uid: 10445, pid: 1399
I/ActivityManager( 1239): cleanUpApplicationRecordLocked, reset pid: 1399, euid: 0
W/MediaProcessHandler( 1239): remove target not exist, maybe the UI process: uid: 10445, pid: 1399
I/WindowState( 1239): WIN DEATH: Window{21fb8fd u0 com.globe3.tno.g3_lite_mobile/com.globe3.tno.g3_lite_mobile.activities.DashBoardActivity}
W/InputDispatcher( 1239): Attempted to unregister already unregistered input channel '21fb8fd com.globe3.tno.g3_lite_mobile/com.globe3.tno.g3_lite_mobile.activities.DashBoardActivity (server)'
I/ActivityManager( 1239): mService.startProcessLocked for activity: ActivityRecord{308eb0 u0 com.globe3.tno.g3_lite_mobile/.activities.LoginActivity t2277}, appinfo euid: 0
D/ActivityManager( 1239): Clearing bad pkg: com.globe3.tno.g3_lite_mobile
I/ActivityManager( 1239): new Process app=ProcessRecord{baaeaab 0:0:com.globe3.tno.g3_lite_mobile/u0a445}, name: com.globe3.tno.g3_lite_mobile, euid: 0
D/Zygote  ( 2338): CtrlSocket libc.so ctrl_sockets_set_addr pfunc is not exist!
V/BoostFramework( 1239): BoostFramework() : mPerf = com.qualcomm.qti.Performance@6883508
I/ActivityManager( 1239): Start proc 2338:com.globe3.tno.g3_lite_mobile/u0a445 for activity com.globe3.tno.g3_lite_mobile/.activities.LoginActivity
I/art     ( 2338): Late-enabling -Xcheck:jni
D/ActivityThread( 2338): ActivityThread,attachApplication
D/ActivityManager( 1239): ActivityManagerService,attachApplication,callingPid = 2338
V/ActivityManager( 1239): New app record ProcessRecord{baaeaab 2338:0:com.globe3.tno.g3_lite_mobile/u0a445} thread=android.os.BinderProxy@12b8687 pid=2338
I/ActivityManager( 1239): launch r: ActivityRecord{308eb0 u0 com.globe3.tno.g3_lite_mobile/.activities.LoginActivity t2277}, uid = 10445, r.info.applicationInfo.euid  = 0
V/SMCSAMSHelper( 1239): SMCSAMSHelper.addSTPEvent: cost 0 ms end.
V/SMCSAMSHelper( 1239): SMCSAMSHelper.smartTrimProcessPackageResume: cost time 1 ms end.
I/HwSystemManager( 2512): NotificationGuideService:handle MSG_ACTIVIY_FOREGROUND, uid:10445
V/HwWindowManagerService( 1239): moveTaskToTop mTaskChanged:true
V/HwWindowManagerService( 1239): setFocusedApp update app ops, mTaskChanged set to:false
D/HwCust  ( 2338): Create obj success use class android.content.res.HwCustHwResourcesImpl
D/CubicBezierInterpolator( 1239): CubicBezierInterpolator  mControlPoint1x = 0.1, mControlPoint1y = 0.05, mControlPoint2x = 0.1, mControlPoint2y = 1.0
D/CubicBezierInterpolator( 1239): CubicBezierInterpolator  mControlPoint1x = 0.1, mControlPoint1y = 0.05, mControlPoint2x = 0.1, mControlPoint2y = 1.0
D/CubicBezierInterpolator( 1239): CubicBezierInterpolator  mControlPoint1x = 0.1, mControlPoint1y = 0.05, mControlPoint2x = 0.1, mControlPoint2y = 1.0
V/HwPolicyFactory( 2338): : success to get AllImpl object and return....
D/PhoneStatusBar( 2125): setSystemUiVisibility vis=8600 mask=ffffffff oldVal=8700 newVal=8600 diff=100
D/PhoneStatusBar( 2125): sbMode=-1, nbMode=-1mStatusBarMode=5, mNavigationBarMode=5
D/BarTransitions.PhoneStatusBarView( 2125): MODE_TRANSPARENT -> MODE_TRANSPARENT animate=false
D/BarTransitions.NavigationBarView( 2125): MODE_TRANSPARENT -> MODE_TRANSPARENT animate=false
D/TintManager( 2125): updateBarTint
V/HwWidgetFactory( 2338): : successes to get AllImpl object and return....
V/ActivityThread( 2338): ActivityThread,callActivityOnCreate
W/art     ( 2338): Before Android 4.1, method android.graphics.PorterDuffColorFilter android.support.graphics.drawable.VectorDrawableCompat.updateTintFilter(android.graphics.PorterDuffColorFilter, android.content.res.ColorStateList, android.graphics.PorterDuff$Mode) would have incorrectly overridden the package-private method in android.graphics.drawable.Drawable
I/TextInputLayout( 2338): EditText added is not a TextInputEditText. Please switch to using that class instead.
I/TextInputLayout( 2338): EditText added is not a TextInputEditText. Please switch to using that class instead.
I/TextInputLayout( 2338): EditText added is not a TextInputEditText. Please switch to using that class instead.
I/SendBroadcastPermission( 1239): action:android.intent.action.SIG_STR, mPermissionType:0
I/MQoS    ( 1239): onSignal: mSubId=1,currDataSubID=1
I/MQoS    ( 1239): received cell-signal:5
I/ActivityManager( 1239): collectReceiverComponents for intent: Intent { act=android.intent.action.SIG_STR flg=0x20000010 (has extras) }, receivers: null
D/NetworkController.MobileSignalController(1)( 2125): mSimSubId:1 onSignalStrengthsChanged signalStrength=SignalStrength: -1 0 -66 -12 -1 255 -1 255 255 99 2147483647 2147483647 2147483647 2147483647 false gw|lte level=4
D/NetworkController.MobileSignalController(1)( 2125):  mDataNetType:10 indexOfkey:9 iconGroup.mName:H roaming:false
I/HwCustMobileSignalControllerImpl( 2125): subId:1 phoneType:1 networktype:10 targetClass:2 masterLevel:4 slaveLevel:-1
D/BaseActivity( 2338): onCreate()
D/BaseActivity( 2338): layout_main gone!
D/LoginActivity( 2338): onCreate()
D/BaseActivity( 2338): doInBackground()
I/HwSecImmHelper( 2338): mSecurityInputMethodService is null
D/OpenGLRenderer( 2338): Use EGL_SWAP_BEHAVIOR_PRESERVED: true
I/Adreno  ( 2338): QUALCOMM build                   : d28da0e, Iec24cdb30f
I/Adreno  ( 2338): Build Date                       : 03/10/16
I/Adreno  ( 2338): OpenGL ES Shader Compiler Version: XE031.06.00.05
I/Adreno  ( 2338): Local Branch                     : 
I/Adreno  ( 2338): Remote Branch                    : refs/tags/AU_LINUX_ANDROID_LA.BR.1.2.6_RB1.06.00.01.179.013
I/Adreno  ( 2338): Remote Branch                    : NONE
I/Adreno  ( 2338): Reconstruct Branch               : NOTHING
I/OpenGLRenderer( 2338): Initialized EGL, version 1.4
W/OpenGLRenderer( 2338): load: so=/system/lib/libhwuibp.so
W/OpenGLRenderer( 2338): dlopen failed: library "/system/lib/libhwuibp.so" not found
W/OpenGLRenderer( 2338): Initialize Binary Program Cache: Load Failed
E/NCore   ( 2338): Error: permission "android.permission.WRITE_SETTINGS" was not granted. Please make sure this permission is defined in AndroidManifest.xml file.
I/ActivityManager( 1239): resolve info: ResolveInfo{4486b4c com.android.packageinstaller/.permission.ui.GrantPermissionsActivity m=0x108000 euid=0}, euid: 0
I/ActivityManager( 1239): START u0 {act=android.content.pm.action.REQUEST_PERMISSIONS pkg=com.android.packageinstaller cmp=com.android.packageinstaller/.permission.ui.GrantPermissionsActivity (has extras)} from uid 10445 on display 0
I/ActivityManager( 1239): ActivityRecord info: ActivityInfo{46e3a09 com.android.packageinstaller.permission.ui.GrantPermissionsActivity}, euid=0
V/HwWindowManagerService( 1239): moveTaskToTop mTaskChanged:true
I/HwSecImmHelper( 2338): mSecurityInputMethodService is null
I/HwSecImmHelper( 2338): mSecurityInputMethodService is null
V/HwWindowManagerService( 1239): moveTaskToTop mTaskChanged:true
W/InputMethodManagerService( 1239): Focus gain on non-focused client com.android.internal.view.IInputMethodClient$Stub$Proxy@836f038 (uid=10445 pid=2338)
W/InputMethodManager( 2338): Current bind isn't success!
V/HwWindowManagerService( 1239): setFocusedApp update app ops, mTaskChanged set to:false
D/LoginActivity( 2338): onActivityLoading()
V/SMCSAMSHelper( 1239): SMCSAMSHelper.addSTPEvent: cost 0 ms end.
I/ActivityManager( 1239): launch r: ActivityRecord{c4f0795 u0 com.android.packageinstaller/.permission.ui.GrantPermissionsActivity t2277}, uid = 10070, r.info.applicationInfo.euid  = 0
V/SMCSAMSHelper( 1239): SMCSAMSHelper.smartTrimProcessPackageResume: cost time 0 ms end.
D/ActivityManager( 1239): className: com.android.packageinstaller.permission.ui.GrantPermissionsActivity
D/HwWindowManagerService( 1239): send UpdateStateSuspensionWindow, visible: false
W/PGApi_client( 2737): recv actoionId = 10000, action = com.huawei.pgmng.PGAction@161faf1 actionId =10000 pkg =com.android.packageinstaller extend1 =50070 extend2 = flag =3 type =1
W/PGMiddleWare( 2737): in handleAction method, action = 10000
W/PGMiddleWare( 2737): in handleAction, invoke client = com.huawei.pgmng.middleware.AudioEffectLowPowerImpl@545fff, action = com.huawei.pgmng.PGAction@161faf1 actionId =10000 pkg =com.android.packageinstaller extend1 =50070 extend2 = flag =3 type =1
V/AudioManager( 2737): isMusicActive...
D/BaseActivity( 2338): onPostExecute()
D/LoginActivity( 2338): onActivityReady()
D/BaseActivity( 2338): onActivityReady()
I/HwSystemManager( 2512): NotificationGuideService:handle MSG_ACTIVIY_FOREGROUND, uid:10070
V/ActivityThread(31984): ActivityThread,callActivityOnCreate
D/HwCust  (31984): Create obj success use class android.content.res.HwCustHwResourcesImpl
D/HwCust  (31984): Create obj success use class android.content.res.HwCustHwResourcesImpl
W/WindowAnimator( 1239): Failed to dispatch window animation state change.
W/WindowAnimator( 1239): android.os.DeadObjectException
W/WindowAnimator( 1239): 	at android.os.BinderProxy.transactNative(Native Method)
W/WindowAnimator( 1239): 	at android.os.BinderProxy.transact(Binder.java:505)
W/WindowAnimator( 1239): 	at android.view.IWindow$Stub$Proxy.onAnimationStopped(IWindow.java:534)
W/WindowAnimator( 1239): 	at com.android.server.wm.WindowAnimator.updateWindowsLocked(WindowAnimator.java:298)
W/WindowAnimator( 1239): 	at com.android.server.wm.WindowAnimator.animateLocked(WindowAnimator.java:693)
W/WindowAnimator( 1239): 	at com.android.server.wm.WindowAnimator.access$000(WindowAnimator.java:54)
W/WindowAnimator( 1239): 	at com.android.server.wm.WindowAnimator$1.doFrame(WindowAnimator.java:127)
W/WindowAnimator( 1239): 	at android.view.Choreographer$CallbackRecord.run(Choreographer.java:882)
W/WindowAnimator( 1239): 	at android.view.Choreographer.doCallbacks(Choreographer.java:696)
W/WindowAnimator( 1239): 	at android.view.Choreographer.doFrame(Choreographer.java:628)
W/WindowAnimator( 1239): 	at android.view.Choreographer$FrameDisplayEventReceiver.run(Choreographer.java:870)
W/WindowAnimator( 1239): 	at android.os.Handler.handleCallback(Handler.java:743)
W/WindowAnimator( 1239): 	at android.os.Handler.dispatchMessage(Handler.java:95)
W/WindowAnimator( 1239): 	at android.os.Looper.loop(Looper.java:150)
W/WindowAnimator( 1239): 	at android.os.HandlerThread.run(HandlerThread.java:61)
W/WindowAnimator( 1239): 	at com.android.server.ServiceThread.run(ServiceThread.java:46)
D/WifiHW  ( 1239): wifi_send_command: cmd:'IFNAME=wlan0 SIGNAL_POLL'
D/wpa_supplicant(10663): wlan0: Control interface command 'SIGNAL_POLL'
W/SurfaceFlinger(  367): couldn't log to binary event log: overflow.
E/wpa_supplicant(10663): RSSI=-48;LINKSPEED=72;NOISE=9999;FREQUENCY=2437;
D/wpa_supplicant(10663): CTRL-DEBUG: global_ctrl_sock-sendto: sock=16 sndbuf=212992 outq=0 send_len=48
E/WifiConfigStore( 1239): updateConfiguration freq=2437 BSSID=00:1d:aa:87:96:b0 RSSI=-45 "Globe3ERP_FPT"WPA_PSK
I/SendBroadcastPermission( 1239): action:android.os.action.POWER_SAVE_TEMP_WHITELIST_CHANGED, mPermissionType:0
D/HwCust  (28264): Create obj success use class android.app.HwCustNotificationImpl
D/HwNotificationManagerService( 1239): generateConver: pkgname = com.freevpn.vpn_master, uid = 10037
D/HwNotificationManagerService( 1239): coverNotificationContentView: update cover NotificationContentViewRecord{9a5a551 pkg=com.freevpn.vpn_master uid=10037 id=1 tag=null userId=0}
D/HwNotificationManagerService( 1239): generateConver: pkgname = com.freevpn.vpn_master, uid = 10037
D/HwNotificationManagerService( 1239): coverNotificationContentView: update cover NotificationContentViewRecord{9a5a551 pkg=com.freevpn.vpn_master uid=10037 id=1 tag=null userId=0}
D/StatusBar( 2125): onNotificationPosted: StatusBarNotification(pkg=com.freevpn.vpn_master user=UserHandle{0} id=1 tag=null score=0 key=0|com.freevpn.vpn_master|1|null|10037: Notification(pri=0 contentView=com.freevpn.vpn_master/0x1090084 vibrate=null sound=null defaults=0x0 flags=0x6a color=0x00000000 vis=PRIVATE)), when=Mon Feb 27 11:37:32 GMT+07:00 2017
D/HwNotificationHelper( 2125): process: notification=StatusBarNotification(pkg=com.freevpn.vpn_master user=UserHandle{0} id=1 tag=null score=0 key=0|com.freevpn.vpn_master|1|null|10037: Notification(pri=0 contentView=com.freevpn.vpn_master/0x1090084 vibrate=null sound=null defaults=0x0 flags=0x6a color=0x00000000 vis=PRIVATE)), when=Mon Feb 27 11:37:32 GMT+07:00 2017
D/NotificationIconHelper( 2125): isCloneProcess, pid = 28264
D/StatusBar( 2125): onNotificationPosted  sbn_name = com.freevpn.vpn_master sbn_key = 0|com.freevpn.vpn_master|1|null|10037 ,sbn_id = 1, headsUp.getKey()null
D/NotificationIconHelper( 2125): largeIcon is not null
D/NotificationIconHelper( 2125): isCloneProcess, pid = 28264
D/StatusBar( 2125): onNotificationPosted: StatusBarNotification(pkg=com.freevpn.vpn_master user=UserHandle{0} id=1 tag=null score=0 key=0|com.freevpn.vpn_master|1|null|10037: Notification(pri=0 contentView=com.freevpn.vpn_master/0x1090084 vibrate=null sound=null defaults=0x0 flags=0x6a color=0x00000000 vis=PRIVATE)), when=Mon Feb 27 11:37:32 GMT+07:00 2017
V/HwWindowManagerService( 1239): moveTaskToTop mTaskChanged:true
V/HwWindowManagerService( 1239): setFocusedApp update app ops, mTaskChanged set to:false
D/ActivityManager( 1239): className: com.android.packageinstaller.permission.ui.GrantPermissionsActivity
D/HwWindowManagerService( 1239): send UpdateStateSuspensionWindow, visible: true
W/PGApi_client( 2737): recv actoionId = 10000, action = com.huawei.pgmng.PGAction@89376d6 actionId =10000 pkg =com.globe3.tno.g3_lite_mobile extend1 =50070 extend2 = flag =3 type =1
W/PGMiddleWare( 2737): in handleAction method, action = 10000
W/PGMiddleWare( 2737): in handleAction, invoke client = com.huawei.pgmng.middleware.AudioEffectLowPowerImpl@545fff, action = com.huawei.pgmng.PGAction@89376d6 actionId =10000 pkg =com.globe3.tno.g3_lite_mobile extend1 =50070 extend2 = flag =3 type =1
V/AudioManager( 2737): isMusicActive...
V/WindowManager( 1239): Skipping AppWindowToken{11fd49b token=Token{433d0aa ActivityRecord{c4f0795 u0 com.android.packageinstaller/.permission.ui.GrantPermissionsActivity t2277}}} -- going to hide
V/SMCSAMSHelper( 1239): SMCSAMSHelper.addSTPEvent: cost 1 ms end.
V/SMCSAMSHelper( 1239): SMCSAMSHelper.smartTrimProcessPackageResume: cost time 1 ms end.
D/CubicBezierInterpolator( 1239): CubicBezierInterpolator  mControlPoint1x = 0.44, mControlPoint1y = 0.1, mControlPoint2x = 0.07, mControlPoint2y = 1.0
I/HwSecImmHelper( 2338): mSecurityInputMethodService is null
I/HwSecImmHelper( 2338): mSecurityInputMethodService is null
W/InputMethodManagerService( 1239): Got RemoteException sending setActive(false) notification to pid 1399 uid 10445
D/ThermalStateManager( 2737): Thermal type: 0 cur_temperature:40
D/HwNotificationHelper( 2125): process: notification=StatusBarNotification(pkg=com.freevpn.vpn_master user=UserHandle{0} id=1 tag=null score=0 key=0|com.freevpn.vpn_master|1|null|10037: Notification(pri=0 contentView=com.freevpn.vpn_master/0x1090084 vibrate=null sound=null defaults=0x0 flags=0x6a color=0x00000000 vis=PRIVATE)), when=Mon Feb 27 11:37:32 GMT+07:00 2017
D/NotificationIconHelper( 2125): isCloneProcess, pid = 28264
D/StatusBar( 2125): onNotificationPosted  sbn_name = com.freevpn.vpn_master sbn_key = 0|com.freevpn.vpn_master|1|null|10037 ,sbn_id = 1, headsUp.getKey()null
D/NotificationIconHelper( 2125): largeIcon is not null
D/NotificationIconHelper( 2125): isCloneProcess, pid = 28264
I/LicensingManager( 2338): Linux localhost 3.10.49-g4fccca7 #1 SMP PREEMPT Tue Nov 15 21:32:01 CST 2016 armv7l
I/LicensingManager( 2338): RIO-L01-user 6.0.1 GRJ90 C636B320 release-keys HUAWEI RIO-L01
I/LicensingManager( 2338): running from /data/app/com.globe3.tno.g3_lite_mobile-1/lib/arm/libNLicensing.so @0xeb8e3000
I/LicensingManager( 2338): revision 9.0.158289
E/Core/ErrorSuppressed( 2338): Invalid license file
D/HwArpVerifier( 1239): performPollAndLog:
D/hw_netstat( 1239): total/1680/218,unknown:0/1680/0,com.freevpn.vpn_master/0/218
I/MSM-irqbalance(  483): Decided to move IRQ65 from CPU4 to CPU6
