--------- beginning of system
D/HwNotificationManagerService( 1239): generateConver: pkgname = com.freevpn.vpn_master, uid = 10037
D/HwNotificationManagerService( 1239): coverNotificationContentView: update cover NotificationContentViewRecord{9a5a551 pkg=com.freevpn.vpn_master uid=10037 id=1 tag=null userId=0}
I/ActivityManager( 1239): Force stopping com.globe3.tno.g3_lite_mobile appid=10444 user=-1: uninstall pkg
I/ActivityManager( 1239): Killing 30590:0:com.globe3.tno.g3_lite_mobile/u0a444 (adj 0): stop com.globe3.tno.g3_lite_mobileuninstall pkg
D/ActivityManager( 1239): cleanUpApplicationRecord -- 30590
I/ActivityManager( 1239): cleanUpApplicationRecordLocked, reset pid: 30590, euid: 0
I/ActivityManager( 1239): mService.startProcessLocked for activity: ActivityRecord{91d34e1 u0 com.globe3.tno.g3_lite_mobile/.activities.LoginActivity t2272}, appinfo euid: 0
I/ActivityManager( 1239): new Process app=ProcessRecord{3ed8b76 0:0:com.globe3.tno.g3_lite_mobile/u0a444}, name: com.globe3.tno.g3_lite_mobile, euid: 0
D/PackageManager( 1239): clear pref activity com.globe3.tno.g3_lite_mobile from uid 1000
I/ActivityManager( 1239): Start proc 31116:com.globe3.tno.g3_lite_mobile/u0a444 for activity com.globe3.tno.g3_lite_mobile/.activities.LoginActivity
I/ActivityManager( 1239):   Force finishing activity ActivityRecord{91d34e1 u0 com.globe3.tno.g3_lite_mobile/.activities.LoginActivity t2272}
D/ActivityThread(31116): ActivityThread,attachApplication
I/WindowState( 1239): WIN DEATH: Window{6958ea7 u0 com.globe3.tno.g3_lite_mobile/com.globe3.tno.g3_lite_mobile.activities.LoginActivity}
W/SocketClient(  399): write error (Broken pipe)
V/HwWindowManagerService( 1239): moveTaskToTop mTaskChanged:true
V/HwWindowManagerService( 1239): setFocusedApp update app ops, mTaskChanged set to:false
D/HwBroadcastQueue( 1239): cleanupDisabledPackageReceiversLocked for userId -1
D/HwBroadcastQueue( 1239): cleanupDisabledPackageReceiversLocked for userId -1
V/HwWindowManagerService( 1239): moveTaskToTop mTaskChanged:true
V/HwWindowManagerService( 1239): setFocusedApp update app ops, mTaskChanged set to:false
D/ActivityManager( 1239): ActivityManagerService,attachApplication,callingPid = 31116
V/ActivityManager( 1239): New app record ProcessRecord{3ed8b76 31116:0:com.globe3.tno.g3_lite_mobile/u0a444} thread=android.os.BinderProxy@7f65e49 pid=31116
I/HwWindowManagerService( 1239): this win:Window{91224ec u0 com.facebook.orca} hase children size:0
I/HwWindowManagerService( 1239): this win:Window{bdb334a u0 com.facebook.orca} hase children size:0
I/HwWindowManagerService( 1239): this win:Window{672a3d8 u0 com.facebook.orca} hase children size:0
I/HwWindowManagerService( 1239): this win:Window{e213a16 u0 com.facebook.orca} hase children size:0
I/HwWindowManagerService( 1239): this win:Window{ffd75ee u0 com.facebook.orca} hase children size:0
W/WindowManager( 1239): Attempted to add application window with unknown token Token{e924206 ActivityRecord{91d34e1 u0 com.globe3.tno.g3_lite_mobile/.activities.LoginActivity t2272 f}}.  Aborting.
D/HwNotificationManagerService( 1239): generateConver: pkgname = com.freevpn.vpn_master, uid = 10037
D/HwNotificationManagerService( 1239): coverNotificationContentView: update cover NotificationContentViewRecord{9a5a551 pkg=com.freevpn.vpn_master uid=10037 id=1 tag=null userId=0}
V/HwPhoneWindowManager( 1239): updateSystemUiColorLw window=Window{af2b04c u0 com.teslacoilsw.launcher/com.teslacoilsw.launcher.NovaLauncher},EmuiStyle=0,StatusBarColor=0x0,NavigationBarColor=0x0
D/HwNotificationManagerService( 1239): generateConver: pkgname = com.freevpn.vpn_master, uid = 10037
D/CommandQueue( 2125): CommandQueue, onTransaction
D/CommandQueue( 2125): CommandQueue, setBarBackgroundColor
D/HwNotificationManagerService( 1239): coverNotificationContentView: update cover NotificationContentViewRecord{9a5a551 pkg=com.freevpn.vpn_master uid=10037 id=1 tag=null userId=0}
W/LoadedApk(31116): Unable to get package info for com.globe3.tno.g3_lite_mobile; is package not installed?
W/WindowManager( 1239): Exception when adding starting window
W/WindowManager( 1239): java.lang.IllegalArgumentException: View=com.android.internal.policy.PhoneWindow$DecorView{8d2ac6f V.E...... R.....ID 0,0-0,0} not attached to window manager
W/WindowManager( 1239): 	at android.view.WindowManagerGlobal.findViewLocked(WindowManagerGlobal.java:462)
W/WindowManager( 1239): 	at android.view.WindowManagerGlobal.removeView(WindowManagerGlobal.java:381)
W/WindowManager( 1239): 	at android.view.WindowManagerImpl.removeViewImmediate(WindowManagerImpl.java:116)
W/WindowManager( 1239): 	at com.android.server.policy.PhoneWindowManager.addStartingWindow(PhoneWindowManager.java:2620)
W/WindowManager( 1239): 	at com.android.server.policy.HwPhoneWindowManager.addStartingWindow(HwPhoneWindowManager.java:512)
W/WindowManager( 1239): 	at com.android.server.wm.WindowManagerService$H.handleMessage(WindowManagerService.java:8478)
W/WindowManager( 1239): 	at android.os.Handler.dispatchMessage(Handler.java:102)
W/WindowManager( 1239): 	at android.os.Looper.loop(Looper.java:150)
W/WindowManager( 1239): 	at android.os.HandlerThread.run(HandlerThread.java:61)
W/WindowManager( 1239): 	at com.android.server.ServiceThread.run(ServiceThread.java:46)
I/ActivityManager( 1239): retrieveServiceLocked, callerApp: ProcessRecord{e37e14a 2709:0:com.google.android.gms/u0a7}, flags: 400
I/ActivityManager( 1239): bindServiceLocked, r: ServiceRecord{ccc965a u0 euid: 0 com.google.android.gms/.cast.service.CastDeviceScannerIntentService}, euid: 0
I/ActivityManager( 1239): moveTaskToBack: TaskRecord{573c9f5 #2009 A=com.android.incallui U=0 sz=1}
D/ActivityManager( 1239): will to back home,Returns from null
I/ActivityManager( 1239): collectReceiverComponents for intent: Intent { act=InCallScreenIsForegroundActivity flg=0x10 (has extras) }, receivers: null
I/ActivityManager( 1239): retrieveServiceLocked, callerApp: ProcessRecord{f9a6ad2 0:0:system/1000}, flags: 400
I/ActivityManager( 1239): bindServiceLocked, r: ServiceRecord{c068d81 u0 euid: 0 com.android.defcontainer/.DefaultContainerService}, euid: 0
I/ActivityManager( 1239): Force stopping com.globe3.tno.g3_lite_mobile appid=10444 user=0: pkg removed
I/ActivityManager( 1239): Killing 31116:0:com.globe3.tno.g3_lite_mobile/u0a444 (adj 9): stop com.globe3.tno.g3_lite_mobilepkg removed
D/ActivityManager( 1239): cleanUpApplicationRecord -- 31116
I/ActivityManager( 1239): cleanUpApplicationRecordLocked, reset pid: 31116, euid: 0
D/HwBroadcastQueue( 1239): cleanupDisabledPackageReceiversLocked for userId 0
D/HwBroadcastQueue( 1239): cleanupDisabledPackageReceiversLocked for userId 0
I/ActivityManager( 1239): collectReceiverComponents for intent: Intent { act=android.intent.action.PACKAGE_REMOVED dat=package:com.globe3.tno.g3_lite_mobile flg=0x4000010 (has extras) }, receivers: [ResolveInfo{adbe26 com.huawei.gamebox.global/com.huawei.appmarket.service.installresult.control.InstallerReceiver p=2147483647 m=0x208000 euid=0}, ResolveInfo{14dba67 com.android.contacts/.compatibility.ContactsProviderReceiver p=1000 m=0x208000 euid=0}, ResolveInfo{f8df014 com.android.providers.contacts/.PackageIntentReceiver m=0x208000 euid=0}, ResolveInfo{20d80bd com.huawei.motionservice/.motionexception.MotionBootReceiver m=0x208000 euid=0}, ResolveInfo{c2796b2 com.android.gallery3d/com.huawei.gallery.photoshare.receiver.DisableShareToCloudFunctionReceiver m=0x208000 euid=0}, ResolveInfo{c719603 com.android.musicfx/.Compatibility$Receiver m=0x208000 euid=0}, ResolveInfo{163f980 com.huawei.systemmanager/com.huawei.notificationmanager.receiver.Receiver m=0x208000 euid=0}, ResolveInfo{6966bb9 com.huawei.systemmanager/com.huawei.permissionmanager.ui.AppInstallationReceiver m=0x208000 euid=0}, ResolveInfo{cf46bfe com.huawei.systemmanager/.optimize.OptimizeReceiver m=0x208000 euid=0}, ResolveInfo{16d8f5f com.huawei.systemmanager/com.huawei.permissionmanager.ui.ComBroadcastReceiver m=0x208000 euid=0}, ResolveInfo{fcf2dac com.huawei.systemmanager/.power.receiver.BootBroadcastReceiver m=0x208000 euid=0}, ResolveInfo{a290a75 com.huawei.systemmanager/.netassistant.netapp.receiver.AppChangeReceiver m=0x208000 euid=0}, ResolveInfo{274a0a com.huawei.systemmanager/.antivirus.AntiVirusReceiver m=0x208000 euid=0}, ResolveInfo{705c27b com.huawei.systemmanager/.addviewmonitor.AppChangeReceiver m=0x208000 euid=0}, ResolveInfo{4d77898 com.huawei.systemmanager/.spacecleanner.receiver.SpaceCleanReceiver m=0x208000 euid=0}, ResolveInfo{40cd8f1 com.huawei.hwmwlauncher/.HwMwBroadcastReceiver m=0x208000 euid=0}, ResolveInfo{ef7fcd6 com.huawei.securitymgr/.AppUninstallReceiver m=0x208000 euid=0}, ResolveInfo{2240b57 com.android.keychain/.KeyChainBroadcastReceiver m=0x208000 euid=0}, ResolveInfo{1178644 com.huawei.android.ds/com.huawei.android.pushagent.PushEventReceiver m=0x208000 euid=0}, ResolveInfo{e85132d com.nuance.swype.emui/com.nuance.swype.input.appspecific.AppUsage m=0x208000 euid=0}, ResolveInfo{c4f1062 com.facebook.appmanager/com.facebook.oxygen.appmanager.packages.PackageReceiver m=0x208000 euid=0}, ResolveInfo{27405f3 com.google.android.apps.docs/.receivers.AppPackageAddRemoveReceiver m=0x208000 euid=0}, ResolveInfo{228c2b0 com.android.vending/com.google.android.finsky.receivers.PackageMonitorReceiver$RegisteredReceiver m=0x208000 euid=0}, ResolveInfo{accb529 com.google.android.googlequicksearchbox/com.google.android.apps.gsa.googlequicksearchbox.GelStubAppWatcher m=0x208000 euid=0}, ResolveInfo{f11d0ae com.google.android.gms/.chimera.GmsIntentOperationService$PersistentTrustedReceiver m=0x208000 euid=0}, ResolveInfo{cbf0e4f com.google.android.gms/.gcm.GcmPackageTracker$GcmPackageChangeReceiver m=0x208000 euid=0}, ResolveInfo{3cf59dc com.google.android.gms/.gcm.nts.SchedulerReceiver m=0x208000 euid=0}, ResolveInfo{8d27ae5 com.google.android.gms/.games.chimera.GamesSystemBroadcastReceiverProxy m=0x208000 euid=0}, ResolveInfo{52e49ba com.google.android.gms/.photos.autobackup.PhotosAppUninstalledReceiver m=0x208000 euid=0}, ResolveInfo{f08406b com.teslacoilsw.launcher/com.android.launcher3.PackageChangedReceiver m=0x208000 euid=0}, ResolveInfo{7e637c8 com.zing.zalo/.receiver.ZaloReceiver m=0x208000 euid=0}, ResolveInfo{eb4e061 com.facebook.katana/com.facebook.feed.platformads.AppInstallReceiver m=0x208000 euid=0}]
I/ActivityManager( 1239): moveTaskToBack: TaskRecord{573c9f5 #2009 A=com.android.incallui U=0 sz=1}
D/ActivityManager( 1239): will to back home,Returns from null
I/ActivityManager( 1239): new Process app=ProcessRecord{eaa51e3 0:0:com.huawei.gamebox.global/u0a109}, name: com.huawei.gamebox.global, euid: 0
I/ActivityManager( 1239): Start proc 31158:com.huawei.gamebox.global/u0a109 for broadcast com.huawei.gamebox.global/com.huawei.appmarket.service.installresult.control.InstallerReceiver
I/ActivityManager( 1239): collectReceiverComponents for intent: Intent { act=android.intent.action.PACKAGE_FULLY_REMOVED dat=package:com.globe3.tno.g3_lite_mobile flg=0x4000010 (has extras) }, receivers: [ResolveInfo{58c956a com.android.server.telecom/.components.PhoneAccountBroadcastReceiver m=0x208000 euid=0}, ResolveInfo{c5e1a5b com.android.documentsui/.PackageReceiver m=0x208000 euid=0}, ResolveInfo{d7b22f8 com.facebook.appmanager/com.facebook.oxygen.appmanager.packages.PackageReceiver m=0x208000 euid=0}, ResolveInfo{5e5a3d1 com.facebook.system/com.facebook.oxygen.installer.service.PackageReceiver m=0x208000 euid=0}, ResolveInfo{f569e36 com.facebook.orca/com.facebook.pkg.event.PackageEventBroadcastReceiver m=0x208000 euid=0}, ResolveInfo{fda0137 com.google.android.gms/.chimera.GmsIntentOperationService$PersistentTrustedReceiver m=0x208000 euid=0}, ResolveInfo{3bb76a4 com.facebook.katana/com.facebook.http.onion.impl.OrbotInstallReceiver m=0x208000 euid=0}, ResolveInfo{bcfac0d com.facebook.katana/com.facebook.pkg.event.PackageEventBroadcastReceiver m=0x208000 euid=0}]
W/ActivityManager( 1239): Permission Denial: Accessing service ComponentInfo{com.google.android.music/com.google.android.music.dial.DialMediaRouteProviderService} from pid=3227, uid=10368 that is not exported from uid 10085
I/ActivityManager( 1239): collectReceiverComponents for intent: Intent { act=android.intent.action.UID_REMOVED flg=0x4000010 (has extras) }, receivers: [ResolveInfo{ce667c2 com.android.providers.downloads/.DownloadReceiver m=0x108000 euid=0}]
E/ActivityThread(29720): Failed to find provider info for com.vng.inputmethod.labankey.dictionarypack
V/NetworkPolicy( 1239): ACTION_UID_REMOVED for uid=10444
V/NetworkPolicy( 1239): writePolicyLocked()
D/NetdConnector( 1239): SND -> {5546 bandwidth gettetherstats}
D/NetdConnector( 1239): RCV <- {200 5546 Tethering stats list completed}
D/NetdConnector( 1239): RCV <- {200 5546 Tethering stats list completed}
D/ActivityThread(31158): ActivityThread,attachApplication
D/ActivityManager( 1239): ActivityManagerService,attachApplication,callingPid = 31158
I/SmartHeartBeat( 1239): listenAppUpdate, package: com.globe3.tno.g3_lite_mobile has been Updated
V/ActivityManager( 1239): New app record ProcessRecord{eaa51e3 31158:0:com.huawei.gamebox.global/u0a109} thread=android.os.BinderProxy@4c1e02f pid=31158
I/ActivityManager( 1239): Activity reported stop, but no longer stopping: ActivityRecord{3feeca8 u0 com.android.incallui/.InCallActivity t2009} state:PAUSED Callers=com.android.server.am.ActivityManagerService.activityStopped:7027 android.app.ActivityManagerNative.onTransact:550 com.android.server.am.ActivityManagerService.onTransact:2701 com.android.server.am.HwActivityManagerService.onTransact:393 
E/ActivityThread( 3054): Performing stop of activity that is not resumed: {com.android.incallui/com.android.incallui.InCallActivity}
E/ActivityThread( 3054): java.lang.RuntimeException: Performing stop of activity that is not resumed: {com.android.incallui/com.android.incallui.InCallActivity}
E/ActivityThread( 3054): 	at android.app.ActivityThread.performStopActivityInner(ActivityThread.java:3503)
E/ActivityThread( 3054): 	at android.app.ActivityThread.handleStopActivity(ActivityThread.java:3588)
E/ActivityThread( 3054): 	at android.app.ActivityThread.access$1200(ActivityThread.java:165)
E/ActivityThread( 3054): 	at android.app.ActivityThread$H.handleMessage(ActivityThread.java:1404)
E/ActivityThread( 3054): 	at android.os.Handler.dispatchMessage(Handler.java:102)
E/ActivityThread( 3054): 	at android.os.Looper.loop(Looper.java:150)
E/ActivityThread( 3054): 	at android.app.ActivityThread.main(ActivityThread.java:5621)
E/ActivityThread( 3054): 	at java.lang.reflect.Method.invoke(Native Method)
E/ActivityThread( 3054): 	at com.android.internal.os.ZygoteInit$MethodAndArgsCaller.run(ZygoteInit.java:794)
E/ActivityThread( 3054): 	at com.android.internal.os.ZygoteInit.main(ZygoteInit.java:684)
D/JobSchedulerService( 1239): Receieved: android.intent.action.PACKAGE_REMOVED
D/NetdConnector( 1239): SND -> {5547 network permission user clear 10444}
D/NetdConnector( 1239): RCV <- {200 5547 success}
D/NetdConnector( 1239): RCV <- {200 5547 success}
I/ActivityManager( 1239): collectReceiverComponents for intent: Intent { act=android.intent.action.DROPBOX_ENTRY_ADDED flg=0x10 (has extras) }, receivers: [ResolveInfo{8b84934 com.google.android.gms/.chimera.GmsIntentOperationService$PersistentTrustedReceiver m=0x108000 euid=0}, ResolveInfo{efd335d com.google.android.gms/.stats.service.DropBoxEntryAddedReceiver m=0x108000 euid=0}]
I/HwInputMethodManagerService( 1239): isSecureIMEExist = false
W/PackageManager( 1239): Couldn't remove dex file for package:  at location /data/app/com.globe3.tno.g3_lite_mobile-1/base.apk, retcode=-1
V/NetworkPolicy( 1239): updateNetworkEnabledLocked()
V/NetworkPolicy( 1239): updateNotificationsLocked()
I/ActivityManager( 1239): new Process app=ProcessRecord{64895d0 0:0:com.android.contacts/u0a2}, name: com.android.contacts, euid: 0
I/ActivityManager( 1239): Start proc 31193:com.android.contacts/u0a2 for broadcast com.android.contacts/.compatibility.ContactsProviderReceiver
I/ActivityManager( 1239): collectReceiverComponents for intent: Intent { act=com.huawei.gamebox.global.service.downloadservice.Receiver flg=0x10 }, receivers: null
D/ActivityThread(31193): ActivityThread,attachApplication
D/ActivityManager( 1239): ActivityManagerService,attachApplication,callingPid = 31193
V/ActivityManager( 1239): New app record ProcessRecord{64895d0 31193:0:com.android.contacts/u0a2} thread=android.os.BinderProxy@6693efc pid=31193
I/ActivityManager( 1239): collectReceiverComponents for intent: Intent { act=android.search.action.SEARCHABLES_CHANGED flg=0x24000010 }, receivers: null
I/ActivityManager( 1239): retrieveServiceLocked, callerApp: ProcessRecord{283a552 28252:0:android.process.acore/u0a2}, flags: 400
I/ActivityManager( 1239): bindServiceLocked, r: ServiceRecord{59e96df u0 euid: 0 com.android.providers.contacts/.VoicemailCleanupService}, euid: 0
I/ActivityManager( 1239): retrieveServiceLocked, callerApp: ProcessRecord{1d33498 3817:0:com.android.gallery3d/u0a19}, flags: 400
I/ActivityManager( 1239): bindServiceLocked, r: ServiceRecord{5f85f2c u0 euid: 0 com.android.gallery3d/com.huawei.gallery.photoshare.receiver.DisableShareToCloudFunctionReceiver$AsyncService}, euid: 0
I/ActivityManager( 1239): new Process app=ProcessRecord{fc81df5 0:0:com.android.musicfx/u0a103}, name: com.android.musicfx, euid: 0
I/ActivityManager( 1239): Start proc 31222:com.android.musicfx/u0a103 for broadcast com.android.musicfx/.Compatibility$Receiver
D/ActivityThread(31222): ActivityThread,attachApplication
D/ActivityManager( 1239): ActivityManagerService,attachApplication,callingPid = 31222
V/ActivityManager( 1239): New app record ProcessRecord{fc81df5 31222:0:com.android.musicfx/u0a103} thread=android.os.BinderProxy@a0567c4 pid=31222
I/ActivityManager( 1239): new Process app=ProcessRecord{f8316ad 0:0:com.huawei.android.ds/1001}, name: com.huawei.android.ds, euid: 0
I/ActivityManager( 1239): Start proc 31237:com.huawei.android.ds/1001 for content provider com.huawei.android.ds/com.huawei.android.hicloud.common.provider.HicloudLoginProvider
V/ActivityManager_MU( 1239): Waiting to start provider ContentProviderRecord{2878de2 u0 euid:0 com.huawei.android.ds/com.huawei.android.hicloud.common.provider.HicloudLoginProvider} launchingApp=ProcessRecord{f8316ad 31237:0:com.huawei.android.ds/1001} caller pid= 31193
I/ActivityManager( 1239): retrieveServiceLocked, callerApp: ProcessRecord{fc81df5 31222:0:com.android.musicfx/u0a103}, flags: 400
I/ActivityManager( 1239): bindServiceLocked, r: ServiceRecord{fbe7573 u0 euid: 0 com.android.musicfx/.Compatibility$Service}, euid: 0
I/ActivityManager( 1239): retrieveServiceLocked, callerApp: ProcessRecord{e8c8fc4 2512:0:com.huawei.systemmanager:service/1000}, flags: 400
I/ActivityManager( 1239): bindServiceLocked, r: ServiceRecord{5d33c30 u0 euid: 0 com.huawei.systemmanager/.util.content.HsmIntentService_bg}, euid: 0
I/ActivityManager( 1239): retrieveServiceLocked, callerApp: ProcessRecord{c2adead 28479:0:com.huawei.systemmanager/1000}, flags: 400
I/ActivityManager( 1239): bindServiceLocked, r: ServiceRecord{46770a9 u0 euid: 0 com.huawei.systemmanager/.util.content.HsmIntentService_ui}, euid: 0
V/HwNotificationManagerService( 1239): Notification db cfg changed
V/HwNotificationManagerService( 1239): HwCfgLoadingRunnable: Starts 
V/HwNotificationManagerService( 1239): HwCfgLoadingRunnable: get cfg size:68
V/HwNotificationManagerService( 1239): HwCfgLoadingRunnable: Ends. 
D/ActivityThread(31237): ActivityThread,attachApplication
D/ActivityManager( 1239): ActivityManagerService,attachApplication,callingPid = 31237
V/ActivityManager( 1239): New app record ProcessRecord{f8316ad 31237:0:com.huawei.android.ds/1001} thread=android.os.BinderProxy@14a62e pid=31237
I/ActivityManager( 1239): collectReceiverComponents for intent: Intent { act=huawei.intent.action.HW_STOPPED_PACKAGE_ACTION flg=0x10 (has extras) }, receivers: null
V/ActivityManager( 1239): Provider ContentProviderRecord{2878de2 u0 euid:0 com.huawei.android.ds/com.huawei.android.hicloud.common.provider.HicloudLoginProvider} is published
W/WindowManager( 1239): Attempted to add window with non-application token WindowToken{b45d50a null}.  Aborting.
W/WindowManager( 1239): Attempted to add window with non-application token WindowToken{b45d50a null}.  Aborting.
I/ActivityManager( 1239): new Process app=ProcessRecord{4366148 0:0:com.huawei.hwmwlauncher/u0a111}, name: com.huawei.hwmwlauncher, euid: 0
W/ContextImpl(28479): Calling a method in the system process without a qualified user: android.app.ContextImpl.startService:1378 android.content.ContextWrapper.startService:581 com.huawei.systemmanager.spacecleanner.receiver.SpaceCleanReceiver.checkRarelyUsedApp:132 com.huawei.systemmanager.spacecleanner.receiver.SpaceCleanReceiver.doInBackground:60 java.lang.reflect.Method.invoke:-2 
I/ActivityManager( 1239): Start proc 31272:com.huawei.hwmwlauncher/u0a111 for broadcast com.huawei.hwmwlauncher/.HwMwBroadcastReceiver
D/NetdConnector( 1239): SND -> {5548 bandwidth firewall allow mobile 10444 1}
D/ActivityThread(31272): ActivityThread,attachApplication
D/ActivityManager( 1239): ActivityManagerService,attachApplication,callingPid = 31272
V/ActivityManager( 1239): New app record ProcessRecord{4366148 31272:0:com.huawei.hwmwlauncher/u0a111} thread=android.os.BinderProxy@27b8be1 pid=31272
I/ActivityManager( 1239): collectReceiverComponents for intent: Intent { act=PACKAGE_ADDED_OR_REMOVED flg=0x10 pkg=com.huawei.systemmanager (has extras) }, receivers: null
D/NetdConnector( 1239): RCV <- {500 5548 Usage: bandwidth firewall allow <interface>  <appUid>}
D/NetdConnector( 1239): RCV <- {500 5548 Usage: bandwidth firewall allow <interface>  <appUid>}
E/NetdConnector( 1239): NDC client error throw NativeDaemonArgumentException
I/ActivityManager( 1239): retrieveServiceLocked, callerApp: ProcessRecord{4366148 31272:0:com.huawei.hwmwlauncher/u0a111}, flags: 400
I/ActivityManager( 1239): bindServiceLocked, r: ServiceRecord{43f4d06 u0 euid: 0 com.huawei.hwmwlauncher/.HwMwLauncherService}, euid: 0
I/ActivityManager( 1239): new Process app=ProcessRecord{10fcfc7 0:0:com.android.keychain/1000}, name: com.android.keychain, euid: 0
I/ActivityManager( 1239): Start proc 31302:com.android.keychain/1000 for broadcast com.android.keychain/.KeyChainBroadcastReceiver
I/ActivityManager( 1239): collectReceiverComponents for intent: Intent { act=com.huawei.multiwindow.launcher.action.REFRESH_MW_LAUNCHER flg=0x10 }, receivers: null
D/NetdConnector( 1239): SND -> {5549 bandwidth firewall allow wifi 10444 2}
D/ActivityThread(31302): ActivityThread,attachApplication
D/ActivityManager( 1239): ActivityManagerService,attachApplication,callingPid = 31302
V/ActivityManager( 1239): New app record ProcessRecord{10fcfc7 31302:0:com.android.keychain/1000} thread=android.os.BinderProxy@ff449f4 pid=31302
D/NetdConnector( 1239): RCV <- {500 5549 Usage: bandwidth firewall allow <interface>  <appUid>}
D/NetdConnector( 1239): RCV <- {500 5549 Usage: bandwidth firewall allow <interface>  <appUid>}
E/NetdConnector( 1239): NDC client error throw NativeDaemonArgumentException
W/ContextImpl(31302): Calling a method in the system process without a qualified user: android.app.ContextImpl.startService:1378 android.content.ContextWrapper.startService:581 android.content.ContextWrapper.startService:581 com.android.keychain.KeyChainBroadcastReceiver.onReceive:12 android.app.ActivityThread.handleReceiver:2760 
I/ActivityManager( 1239): retrieveServiceLocked, callerApp: ProcessRecord{10fcfc7 31302:0:com.android.keychain/1000}, flags: 400
I/ActivityManager( 1239): bindServiceLocked, r: ServiceRecord{44051d u0 euid: 0 com.android.keychain/.KeyChainService}, euid: 0
I/ActivityManager( 1239): new Process app=ProcessRecord{7f33392 0:0:com.huawei.android.ds:pushservice/1001}, name: com.huawei.android.ds:pushservice, euid: 0
I/ActivityManager( 1239): Start proc 31330:com.huawei.android.ds:pushservice/1001 for broadcast com.huawei.android.ds/com.huawei.android.pushagent.PushEventReceiver
D/ActivityThread(31330): ActivityThread,attachApplication
D/ActivityManager( 1239): ActivityManagerService,attachApplication,callingPid = 31330
V/ActivityManager( 1239): New app record ProcessRecord{7f33392 31330:0:com.huawei.android.ds:pushservice/1001} thread=android.os.BinderProxy@12fa163 pid=31330
I/ActivityManager( 1239): new Process app=ProcessRecord{a061160 0:0:com.nuance.swype.emui/u0a73}, name: com.nuance.swype.emui, euid: 0
I/ActivityManager( 1239): Start proc 31350:com.nuance.swype.emui/u0a73 for broadcast com.nuance.swype.emui/com.nuance.swype.input.appspecific.AppUsage
D/ActivityThread(31350): ActivityThread,attachApplication
D/ActivityManager( 1239): ActivityManagerService,attachApplication,callingPid = 31350
V/ActivityManager( 1239): New app record ProcessRecord{a061160 31350:0:com.nuance.swype.emui/u0a73} thread=android.os.BinderProxy@e20d619 pid=31350
D/WifiService( 1239): getWifiServiceMessenger, pid:31330, uid:1001
D/WifiService( 1239): New client listening to asynchronous messages
I/ActivityManager( 1239): retrieveServiceLocked, callerApp: ProcessRecord{7f33392 31330:0:com.huawei.android.ds:pushservice/1001}, flags: 400
I/ActivityManager( 1239): bindServiceLocked, r: ServiceRecord{58cf6de u0 euid: 0 com.huawei.android.ds/com.huawei.android.pushagent.PushService}, euid: 0
I/ActivityManager( 1239): new Process app=ProcessRecord{df0f0bf 0:0:com.facebook.appmanager/u0a92}, name: com.facebook.appmanager, euid: 0
I/ActivityManager( 1239): Start proc 31370:com.facebook.appmanager/u0a92 for broadcast com.facebook.appmanager/com.facebook.oxygen.appmanager.packages.PackageReceiver
D/ActivityThread(31370): ActivityThread,attachApplication
V/AlarmManager( 1239): set(PendingIntent{baae38c: PendingIntentRecord{35fbad5 com.huawei.android.ds broadcastIntent}}) : type=0 triggerAtTime=1488170370434 win=0 tElapsed=222383326 maxElapsed=222383326 interval=0 flags=0x9
D/ActivityManager( 1239): ActivityManagerService,attachApplication,callingPid = 31370
V/ActivityManager( 1239): New app record ProcessRecord{df0f0bf 31370:0:com.facebook.appmanager/u0a92} thread=android.os.BinderProxy@6da2ea pid=31370
W/ActivityManager( 1239): getRunningAppProcesses: caller 10092 does not hold REAL_GET_TASKS; limiting output
W/ActivityManager( 1239): getRunningAppProcesses: caller 10092 does not hold REAL_GET_TASKS; limiting output
D/WifiService( 1239): getWifiServiceMessenger, pid:31370, uid:10092
I/ActivityManager( 1239): Killing 30455:0:com.android.documentsui/u0a36 (adj 15): empty #16
E/ActivityThread(31370): Failed to find provider info for com.facebook.appmanager.installrecord
I/ActivityManager( 1239): retrieveServiceLocked, callerApp: ProcessRecord{2af1e54 28303:0:com.android.vending/u0a23}, flags: 400
I/ActivityManager( 1239): bindServiceLocked, r: ServiceRecord{efb03b6 u0 euid: 0 com.android.vending/com.google.android.finsky.wear.WearSupportService}, euid: 0
V/AlarmManager( 1239): set(PendingIntent{c638b7: PendingIntentRecord{4d70b2a com.android.vending startService}}) : type=0 triggerAtTime=1488170381185 win=11249 tElapsed=222394075 maxElapsed=222405324 interval=0 flags=0x8
I/ActivityManager( 1239): retrieveServiceLocked, callerApp: ProcessRecord{eea6e80 3664:0:com.google.android.gms.persistent/u0a7}, flags: 400
I/ActivityManager( 1239): bindServiceLocked, r: ServiceRecord{ffba953 u0 euid: 0 com.google.android.gms/.chimera.GmsIntentOperationService}, euid: 0
I/ActivityManager( 1239): retrieveServiceLocked, callerApp: ProcessRecord{eea6e80 3664:0:com.google.android.gms.persistent/u0a7}, flags: 400
I/ActivityManager( 1239): bindServiceLocked, r: ServiceRecord{4f09290 u0 euid: 0 com.google.android.gms/.chimera.PersistentIntentOperationService}, euid: 0
I/ActivityManager( 1239): retrieveServiceLocked, callerApp: ProcessRecord{2af1e54 28303:0:com.android.vending/u0a23}, flags: 400
I/ActivityManager( 1239): bindServiceLocked, r: ServiceRecord{10d87af u0 euid: 0 com.google.android.gms/.wearable.service.WearableService}, euid: 0
I/ActivityManager( 1239): retrieveServiceLocked, callerApp: ProcessRecord{e37e14a 2709:0:com.google.android.gms/u0a7}, flags: 400
I/ActivityManager( 1239): bindServiceLocked, r: ServiceRecord{eb4efcb u0 euid: 0 com.google.android.gms/.appstate.service.AppStateIntentService}, euid: 0
I/ActivityManager( 1239): retrieveServiceLocked, callerApp: ProcessRecord{e37e14a 2709:0:com.google.android.gms/u0a7}, flags: 400
I/ActivityManager( 1239): bindServiceLocked, r: ServiceRecord{61c23a8 u0 euid: 0 com.google.android.gms/.config.ConfigService}, euid: 0
I/ActivityManager( 1239): retrieveServiceLocked, callerApp: ProcessRecord{e37e14a 2709:0:com.google.android.gms/u0a7}, flags: 400
I/ActivityManager( 1239): bindServiceLocked, r: ServiceRecord{c20bda7 u0 euid: 0 com.google.android.gms/com.google.android.location.util.PreferenceService}, euid: 0
I/ActivityManager( 1239): retrieveServiceLocked, callerApp: ProcessRecord{e37e14a 2709:0:com.google.android.gms/u0a7}, flags: 400
I/ActivityManager( 1239): bindServiceLocked, r: ServiceRecord{9e3d254 u0 euid: 0 com.google.android.gms/.drive.api.DriveAsyncService}, euid: 0
I/ActivityManager( 1239): retrieveServiceLocked, callerApp: ProcessRecord{e37e14a 2709:0:com.google.android.gms/u0a7}, flags: 400
I/ActivityManager( 1239): retrieveServiceLocked, callerApp: ProcessRecord{e37e14a 2709:0:com.google.android.gms/u0a7}, flags: 400
I/ActivityManager( 1239): bindServiceLocked, r: ServiceRecord{9d5bfc0 u0 euid: 0 com.google.android.gms/.icing.service.IndexWorkerService}, euid: 0
I/ActivityManager( 1239): retrieveServiceLocked, callerApp: ProcessRecord{df0f0bf 31370:0:com.facebook.appmanager/u0a92}, flags: 400
I/ActivityManager( 1239): bindServiceLocked, r: ServiceRecord{eef54f9 u0 euid: 0 com.facebook.appmanager/com.facebook.oxygen.appmanager.sso.SsoService}, euid: 0
D/ActivityManager( 1239): cleanUpApplicationRecord -- 30455
I/ActivityManager( 1239): cleanUpApplicationRecordLocked, reset pid: 30455, euid: 0
E/PowerManagerService( 1239): updateWakeLockWorkSourceInternal: lock=157367358 [not found], ws=null
I/ActivityManager( 1239): retrieveServiceLocked, callerApp: ProcessRecord{e37e14a 2709:0:com.google.android.gms/u0a7}, flags: 400
I/ActivityManager( 1239): bindServiceLocked, r: ServiceRecord{4b5ba9f u0 euid: 0 com.google.android.gms/.wearable.service.WearableControlService}, euid: 0
I/ActivityManager( 1239): retrieveServiceLocked, callerApp: ProcessRecord{e37e14a 2709:0:com.google.android.gms/u0a7}, flags: 400
I/ActivityManager( 1239): bindServiceLocked, r: ServiceRecord{30de4a u0 euid: 0 com.google.android.gms/.icing.service.IndexService}, euid: 0
E/PowerManagerService( 1239): Exception when search wack lock :java.lang.IllegalArgumentException: Wake lock not active: android.os.BinderProxy@9613c3e from uid 10007
I/ActivityManager( 1239): retrieveServiceLocked, callerApp: ProcessRecord{e37e14a 2709:0:com.google.android.gms/u0a7}, flags: 400
I/ActivityManager( 1239): bindServiceLocked, r: ServiceRecord{9a69516 u0 euid: 0 com.google.android.gms/.games.chimera.GamesAsyncServiceProxy}, euid: 0
I/ActivityManager( 1239): retrieveServiceLocked, callerApp: ProcessRecord{e37e14a 2709:0:com.google.android.gms/u0a7}, flags: 400
I/ActivityManager( 1239): bindServiceLocked, r: ServiceRecord{25e5e97 u0 euid: 0 com.google.android.gms/.icing.service.IndexWorkerService}, euid: 0
V/AlarmManager( 1239): set(PendingIntent{2ca7884: PendingIntentRecord{76c90db com.google.android.gms broadcastIntent}}) : type=2 triggerAtTime=222774408 win=296376 tElapsed=222774408 maxElapsed=223070784 interval=0 flags=0x8
I/ActivityManager( 1239): retrieveServiceLocked, callerApp: ProcessRecord{e37e14a 2709:0:com.google.android.gms/u0a7}, flags: 400
I/ActivityManager( 1239): bindServiceLocked, r: ServiceRecord{9204d33 u0 euid: 0 com.google.android.gms/.icing.service.LightweightIndexService}, euid: 0
I/ActivityManager( 1239): retrieveServiceLocked, callerApp: ProcessRecord{89d0551 3227:0:com.facebook.katana/u0a368}, flags: 400
I/ActivityManager( 1239): bindServiceLocked, r: ServiceRecord{2b898f0 u0 euid: 0 com.facebook.katana/com.facebook.feed.platformads.AppInstallService}, euid: 0
I/ActivityManager( 1239): new Process app=ProcessRecord{108898f 0:0:com.android.documentsui/u0a36}, name: com.android.documentsui, euid: 0
I/ActivityManager( 1239): Start proc 31431:com.android.documentsui/u0a36 for broadcast com.android.documentsui/.PackageReceiver
I/ActivityManager( 1239): retrieveServiceLocked, callerApp: ProcessRecord{e37e14a 2709:0:com.google.android.gms/u0a7}, flags: 400
I/ActivityManager( 1239): bindServiceLocked, r: ServiceRecord{1e56dfa u0 euid: 0 com.google.android.gms/.lockbox.service.LockboxBrokerService}, euid: 0
W/BroadcastQueue( 1239): Permission Denial: broadcasting Intent { act=android.net.conn.CONNECTIVITY_CHANGE flg=0x4000010 (has extras) } from null (pid=-1, uid=-1) requires com.facebook.permission.prod.FB_APP_COMMUNICATION due to registered receiver BroadcastFilter{e1081a1 u0 ReceiverList{b529608 31370 com.facebook.appmanager/10092/u0 remote:f8e2fab}}
W/BroadcastQueue( 1239): Permission Denial: broadcasting Intent { act=android.net.conn.INET_CONDITION_ACTION flg=0x4000010 (has extras) } from null (pid=-1, uid=-1) requires com.facebook.permission.prod.FB_APP_COMMUNICATION due to registered receiver BroadcastFilter{e1081a1 u0 ReceiverList{b529608 31370 com.facebook.appmanager/10092/u0 remote:f8e2fab}}
D/ActivityThread(31431): ActivityThread,attachApplication
D/ActivityManager( 1239): ActivityManagerService,attachApplication,callingPid = 31431
V/ActivityManager( 1239): New app record ProcessRecord{108898f 31431:0:com.android.documentsui/u0a36} thread=android.os.BinderProxy@d9296dd pid=31431
I/ActivityManager( 1239): collectReceiverComponents for intent: Intent { act=com.facebook.common.appstate.peers flg=0x10 pkg=com.facebook.appmanager (has extras) }, receivers: null
I/ActivityManager( 1239): collectReceiverComponents for intent: Intent { act=com.google.android.gms.icing.action.CONTACT_CHANGED flg=0x10 pkg=com.google.android.gms (has extras) }, receivers: [ResolveInfo{d4fc252 com.google.android.gms/.chimera.GmsIntentOperationService$PersistentInternalReceiver m=0x108000 euid=0}]
I/ActivityManager( 1239): new Process app=ProcessRecord{d7549aa 0:0:com.facebook.system/u0a93}, name: com.facebook.system, euid: 0
I/ActivityManager( 1239): Start proc 31454:com.facebook.system/u0a93 for broadcast com.facebook.system/com.facebook.oxygen.installer.service.PackageReceiver
I/ActivityManager( 1239): Killing 30500:0:com.android.externalstorage/u0a6 (adj 9): empty #16
W/BroadcastQueue( 1239): Permission Denial: broadcasting Intent { act=android.net.conn.CONNECTIVITY_CHANGE flg=0x4000010 (has extras) } from null (pid=-1, uid=-1) requires com.facebook.permission.prod.FB_APP_COMMUNICATION due to registered receiver BroadcastFilter{15488e4 u0 ReceiverList{13ef477 31370 com.facebook.appmanager/10092/u0 remote:b65676}}
I/ActivityManager( 1239): retrieveServiceLocked, callerApp: ProcessRecord{df0f0bf 31370:0:com.facebook.appmanager/u0a92}, flags: 400
I/ActivityManager( 1239): bindServiceLocked, r: ServiceRecord{a8b6481 u0 euid: 0 com.facebook.appmanager/com.facebook.conditionalworker.ConditionalWorkerService}, euid: 0
D/ActivityThread(31454): ActivityThread,attachApplication
D/ActivityManager( 1239): ActivityManagerService,attachApplication,callingPid = 31454
V/ActivityManager( 1239): New app record ProcessRecord{d7549aa 31454:0:com.facebook.system/u0a93} thread=android.os.BinderProxy@988c7bd pid=31454
V/AlarmManager( 1239): set(PendingIntent{eb12c80: PendingIntentRecord{8a499d6 com.facebook.appmanager broadcastIntent}}) : type=2 triggerAtTime=247114124 win=0 tElapsed=247114124 maxElapsed=247114124 interval=0 flags=0x1
I/ActivityManager( 1239): Killing 30517:0:com.android.shell/2000 (adj 15): empty #16
I/ActivityManager( 1239): retrieveServiceLocked, callerApp: ProcessRecord{e37e14a 2709:0:com.google.android.gms/u0a7}, flags: 400
I/ActivityManager( 1239): bindServiceLocked, r: ServiceRecord{1769e5f u0 euid: 0 com.google.android.gms/.chimera.GmsInternalBoundBrokerService}, euid: 0
D/ActivityManager( 1239): cleanUpApplicationRecord -- 30500
I/ActivityManager( 1239): cleanUpApplicationRecordLocked, reset pid: 30500, euid: 0
I/ActivityThread(31431): Removing dead content provider:android.content.ContentProviderProxy@3d7fe41
D/ActivityManager( 1239): cleanUpApplicationRecord -- 30517
I/ActivityManager( 1239): cleanUpApplicationRecordLocked, reset pid: 30517, euid: 0
I/ActivityManager( 1239): retrieveServiceLocked, callerApp: ProcessRecord{e37e14a 2709:0:com.google.android.gms/u0a7}, flags: 400
I/ActivityManager( 1239): bindServiceLocked, r: ServiceRecord{3c90ac u0 euid: 0 com.google.android.gms/.stats.service.DropBoxEntryAddedService}, euid: 0
I/ActivityManager( 1239): new Process app=ProcessRecord{ee63175 0:0:com.android.shell/2000}, name: com.android.shell, euid: 0
I/ActivityManager( 1239): Start proc 31470:com.android.shell/2000 for content provider com.android.shell/.BugreportStorageProvider
V/ActivityManager_MU( 1239): Waiting to start provider ContentProviderRecord{92e50a u0 euid:0 com.android.shell/.BugreportStorageProvider} launchingApp=ProcessRecord{ee63175 31470:0:com.android.shell/2000} caller pid= 31431
D/ActivityThread(31470): ActivityThread,attachApplication
D/ActivityManager( 1239): ActivityManagerService,attachApplication,callingPid = 31470
V/ActivityManager( 1239): New app record ProcessRecord{ee63175 31470:0:com.android.shell/2000} thread=android.os.BinderProxy@a5ffa57 pid=31470
I/ActivityManager( 1239): Killing 29479:0:com.android.packageinstaller/u0a70 (adj 15): empty #16
V/ActivityManager( 1239): Provider ContentProviderRecord{92e50a u0 euid:0 com.android.shell/.BugreportStorageProvider} is published
D/ActivityManager( 1239): cleanUpApplicationRecord -- 29479
I/ActivityManager( 1239): cleanUpApplicationRecordLocked, reset pid: 29479, euid: 0
I/ActivityManager( 1239): retrieveServiceLocked, callerApp: ProcessRecord{64895d0 31193:0:com.android.contacts/u0a2}, flags: 400
I/ActivityManager( 1239): bindServiceLocked, r: ServiceRecord{3ffe4f3 u0 euid: 0 com.android.providers.contacts/.hap.birthday.BirthdayService}, euid: 0
I/ActivityManager( 1239): new Process app=ProcessRecord{2a8b5b0 0:0:com.android.providers.calendar/u0a28}, name: com.android.providers.calendar, euid: 0
I/ActivityManager( 1239): Start proc 31487:com.android.providers.calendar/u0a28 for content provider com.android.providers.calendar/.CalendarProvider2
V/ActivityManager_MU( 1239): Waiting to start provider ContentProviderRecord{f512c29 u0 euid:0 com.android.providers.calendar/.CalendarProvider2} launchingApp=ProcessRecord{2a8b5b0 31487:0:com.android.providers.calendar/u0a28} caller pid= 28252
D/ActivityThread(31487): ActivityThread,attachApplication
D/ActivityManager( 1239): ActivityManagerService,attachApplication,callingPid = 31487
V/ActivityManager( 1239): New app record ProcessRecord{2a8b5b0 31487:0:com.android.providers.calendar/u0a28} thread=android.os.BinderProxy@1ba7bae pid=31487
V/ActivityManager( 1239): Provider ContentProviderRecord{f512c29 u0 euid:0 com.android.providers.calendar/.CalendarProvider2} is published
I/ActivityManager( 1239): collectReceiverComponents for intent: Intent { act=com.google.android.gms.icing.IME_NOTIFICATION flg=0x10 pkg=com.google.android.apps.inputmethod.cantonese (has extras) }, receivers: null
I/ActivityManager( 1239): collectReceiverComponents for intent: Intent { act=com.google.android.gms.icing.IME_NOTIFICATION flg=0x10 pkg=com.google.android.apps.inputmethod.hindi (has extras) }, receivers: null
I/ActivityManager( 1239): collectReceiverComponents for intent: Intent { act=com.google.android.gms.icing.IME_NOTIFICATION flg=0x10 pkg=com.google.android.apps.inputmethod.zhuyin (has extras) }, receivers: null
I/ActivityManager( 1239): retrieveServiceLocked, callerApp: ProcessRecord{2a8b5b0 31487:0:com.android.providers.calendar/u0a28}, flags: 400
I/ActivityManager( 1239): bindServiceLocked, r: ServiceRecord{2713761 u0 euid: 0 com.android.providers.calendar/.EmptyService}, euid: 0
I/ActivityManager( 1239): collectReceiverComponents for intent: Intent { act=com.google.android.gms.icing.IME_NOTIFICATION flg=0x10 pkg=com.android.inputmethod.latin (has extras) }, receivers: null
I/ActivityManager( 1239): collectReceiverComponents for intent: Intent { act=com.google.android.gms.icing.IME_NOTIFICATION flg=0x10 pkg=com.google.android.inputmethod.korean (has extras) }, receivers: null
I/ActivityManager( 1239): collectReceiverComponents for intent: Intent { act=com.google.android.gms.icing.IME_NOTIFICATION flg=0x10 pkg=com.google.android.inputmethod.pinyin (has extras) }, receivers: null
I/ActivityManager( 1239): collectReceiverComponents for intent: Intent { act=com.google.android.gms.icing.IME_NOTIFICATION flg=0x10 pkg=com.google.android.inputmethod.japanese (has extras) }, receivers: null
I/ActivityManager( 1239): collectReceiverComponents for intent: Intent { act=com.google.android.gms.icing.IME_NOTIFICATION flg=0x10 pkg=com.google.android.inputmethod.latin.dogfood (has extras) }, receivers: null
I/ActivityManager( 1239): collectReceiverComponents for intent: Intent { act=com.google.android.gms.icing.IME_NOTIFICATION flg=0x10 pkg=com.google.android.inputmethod.latin (has extras) }, receivers: null
I/ActivityManager( 1239): collectReceiverComponents for intent: Intent { act=com.facebook.common.appstate.peers flg=0x10 pkg=com.facebook.appmanager (has extras) }, receivers: null
D/HwBatteryService( 1239): onUEvent fcp_values = 0
D/WifiService( 1239): onReceive, action:android.intent.action.BATTERY_CHANGED
D/WifiService( 1239): ACTION_BATTERY_CHANGED pluggedType: 2
I/ActivityManager( 1239): collectReceiverComponents for intent: Intent { act=android.intent.action.PROVIDER_CHANGED dat=content://com.android.calendar flg=0x10 }, receivers: [ResolveInfo{f1a5286 com.facebook.orca/com.facebook.messaging.business.calendar.CalendarSyncReceiver p=999 m=0x308000 euid=0}, ResolveInfo{cfe2747 com.android.calendar/.alerts.AlertReceiver m=0x308000 euid=0}, ResolveInfo{188b74 com.android.calendar/.widget.CalendarAppWidgetService$CalendarFactory m=0x308000 euid=0}, ResolveInfo{4a8e89d com.android.calendar/.simpleui.CalendarSimpleUiPRovider m=0x308000 euid=0}, ResolveInfo{9391112 com.android.calendar/.mycalendar.CalendarAppWidgetProvider m=0x308000 euid=0}]
I/ActivityManager( 1239): Killing 30394:0:com.android.defcontainer/u0a1 (adj 15): empty #16
I/ActivityManager( 1239): new Process app=ProcessRecord{66bf0e3 0:0:com.android.calendar/u0a38}, name: com.android.calendar, euid: 0
I/ActivityManager( 1239): Start proc 31503:com.android.calendar/u0a38 for broadcast com.android.calendar/.alerts.AlertReceiver
D/ActivityThread(31503): ActivityThread,attachApplication
D/ActivityManager( 1239): ActivityManagerService,attachApplication,callingPid = 31503
V/ActivityManager( 1239): New app record ProcessRecord{66bf0e3 31503:0:com.android.calendar/u0a38} thread=android.os.BinderProxy@1eceae0 pid=31503
D/ActivityManager( 1239): cleanUpApplicationRecord -- 30394
I/ActivityManager( 1239): cleanUpApplicationRecordLocked, reset pid: 30394, euid: 0
I/ActivityManager( 1239): retrieveServiceLocked, callerApp: ProcessRecord{66bf0e3 31503:0:com.android.calendar/u0a38}, flags: 400
I/ActivityManager( 1239): bindServiceLocked, r: ServiceRecord{ab07199 u0 euid: 0 com.android.calendar/.alerts.AlertService}, euid: 0
I/ActivityManager( 1239): collectReceiverComponents for intent: Intent { act=com.android.calendar.APPWIDGET_UPDATE flg=0x10 }, receivers: [ResolveInfo{5132c5e com.android.calendar/.widget.CalendarAppWidgetProvider m=0x108000 euid=0}]
I/ActivityManager( 1239): Killing 31158:0:com.huawei.gamebox.global/u0a109 (adj 15): empty #16
I/AppWidgetServiceImpl( 1239): recycle oldRemoteView
D/ActivityManager( 1239): cleanUpApplicationRecord -- 31158
I/ActivityManager( 1239): cleanUpApplicationRecordLocked, reset pid: 31158, euid: 0
I/ActivityManager( 1239): collectReceiverComponents for intent: Intent { act=com.facebook.common.appstate.peers flg=0x10 pkg=com.facebook.appmanager (has extras) }, receivers: null
V/AlarmManager( 1239): Alarm triggering (type 0 or 2): [Alarm{f62b83f type 0 when 1488170370434 com.huawei.android.ds}]
V/AlarmManager( 1239): sending alarm Alarm{f62b83f type 0 when 1488170370434 com.huawei.android.ds},repeatInterval = 0
I/ActivityManager( 1239): collectReceiverComponents for intent: Intent { act=com.huawei.intent.action.PUSH_OFF flg=0x14 pkg=com.huawei.android.ds (has extras) }, receivers: null
D/HwNotificationManagerService( 1239): generateConver: pkgname = com.freevpn.vpn_master, uid = 10037
D/HwNotificationManagerService( 1239): coverNotificationContentView: update cover NotificationContentViewRecord{9a5a551 pkg=com.freevpn.vpn_master uid=10037 id=1 tag=null userId=0}
D/HwNotificationManagerService( 1239): generateConver: pkgname = com.freevpn.vpn_master, uid = 10037
D/HwNotificationManagerService( 1239): coverNotificationContentView: update cover NotificationContentViewRecord{9a5a551 pkg=com.freevpn.vpn_master uid=10037 id=1 tag=null userId=0}
I/HwMtmBroadcastResourceManager( 1239): removeReceiver mtm Broadcast
I/ActivityManager( 1239): Killing 31193:0:com.android.contacts/u0a2 (adj 15): empty #16
D/ActivityManager( 1239): cleanUpApplicationRecord -- 31193
I/ActivityManager( 1239): cleanUpApplicationRecordLocked, reset pid: 31193, euid: 0
V/AlarmManager( 1239): Alarm triggering (type 0 or 2): [Alarm{de1b06a type 2 when 222384575 com.facebook.orca}]
V/AlarmManager( 1239): sending alarm Alarm{de1b06a type 2 when 222384575 com.facebook.orca},repeatInterval = 0
I/ActivityManager( 1239): collectReceiverComponents for intent: Intent { act=X.04B.ACTION_ALARM.MqttLite.com.facebook.orca flg=0x14 pkg=com.facebook.orca (has extras) }, receivers: null
V/AlarmManager( 1239): set(PendingIntent{8d4995b: PendingIntentRecord{23eec81 com.facebook.orca broadcastIntent}}) : type=2 triggerAtTime=222384953 win=0 tElapsed=222389586 maxElapsed=222389586 interval=0 flags=0xd
V/AlarmManager( 1239): set(PendingIntent{a135f8: PendingIntentRecord{23eec81 com.facebook.orca broadcastIntent}}) : type=2 triggerAtTime=222384593 win=0 tElapsed=222389594 maxElapsed=222389594 interval=0 flags=0xd
V/AlarmManager( 1239): set(PendingIntent{8e5bad1: PendingIntentRecord{23eec81 com.facebook.orca broadcastIntent}}) : type=2 triggerAtTime=222384953 win=0 tElapsed=222389681 maxElapsed=222389681 interval=0 flags=0xd
V/AlarmManager( 1239): set(PendingIntent{7626936: PendingIntentRecord{23eec81 com.facebook.orca broadcastIntent}}) : type=2 triggerAtTime=222384953 win=0 tElapsed=222389696 maxElapsed=222389696 interval=0 flags=0xd
I/ActivityManager( 1239): collectReceiverComponents for intent: Intent { act=com.facebook.common.appstate.peers flg=0x10 pkg=com.facebook.appmanager (has extras) }, receivers: null
D/HwNotificationManagerService( 1239): generateConver: pkgname = com.freevpn.vpn_master, uid = 10037
D/HwNotificationManagerService( 1239): coverNotificationContentView: update cover NotificationContentViewRecord{9a5a551 pkg=com.freevpn.vpn_master uid=10037 id=1 tag=null userId=0}
D/HwNotificationManagerService( 1239): generateConver: pkgname = com.freevpn.vpn_master, uid = 10037
D/HwNotificationManagerService( 1239): coverNotificationContentView: update cover NotificationContentViewRecord{9a5a551 pkg=com.freevpn.vpn_master uid=10037 id=1 tag=null userId=0}
W/ContextImpl( 1239): Calling a method in the system process without a qualified user: android.app.ContextImpl.sendBroadcast:848 com.android.server.pm.HwPackageManagerService.parseInstallerInfo:1877 com.android.server.pm.PackageManagerService.installPackageAsUser:10417 android.content.pm.IPackageManager$Stub.onTransact:975 com.android.server.pm.PackageManagerService.onTransact:2807 
V/HwPackageManagerService( 1239): installPackageWithVerificationAndEncryption:  uid= 2000, pid=31543, packageUri= /data/local/tmp/app-debug.apk
I/ActivityManager( 1239): retrieveServiceLocked, callerApp: ProcessRecord{f9a6ad2 0:0:system/1000}, flags: 400
I/ActivityManager( 1239): bindServiceLocked, r: ServiceRecord{f00cc10 u0 euid: 0 com.android.defcontainer/.DefaultContainerService}, euid: 0
I/ActivityManager( 1239): mAm.startProcessLocked for service: ServiceRecord{f00cc10 u0 euid: 0 com.android.defcontainer/.DefaultContainerService}, appinfo euid: 0
I/ActivityManager( 1239): new Process app=ProcessRecord{5e3f309 0:0:com.android.defcontainer/u0a1}, name: com.android.defcontainer, euid: 0
I/ActivityManager( 1239): Start proc 31554:com.android.defcontainer/u0a1 for service com.android.defcontainer/.DefaultContainerService
D/ActivityThread(31554): ActivityThread,attachApplication
D/ActivityManager( 1239): ActivityManagerService,attachApplication,callingPid = 31554
V/ActivityManager( 1239): New app record ProcessRecord{5e3f309 31554:0:com.android.defcontainer/u0a1} thread=android.os.BinderProxy@811690e pid=31554
D/DefContainer(31554): Copying /data/local/tmp/app-debug.apk to base.apk
I/ActivityManager( 1239): Process com.android.settings (pid 23938) has died
D/ActivityManager( 1239): cleanUpApplicationRecord -- 23938
W/ActivityManager( 1239): Scheduling restart of crashed service com.android.settings/.deviceinfo.UsbConnectedService in 1000ms
I/ActivityManager( 1239): cleanUpApplicationRecordLocked, reset pid: 23938, euid: 0
I/ActivityManager( 1239): retrieveServiceLocked, callerApp: ProcessRecord{df0f0bf 31370:0:com.facebook.appmanager/u0a92}, flags: 400
I/ActivityManager( 1239): bindServiceLocked, r: ServiceRecord{b2a8f4b u0 euid: 0 com.facebook.appmanager/com.facebook.analytics.service.AnalyticsService}, euid: 0
I/ActivityManager( 1239): retrieveServiceLocked, callerApp: ProcessRecord{df0f0bf 31370:0:com.facebook.appmanager/u0a92}, flags: 400
