I/ActivityManager( 1239): collectReceiverComponents for intent: Intent { act=com.google.android.gms.icing.IME_NOTIFICATION flg=0x10 pkg=com.google.android.apps.inputmethod.hindi (has extras) }, receivers: null
I/ActivityManager( 1239): collectReceiverComponents for intent: Intent { act=com.google.android.gms.icing.IME_NOTIFICATION flg=0x10 pkg=com.google.android.apps.inputmethod.zhuyin (has extras) }, receivers: null
I/ActivityManager( 1239): collectReceiverComponents for intent: Intent { act=com.google.android.gms.icing.IME_NOTIFICATION flg=0x10 pkg=com.android.inputmethod.latin (has extras) }, receivers: null
I/ActivityManager( 1239): collectReceiverComponents for intent: Intent { act=com.google.android.gms.icing.IME_NOTIFICATION flg=0x10 pkg=com.google.android.inputmethod.korean (has extras) }, receivers: null
I/ActivityManager( 1239): collectReceiverComponents for intent: Intent { act=com.google.android.gms.icing.IME_NOTIFICATION flg=0x10 pkg=com.google.android.inputmethod.pinyin (has extras) }, receivers: null
I/ActivityManager( 1239): collectReceiverComponents for intent: Intent { act=com.google.android.gms.icing.IME_NOTIFICATION flg=0x10 pkg=com.google.android.inputmethod.japanese (has extras) }, receivers: null
I/ActivityManager( 1239): collectReceiverComponents for intent: Intent { act=com.google.android.gms.icing.IME_NOTIFICATION flg=0x10 pkg=com.google.android.inputmethod.latin.dogfood (has extras) }, receivers: null
I/ActivityManager( 1239): collectReceiverComponents for intent: Intent { act=com.google.android.gms.icing.IME_NOTIFICATION flg=0x10 pkg=com.google.android.inputmethod.latin (has extras) }, receivers: null
I/ActivityManager( 1239): retrieveServiceLocked, callerApp: ProcessRecord{1eea12a 31868:0:com.google.android.apps.docs/u0a51}, flags: 400
I/ActivityManager( 1239): bindServiceLocked, r: ServiceRecord{30b9785 u0 euid: 0 com.google.android.gms/.auth.GetToken}, euid: 0
I/ActivityManager( 1239): retrieveServiceLocked, callerApp: ProcessRecord{f9a6ad2 0:0:system/1000}, flags: 400
I/ActivityManager( 1239): bindServiceLocked, r: ServiceRecord{d732701 u0 euid: 0 com.google.android.gms/.auth.account.authenticator.GoogleAccountAuthenticatorService}, euid: 0
I/ActivityManager( 1239): retrieveServiceLocked, callerApp: ProcessRecord{eea6e80 3664:0:com.google.android.gms.persistent/u0a7}, flags: 400
I/ActivityManager( 1239): bindServiceLocked, r: ServiceRecord{5907794 u0 euid: 0 com.google.android.gms/.checkin.CheckinApiService}, euid: 0
W/ActivityManager( 1239): getTasks: caller 10135 does not hold REAL_GET_TASKS; limiting output
V/AlarmManager( 1239): Alarm triggering (type 0 or 2): [Alarm{36a323d type 0 when 1488170396157 com.huawei.android.ds}]
V/AlarmManager( 1239): sending alarm Alarm{36a323d type 0 when 1488170396157 com.huawei.android.ds},repeatInterval = 0
I/ActivityManager( 1239): collectReceiverComponents for intent: Intent { act=com.huawei.intent.action.PUSH_OFF flg=0x14 pkg=com.huawei.android.ds (has extras) }, receivers: null
D/VoldConnector( 1239): SND -> {37 volume remount_uid 10445 read}
D/VoldCmdListener(  330): volume remount_uid 10445 read
D/vold    (  330): Remounting 10445 as mode read
D/vold    (  330): Found matching PID 31906
D/VoldConnector( 1239): RCV <- {200 37 Command succeeded}
D/VoldConnector( 1239): RCV <- {200 37 Command succeeded}
D/VoldConnector( 1239): SND -> {38 volume remount_uid 10445 write}
D/VoldCmdListener(  330): volume remount_uid 10445 write
D/vold    (  330): Remounting 10445 as mode write
D/vold    (  330): Found matching PID 31906
D/VoldConnector( 1239): RCV <- {200 38 Command succeeded}
D/VoldConnector( 1239): RCV <- {200 38 Command succeeded}
V/AlarmManager( 1239): Alarm triggering (type 0 or 2): [Alarm{7b42a32 type 2 when 222409686 com.facebook.katana}]
V/AlarmManager( 1239): sending alarm Alarm{7b42a32 type 2 when 222409686 com.facebook.katana},repeatInterval = 0
I/ActivityManager( 1239): collectReceiverComponents for intent: Intent { act=X.2qV.ACTION_ALARM.com.facebook.katana.Mqtt_Wakeup flg=0x14 pkg=com.facebook.katana (has extras) }, receivers: null
V/AlarmManager( 1239): set(PendingIntent{13d6383: PendingIntentRecord{f769404 com.facebook.katana broadcastIntent}}) : type=2 triggerAtTime=223329773 win=0 tElapsed=223329773 maxElapsed=223329773 interval=0 flags=0x9
W/ActivityManager( 1239): getRunningAppProcesses: caller 10368 does not hold REAL_GET_TASKS; limiting output
D/HwNotificationManagerService( 1239): generateConver: pkgname = com.freevpn.vpn_master, uid = 10037
D/HwNotificationManagerService( 1239): coverNotificationContentView: update cover NotificationContentViewRecord{9a5a551 pkg=com.freevpn.vpn_master uid=10037 id=1 tag=null userId=0}
D/HwNotificationManagerService( 1239): generateConver: pkgname = com.freevpn.vpn_master, uid = 10037
V/AlarmManager( 1239): set(PendingIntent{376b77e: PendingIntentRecord{8b1b86e com.facebook.katana broadcastIntent}}) : type=2 triggerAtTime=222491869 win=0 tElapsed=222491869 maxElapsed=222491869 interval=0 flags=0xd
D/HwNotificationManagerService( 1239): coverNotificationContentView: update cover NotificationContentViewRecord{9a5a551 pkg=com.freevpn.vpn_master uid=10037 id=1 tag=null userId=0}
D/WifiService( 1239): onReceive, action:android.intent.action.BATTERY_CHANGED
D/WifiService( 1239): ACTION_BATTERY_CHANGED pluggedType: 2
I/HwMtmBroadcastResourceManager( 1239): removeReceiver mtm Broadcast
I/ActivityManager( 1239): collectReceiverComponents for intent: Intent { act=com.facebook.common.appstate.peers flg=0x10 pkg=com.facebook.appmanager (has extras) }, receivers: null
V/HwWindowManagerService( 1239): moveTaskToTop mTaskChanged:true
V/HwWindowManagerService( 1239): setFocusedApp update app ops, mTaskChanged set to:false
I/HwWindowManagerService( 1239): this win:Window{91224ec u0 com.facebook.orca} hase children size:0
I/HwWindowManagerService( 1239): this win:Window{bdb334a u0 com.facebook.orca} hase children size:0
I/HwWindowManagerService( 1239): this win:Window{672a3d8 u0 com.facebook.orca} hase children size:0
I/HwWindowManagerService( 1239): this win:Window{e213a16 u0 com.facebook.orca} hase children size:0
I/HwWindowManagerService( 1239): this win:Window{ffd75ee u0 com.facebook.orca} hase children size:0
D/ActivityManager( 1239): className: com.android.packageinstaller.permission.ui.GrantPermissionsActivity
D/HwWindowManagerService( 1239): send UpdateStateSuspensionWindow, visible: true
I/HwWindowManagerService( 1239): this win:Window{91224ec u0 com.facebook.orca} hase children size:0
D/HwWindowManagerService( 1239): updateSuspendsionWindowState win: Window{91224ec u0 com.facebook.orca}visible: true
I/HwWindowManagerService( 1239): this win:Window{bdb334a u0 com.facebook.orca} hase children size:0
D/HwWindowManagerService( 1239): updateSuspendsionWindowState win: Window{bdb334a u0 com.facebook.orca}visible: true
I/HwWindowManagerService( 1239): this win:Window{672a3d8 u0 com.facebook.orca} hase children size:0
D/HwWindowManagerService( 1239): updateSuspendsionWindowState win: Window{672a3d8 u0 com.facebook.orca}visible: true
I/HwWindowManagerService( 1239): this win:Window{e213a16 u0 com.facebook.orca} hase children size:0
D/HwWindowManagerService( 1239): updateSuspendsionWindowState win: Window{e213a16 u0 com.facebook.orca}visible: true
I/HwWindowManagerService( 1239): this win:Window{ffd75ee u0 com.facebook.orca} hase children size:0
D/HwWindowManagerService( 1239): updateSuspendsionWindowState win: Window{ffd75ee u0 com.facebook.orca}visible: true
D/HwBatteryService( 1239): onUEvent fcp_values = 0
V/WindowManager( 1239): Skipping AppWindowToken{9b4df37 token=Token{a7a3436 ActivityRecord{ba1d1d1 u0 com.android.packageinstaller/.permission.ui.GrantPermissionsActivity t2273}}} -- going to hide
D/WifiService( 1239): onReceive, action:android.intent.action.BATTERY_CHANGED
D/WifiService( 1239): ACTION_BATTERY_CHANGED pluggedType: 2
D/HwNotificationManagerService( 1239): generateConver: pkgname = com.freevpn.vpn_master, uid = 10037
D/HwNotificationManagerService( 1239): coverNotificationContentView: update cover NotificationContentViewRecord{9a5a551 pkg=com.freevpn.vpn_master uid=10037 id=1 tag=null userId=0}
D/HwNotificationManagerService( 1239): generateConver: pkgname = com.freevpn.vpn_master, uid = 10037
D/HwNotificationManagerService( 1239): coverNotificationContentView: update cover NotificationContentViewRecord{9a5a551 pkg=com.freevpn.vpn_master uid=10037 id=1 tag=null userId=0}
V/AlarmManager( 1239): sending alarm Alarm{13a6bf5 type 3 when 222412890 android},repeatInterval = 0
I/ActivityManager( 1239): retrieveServiceLocked, callerApp: ProcessRecord{a5162bb 30707:0:com.zing.zalo/u0a135}, flags: 400
I/ActivityManager( 1239): bindServiceLocked, r: ServiceRecord{742cd8a u0 euid: 0 com.google.android.gsf/.gtalkservice.PushMessagingRegistrarProxy}, euid: 0
W/ActivityManager( 1239): getTasks: caller 10135 does not hold REAL_GET_TASKS; limiting output
I/ActivityManager( 1239): retrieveServiceLocked, callerApp: ProcessRecord{4663555 31946:0:com.google.process.gapps/u0a7}, flags: 400
I/ActivityManager( 1239): bindServiceLocked, r: ServiceRecord{4cdbffb u0 euid: 0 com.google.android.gms/.gcm.PushMessagingRegistrarProxy}, euid: 0
I/ActivityManager( 1239): retrieveServiceLocked, callerApp: ProcessRecord{eea6e80 3664:0:com.google.android.gms.persistent/u0a7}, flags: 400
I/ActivityManager( 1239): bindServiceLocked, r: ServiceRecord{3083856 u0 euid: 0 com.google.android.gms/.gcm.http.GoogleHttpService}, euid: 0
D/HwNotificationManagerService( 1239): generateConver: pkgname = com.freevpn.vpn_master, uid = 10037
D/HwNotificationManagerService( 1239): coverNotificationContentView: update cover NotificationContentViewRecord{9a5a551 pkg=com.freevpn.vpn_master uid=10037 id=1 tag=null userId=0}
D/HwNotificationManagerService( 1239): generateConver: pkgname = com.freevpn.vpn_master, uid = 10037
D/HwNotificationManagerService( 1239): coverNotificationContentView: update cover NotificationContentViewRecord{9a5a551 pkg=com.freevpn.vpn_master uid=10037 id=1 tag=null userId=0}
I/ActivityManager( 1239): collectReceiverComponents for intent: Intent { act=com.google.android.c2dm.intent.REGISTRATION flg=0x10 pkg=com.zing.zalo (has extras) }, receivers: [ResolveInfo{73124ad com.zing.zalo/com.google.android.gcm.GCMBroadcastReceiver m=0x108000 euid=0}]
I/ActivityManager( 1239): retrieveServiceLocked, callerApp: ProcessRecord{a5162bb 30707:0:com.zing.zalo/u0a135}, flags: 400
I/ActivityManager( 1239): bindServiceLocked, r: ServiceRecord{3e783e2 u0 euid: 0 com.zing.zalo/.service.GCMIntentService}, euid: 0
I/ActivityManager( 1239): retrieveServiceLocked, callerApp: ProcessRecord{e37e14a 2709:0:com.google.android.gms/u0a7}, flags: 400
I/ActivityManager( 1239): bindServiceLocked, r: ServiceRecord{67dfc2e u0 euid: 0 com.google.android.gms/.cast.service.CastDeviceScannerIntentService}, euid: 0
V/AlarmManager( 1239): Alarm triggering (type 0 or 2): [Alarm{e93cf type 2 when 222418156 com.instagram.android}]
V/AlarmManager( 1239): sending alarm Alarm{e93cf type 2 when 222418156 com.instagram.android},repeatInterval = 0
I/ActivityManager( 1239): collectReceiverComponents for intent: Intent { act=com.facebook.rti.mqtt.common.e.x.ACTION_ALARM.FBNS.com.instagram.android flg=0x14 pkg=com.instagram.android (has extras) }, receivers: null
D/HwNotificationManagerService( 1239): generateConver: pkgname = com.freevpn.vpn_master, uid = 10037
D/HwNotificationManagerService( 1239): coverNotificationContentView: update cover NotificationContentViewRecord{9a5a551 pkg=com.freevpn.vpn_master uid=10037 id=1 tag=null userId=0}
D/HwNotificationManagerService( 1239): generateConver: pkgname = com.freevpn.vpn_master, uid = 10037
D/HwNotificationManagerService( 1239): coverNotificationContentView: update cover NotificationContentViewRecord{9a5a551 pkg=com.freevpn.vpn_master uid=10037 id=1 tag=null userId=0}
W/ActivityManager( 1239): getTasks: caller 10135 does not hold REAL_GET_TASKS; limiting output
V/AlarmManager( 1239): sending alarm Alarm{b8a9deb type 3 when 222417057 com.zing.zalo},repeatInterval = 0
I/ActivityManager( 1239): collectReceiverComponents for intent: Intent { act=com.google.android.gcm.intent.RETRY flg=0x14 (has extras) }, receivers: null
I/ActivityManager( 1239): retrieveServiceLocked, callerApp: ProcessRecord{a5162bb 30707:0:com.zing.zalo/u0a135}, flags: 400
I/ActivityManager( 1239): bindServiceLocked, r: ServiceRecord{4e50748 u0 euid: 0 com.zing.zalo/.service.GCMIntentService}, euid: 0
I/ActivityManager( 1239): retrieveServiceLocked, callerApp: ProcessRecord{a5162bb 30707:0:com.zing.zalo/u0a135}, flags: 400
I/ActivityManager( 1239): bindServiceLocked, r: ServiceRecord{76c39e1 u0 euid: 0 com.google.android.gsf/.gtalkservice.PushMessagingRegistrarProxy}, euid: 0
I/ActivityManager( 1239): retrieveServiceLocked, callerApp: ProcessRecord{4663555 31946:0:com.google.process.gapps/u0a7}, flags: 400
I/ActivityManager( 1239): bindServiceLocked, r: ServiceRecord{7bd6306 u0 euid: 0 com.google.android.gms/.gcm.PushMessagingRegistrarProxy}, euid: 0
I/ActivityManager( 1239): Killing 31554:0:com.android.defcontainer/u0a1 (adj 15): empty #16
I/ActivityManager( 1239): retrieveServiceLocked, callerApp: ProcessRecord{eea6e80 3664:0:com.google.android.gms.persistent/u0a7}, flags: 400
I/ActivityManager( 1239): bindServiceLocked, r: ServiceRecord{e91931d u0 euid: 0 com.google.android.gms/.gcm.http.GoogleHttpService}, euid: 0
D/ActivityManager( 1239): cleanUpApplicationRecord -- 31554
I/ActivityManager( 1239): cleanUpApplicationRecordLocked, reset pid: 31554, euid: 0
I/ActivityManager( 1239): collectReceiverComponents for intent: Intent { act=android.intent.action.SIG_STR flg=0x20000010 (has extras) }, receivers: null
I/ActivityManager( 1239): collectReceiverComponents for intent: Intent { act=com.google.android.c2dm.intent.REGISTRATION flg=0x10 pkg=com.zing.zalo (has extras) }, receivers: [ResolveInfo{43ca992 com.zing.zalo/com.google.android.gcm.GCMBroadcastReceiver m=0x108000 euid=0}]
I/ActivityManager( 1239): retrieveServiceLocked, callerApp: ProcessRecord{a5162bb 30707:0:com.zing.zalo/u0a135}, flags: 400
I/ActivityManager( 1239): bindServiceLocked, r: ServiceRecord{26adf63 u0 euid: 0 com.zing.zalo/.service.GCMIntentService}, euid: 0
D/HwNotificationManagerService( 1239): generateConver: pkgname = com.freevpn.vpn_master, uid = 10037
D/HwNotificationManagerService( 1239): coverNotificationContentView: update cover NotificationContentViewRecord{9a5a551 pkg=com.freevpn.vpn_master uid=10037 id=1 tag=null userId=0}
D/HwNotificationManagerService( 1239): generateConver: pkgname = com.freevpn.vpn_master, uid = 10037
D/HwNotificationManagerService( 1239): coverNotificationContentView: update cover NotificationContentViewRecord{9a5a551 pkg=com.freevpn.vpn_master uid=10037 id=1 tag=null userId=0}
W/FileUtils(31906): Failed to chmod(/storage/emulated/0/globe3TMS/db/globe3.db): android.system.ErrnoException: chmod failed: EPERM (Operation not permitted)
W/FileUtils(31906): Failed to chmod(/storage/emulated/0/globe3TMS/db/globe3.db): android.system.ErrnoException: chmod failed: EPERM (Operation not permitted)
I/ActivityManager( 1239): retrieveServiceLocked, callerApp: ProcessRecord{4461f8 29720:0:com.vng.inputmethod.labankey/u0a98}, flags: 400
I/ActivityManager( 1239): bindServiceLocked, r: ServiceRecord{e38a98c u0 euid: 0 com.vng.inputmethod.labankey/com.vng.inputmethod.labankeycloud.async.UserHistoryBackupRestoreService}, euid: 0
I/ActivityManager( 1239): Killing 31634:0:com.huawei.gamebox.global/u0a109 (adj 15): empty #16
D/ActivityManager( 1239): cleanUpApplicationRecord -- 31634
I/ActivityManager( 1239): cleanUpApplicationRecordLocked, reset pid: 31634, euid: 0
W/NotificationService( 1239): NOSOUND: no valid sound
W/NotificationService( 1239): NOSOUND: no valid sound
I/HwMtmBroadcastResourceManager( 1239): removeReceiver mtm Broadcast
D/HwNotificationManagerService( 1239): generateConver: pkgname = com.freevpn.vpn_master, uid = 10037
D/HwNotificationManagerService( 1239): coverNotificationContentView: update cover NotificationContentViewRecord{9a5a551 pkg=com.freevpn.vpn_master uid=10037 id=1 tag=null userId=0}
D/HwNotificationManagerService( 1239): generateConver: pkgname = com.freevpn.vpn_master, uid = 10037
D/HwNotificationManagerService( 1239): coverNotificationContentView: update cover NotificationContentViewRecord{9a5a551 pkg=com.freevpn.vpn_master uid=10037 id=1 tag=null userId=0}
W/ActivityManager( 1239): getTasks: caller 10135 does not hold REAL_GET_TASKS; limiting output
V/AlarmManager( 1239): set(PendingIntent{2bd16b7: PendingIntentRecord{6d61f06 com.instagram.android broadcastIntent}}) : type=2 triggerAtTime=222621673 win=0 tElapsed=222621673 maxElapsed=222621673 interval=0 flags=0xd
W/ActivityManager( 1239): getTasks: caller 10135 does not hold REAL_GET_TASKS; limiting output
V/AlarmManager( 1239): Alarm triggering (type 0 or 2): [Alarm{ff89e24 type 0 when 1488170407259 com.android.vending}, Alarm{e27d8d type 2 when 222421293 android}]
V/AlarmManager( 1239): sending alarm Alarm{ff89e24 type 0 when 1488170407259 com.android.vending},repeatInterval = 0
I/ActivityManager( 1239): retrieveServiceLocked, callerApp: null, flags: 400
I/ActivityManager( 1239): bindServiceLocked, r: ServiceRecord{abe9b42 u0 euid: 0 com.android.vending/com.google.android.finsky.services.ContentSyncService}, euid: 0
V/AlarmManager( 1239): sending alarm Alarm{e27d8d type 2 when 222421293 android},repeatInterval = 0
I/ActivityManager( 1239): collectReceiverComponents for intent: Intent { act=action.pfw.wakeup.timer flg=0x14 (has extras) }, receivers: null
V/AlarmManager( 1239): sending alarm Alarm{d826753 type 3 when 222428638 com.zing.zalo},repeatInterval = 0
I/ActivityManager( 1239): collectReceiverComponents for intent: Intent { act=com.google.android.gcm.intent.RETRY flg=0x14 (has extras) }, receivers: null
V/AlarmManager( 1239): set(PendingIntent{9337890: PendingIntentRecord{ca60757 android broadcastIntent}}) : type=2 triggerAtTime=222728707 win=225000 tElapsed=222728707 maxElapsed=222953707 interval=0 flags=0x8
I/ActivityManager( 1239): retrieveServiceLocked, callerApp: ProcessRecord{a5162bb 30707:0:com.zing.zalo/u0a135}, flags: 400
I/ActivityManager( 1239): bindServiceLocked, r: ServiceRecord{9066589 u0 euid: 0 com.zing.zalo/.service.GCMIntentService}, euid: 0
I/ActivityManager( 1239): retrieveServiceLocked, callerApp: ProcessRecord{a5162bb 30707:0:com.zing.zalo/u0a135}, flags: 400
I/ActivityManager( 1239): bindServiceLocked, r: ServiceRecord{b9f298e u0 euid: 0 com.google.android.gsf/.gtalkservice.PushMessagingRegistrarProxy}, euid: 0
I/ActivityManager( 1239): retrieveServiceLocked, callerApp: ProcessRecord{4663555 31946:0:com.google.process.gapps/u0a7}, flags: 400
I/ActivityManager( 1239): bindServiceLocked, r: ServiceRecord{34225af u0 euid: 0 com.google.android.gms/.gcm.PushMessagingRegistrarProxy}, euid: 0
I/ActivityManager( 1239): retrieveServiceLocked, callerApp: ProcessRecord{eea6e80 3664:0:com.google.android.gms.persistent/u0a7}, flags: 400
I/ActivityManager( 1239): bindServiceLocked, r: ServiceRecord{ee8509a u0 euid: 0 com.google.android.gms/.gcm.http.GoogleHttpService}, euid: 0
D/HwNotificationManagerService( 1239): generateConver: pkgname = com.freevpn.vpn_master, uid = 10037
D/HwNotificationManagerService( 1239): coverNotificationContentView: update cover NotificationContentViewRecord{9a5a551 pkg=com.freevpn.vpn_master uid=10037 id=1 tag=null userId=0}
D/HwNotificationManagerService( 1239): generateConver: pkgname = com.freevpn.vpn_master, uid = 10037
D/HwNotificationManagerService( 1239): coverNotificationContentView: update cover NotificationContentViewRecord{9a5a551 pkg=com.freevpn.vpn_master uid=10037 id=1 tag=null userId=0}
I/ActivityManager( 1239): collectReceiverComponents for intent: Intent { act=android.intent.action.SIG_STR flg=0x20000010 (has extras) }, receivers: null
W/ActivityManager( 1239): getTasks: caller 10135 does not hold REAL_GET_TASKS; limiting output
D/HwNotificationManagerService( 1239): generateConver: pkgname = com.freevpn.vpn_master, uid = 10037
D/HwNotificationManagerService( 1239): coverNotificationContentView: update cover NotificationContentViewRecord{9a5a551 pkg=com.freevpn.vpn_master uid=10037 id=1 tag=null userId=0}
D/HwNotificationManagerService( 1239): generateConver: pkgname = com.freevpn.vpn_master, uid = 10037
D/HwNotificationManagerService( 1239): coverNotificationContentView: update cover NotificationContentViewRecord{9a5a551 pkg=com.freevpn.vpn_master uid=10037 id=1 tag=null userId=0}
I/ActivityManager( 1239): collectReceiverComponents for intent: Intent { act=com.google.android.c2dm.intent.REGISTRATION flg=0x10 pkg=com.zing.zalo (has extras) }, receivers: [ResolveInfo{8b1ba7 com.zing.zalo/com.google.android.gcm.GCMBroadcastReceiver m=0x108000 euid=0}]
I/ActivityManager( 1239): retrieveServiceLocked, callerApp: ProcessRecord{a5162bb 30707:0:com.zing.zalo/u0a135}, flags: 400
I/ActivityManager( 1239): bindServiceLocked, r: ServiceRecord{7d1d854 u0 euid: 0 com.zing.zalo/.service.GCMIntentService}, euid: 0
I/ActivityManager( 1239): retrieveServiceLocked, callerApp: ProcessRecord{e37e14a 2709:0:com.google.android.gms/u0a7}, flags: 400
I/ActivityManager( 1239): bindServiceLocked, r: ServiceRecord{93ae3fd u0 euid: 0 com.google.android.gms/.cast.service.CastDeviceScannerIntentService}, euid: 0
I/ActivityManager( 1239): collectReceiverComponents for intent: Intent { act=android.intent.action.SIG_STR flg=0x20000010 (has extras) }, receivers: null
W/ActivityManager( 1239): getTasks: caller 10135 does not hold REAL_GET_TASKS; limiting output
V/AlarmManager( 1239): Alarm triggering (type 0 or 2): [Alarm{23858f2 type 2 when 222442358 com.facebook.orca}]
V/AlarmManager( 1239): sending alarm Alarm{23858f2 type 2 when 222442358 com.facebook.orca},repeatInterval = 0
I/ActivityManager( 1239): collectReceiverComponents for intent: Intent { act=X.04B.ACTION_ALARM.MqttLite.com.facebook.orca flg=0x14 pkg=com.facebook.orca (has extras) }, receivers: null
V/AlarmManager( 1239): set(PendingIntent{a43cb43: PendingIntentRecord{23eec81 com.facebook.orca broadcastIntent}}) : type=2 triggerAtTime=222443694 win=0 tElapsed=222447369 maxElapsed=222447369 interval=0 flags=0xd
D/HwNotificationManagerService( 1239): generateConver: pkgname = com.freevpn.vpn_master, uid = 10037
D/HwNotificationManagerService( 1239): coverNotificationContentView: update cover NotificationContentViewRecord{9a5a551 pkg=com.freevpn.vpn_master uid=10037 id=1 tag=null userId=0}
V/AlarmManager( 1239): set(PendingIntent{856c2f9: PendingIntentRecord{23eec81 com.facebook.orca broadcastIntent}}) : type=2 triggerAtTime=222443694 win=0 tElapsed=222447423 maxElapsed=222447423 interval=0 flags=0xd
D/HwNotificationManagerService( 1239): generateConver: pkgname = com.freevpn.vpn_master, uid = 10037
D/HwNotificationManagerService( 1239): coverNotificationContentView: update cover NotificationContentViewRecord{9a5a551 pkg=com.freevpn.vpn_master uid=10037 id=1 tag=null userId=0}
D/HwBatteryService( 1239): onUEvent fcp_values = 0
D/WifiService( 1239): onReceive, action:android.intent.action.BATTERY_CHANGED
D/WifiService( 1239): ACTION_BATTERY_CHANGED pluggedType: 2
I/ActivityManager( 1239): collectReceiverComponents for intent: Intent { act=android.intent.action.SIG_STR flg=0x20000010 (has extras) }, receivers: null
V/AlarmManager( 1239): sending alarm Alarm{44dd89f type 3 when 222443557 com.zing.zalo},repeatInterval = 0
I/ActivityManager( 1239): collectReceiverComponents for intent: Intent { act=com.google.android.gcm.intent.RETRY flg=0x14 (has extras) }, receivers: null
I/ActivityManager( 1239): retrieveServiceLocked, callerApp: ProcessRecord{a5162bb 30707:0:com.zing.zalo/u0a135}, flags: 400
I/ActivityManager( 1239): bindServiceLocked, r: ServiceRecord{71fddec u0 euid: 0 com.zing.zalo/.service.GCMIntentService}, euid: 0
I/ActivityManager( 1239): retrieveServiceLocked, callerApp: ProcessRecord{a5162bb 30707:0:com.zing.zalo/u0a135}, flags: 400
I/ActivityManager( 1239): bindServiceLocked, r: ServiceRecord{eb795b5 u0 euid: 0 com.google.android.gsf/.gtalkservice.PushMessagingRegistrarProxy}, euid: 0
I/ActivityManager( 1239): retrieveServiceLocked, callerApp: ProcessRecord{4663555 31946:0:com.google.process.gapps/u0a7}, flags: 400
I/ActivityManager( 1239): bindServiceLocked, r: ServiceRecord{2c6144a u0 euid: 0 com.google.android.gms/.gcm.PushMessagingRegistrarProxy}, euid: 0
I/ActivityManager( 1239): collectReceiverComponents for intent: Intent { act=com.google.android.c2dm.intent.REGISTRATION flg=0x10 pkg=com.zing.zalo (has extras) }, receivers: [ResolveInfo{3c15fbb com.zing.zalo/com.google.android.gcm.GCMBroadcastReceiver m=0x108000 euid=0}]
I/ActivityManager( 1239): retrieveServiceLocked, callerApp: ProcessRecord{a5162bb 30707:0:com.zing.zalo/u0a135}, flags: 400
I/ActivityManager( 1239): bindServiceLocked, r: ServiceRecord{a22ecd8 u0 euid: 0 com.zing.zalo/.service.GCMIntentService}, euid: 0
W/ActivityManager( 1239): getTasks: caller 10135 does not hold REAL_GET_TASKS; limiting output
D/HwNotificationManagerService( 1239): generateConver: pkgname = com.freevpn.vpn_master, uid = 10037
D/HwNotificationManagerService( 1239): coverNotificationContentView: update cover NotificationContentViewRecord{9a5a551 pkg=com.freevpn.vpn_master uid=10037 id=1 tag=null userId=0}
D/HwNotificationManagerService( 1239): generateConver: pkgname = com.freevpn.vpn_master, uid = 10037
D/HwNotificationManagerService( 1239): coverNotificationContentView: update cover NotificationContentViewRecord{9a5a551 pkg=com.freevpn.vpn_master uid=10037 id=1 tag=null userId=0}
V/AlarmManager( 1239): set(PendingIntent{d1c3c97: PendingIntentRecord{23eec81 com.facebook.orca broadcastIntent}}) : type=2 triggerAtTime=222443694 win=0 tElapsed=222449776 maxElapsed=222449776 interval=0 flags=0xd
D/HwInputMethodManagerService( 1239): ------------startInput--------------
I/ActivityManager( 1239): retrieveServiceLocked, callerApp: ProcessRecord{4461f8 29720:0:com.vng.inputmethod.labankey/u0a98}, flags: 400
I/ActivityManager( 1239): bindServiceLocked, r: ServiceRecord{e34e2a2 u0 euid: 0 com.vng.inputmethod.labankey/com.vng.inputmethod.labankeycloud.async.UserHistoryBackupRestoreService}, euid: 0
W/NotificationService( 1239): NOSOUND: no valid sound
W/NotificationService( 1239): NOSOUND: no valid sound
W/ActivityManager( 1239): getTasks: caller 10135 does not hold REAL_GET_TASKS; limiting output
D/HwInputMethodManagerService( 1239): ------------startInput--------------
I/ActivityManager( 1239): retrieveServiceLocked, callerApp: ProcessRecord{4461f8 29720:0:com.vng.inputmethod.labankey/u0a98}, flags: 400
I/ActivityManager( 1239): bindServiceLocked, r: ServiceRecord{5cc9a1c u0 euid: 0 com.vng.inputmethod.labankey/com.vng.inputmethod.labankeycloud.async.UserHistoryBackupRestoreService}, euid: 0
I/ActivityManager( 1239): collectReceiverComponents for intent: Intent { act=android.intent.action.SIG_STR flg=0x20000010 (has extras) }, receivers: null
W/NotificationService( 1239): NOSOUND: no valid sound
W/NotificationService( 1239): NOSOUND: no valid sound
V/AlarmManager( 1239): Alarm triggering (type 0 or 2): [Alarm{cba5625 type 2 when 222443694 com.facebook.orca}]
V/AlarmManager( 1239): sending alarm Alarm{cba5625 type 2 when 222443694 com.facebook.orca},repeatInterval = 0
I/ActivityManager( 1239): collectReceiverComponents for intent: Intent { act=X.04B.ACTION_ALARM.MqttLite.com.facebook.orca flg=0x14 pkg=com.facebook.orca (has extras) }, receivers: null
V/AlarmManager( 1239): set(PendingIntent{73423fa: PendingIntentRecord{23eec81 com.facebook.orca broadcastIntent}}) : type=2 triggerAtTime=222503773 win=0 tElapsed=222503773 maxElapsed=222503773 interval=0 flags=0xd
V/AlarmManager( 1239): set(PendingIntent{185adab: PendingIntentRecord{23eec81 com.facebook.orca broadcastIntent}}) : type=2 triggerAtTime=222449788 win=0 tElapsed=222454789 maxElapsed=222454789 interval=0 flags=0xd
V/AlarmManager( 1239): set(PendingIntent{e173c08: PendingIntentRecord{23eec81 com.facebook.orca broadcastIntent}}) : type=2 triggerAtTime=222503773 win=0 tElapsed=222503773 maxElapsed=222503773 interval=0 flags=0xd
D/HwInputMethodManagerService( 1239): ------------startInput--------------
I/ActivityManager( 1239): retrieveServiceLocked, callerApp: ProcessRecord{4461f8 29720:0:com.vng.inputmethod.labankey/u0a98}, flags: 400
I/ActivityManager( 1239): bindServiceLocked, r: ServiceRecord{a5f2fa1 u0 euid: 0 com.vng.inputmethod.labankey/com.vng.inputmethod.labankeycloud.async.UserHistoryBackupRestoreService}, euid: 0
W/NotificationService( 1239): NOSOUND: no valid sound
D/HwNotificationManagerService( 1239): generateConver: pkgname = com.freevpn.vpn_master, uid = 10037
D/HwNotificationManagerService( 1239): coverNotificationContentView: update cover NotificationContentViewRecord{9a5a551 pkg=com.freevpn.vpn_master uid=10037 id=1 tag=null userId=0}
D/HwNotificationManagerService( 1239): generateConver: pkgname = com.freevpn.vpn_master, uid = 10037
D/HwNotificationManagerService( 1239): coverNotificationContentView: update cover NotificationContentViewRecord{9a5a551 pkg=com.freevpn.vpn_master uid=10037 id=1 tag=null userId=0}
D/HwInputMethodManagerService( 1239): ------------startInput--------------
I/ActivityManager( 1239): retrieveServiceLocked, callerApp: ProcessRecord{4461f8 29720:0:com.vng.inputmethod.labankey/u0a98}, flags: 400
I/ActivityManager( 1239): bindServiceLocked, r: ServiceRecord{4e810b4 u0 euid: 0 com.vng.inputmethod.labankey/com.vng.inputmethod.labankeycloud.async.UserHistoryBackupRestoreService}, euid: 0
W/NotificationService( 1239): NOSOUND: no valid sound
I/HwMtmBroadcastResourceManager( 1239): removeReceiver mtm Broadcast
V/AlarmManager( 1239): sending alarm Alarm{3402723 type 3 when 222453568 com.google.android.gms},repeatInterval = 0
I/ActivityManager( 1239): collectReceiverComponents for intent: Intent { act=com.google.android.location.fused.LOCATION_STATUS_ALARM_ACTION_3 flg=0x14 pkg=com.google.android.gms (has extras) }, receivers: null
I/HwMtmBroadcastResourceManager( 1239): removeReceiver mtm Broadcast
I/HwMtmBroadcastResourceManager( 1239): removeReceiver mtm Broadcast
W/ActivityManager( 1239): getTasks: caller 10135 does not hold REAL_GET_TASKS; limiting output
I/ActivityManager( 1239): resolve info: ResolveInfo{64f8420 com.globe3.tno.g3_lite_mobile/.activities.DashBoardActivity m=0x0 euid=0}, euid: 0
I/ActivityManager( 1239): START u0 {cmp=com.globe3.tno.g3_lite_mobile/.activities.DashBoardActivity} from uid 10445 on display 0
I/ActivityManager( 1239): ActivityRecord info: ActivityInfo{add31d9 com.globe3.tno.g3_lite_mobile.activities.DashBoardActivity}, euid=0
V/HwWindowManagerService( 1239): moveTaskToTop mTaskChanged:true
V/HwWindowManagerService( 1239): moveTaskToTop mTaskChanged:true
V/HwWindowManagerService( 1239): setFocusedApp update app ops, mTaskChanged set to:false
I/HwWindowManagerService( 1239): this win:Window{91224ec u0 com.facebook.orca} hase children size:0
I/HwWindowManagerService( 1239): this win:Window{bdb334a u0 com.facebook.orca} hase children size:0
I/HwWindowManagerService( 1239): this win:Window{672a3d8 u0 com.facebook.orca} hase children size:0
I/HwWindowManagerService( 1239): this win:Window{e213a16 u0 com.facebook.orca} hase children size:0
I/HwWindowManagerService( 1239): this win:Window{ffd75ee u0 com.facebook.orca} hase children size:0
I/ActivityManager( 1239): launch r: ActivityRecord{c34879e u0 com.globe3.tno.g3_lite_mobile/.activities.DashBoardActivity t2273}, uid = 10445, r.info.applicationInfo.euid  = 0
V/ActivityThread(31906): ActivityThread,callActivityOnCreate
I/ActivityManager( 1239): retrieveServiceLocked, callerApp: ProcessRecord{e37e14a 2709:0:com.google.android.gms/u0a7}, flags: 400
I/ActivityManager( 1239): bindServiceLocked, r: ServiceRecord{76bec76 u0 euid: 0 com.google.android.gms/.cast.service.CastDeviceScannerIntentService}, euid: 0
I/ActivityManager( 1239): resolve info: ResolveInfo{443d277 com.globe3.tno.g3_lite_mobile/.activities.FaceActivity m=0x0 euid=0}, euid: 0
I/ActivityManager( 1239): START u0 {cmp=com.globe3.tno.g3_lite_mobile/.activities.FaceActivity (has extras)} from uid 10445 on display 0
I/ActivityManager( 1239): ActivityRecord info: ActivityInfo{a0b0ee4 com.globe3.tno.g3_lite_mobile.activities.RegisterAndVerifyFaceActivity}, euid=0
V/HwWindowManagerService( 1239): moveTaskToTop mTaskChanged:true
V/HwWindowManagerService( 1239): moveTaskToTop mTaskChanged:true
V/HwWindowManagerService( 1239): setFocusedApp update app ops, mTaskChanged set to:false
I/HwWindowManagerService( 1239): this win:Window{91224ec u0 com.facebook.orca} hase children size:0
I/HwWindowManagerService( 1239): this win:Window{bdb334a u0 com.facebook.orca} hase children size:0
I/HwWindowManagerService( 1239): this win:Window{672a3d8 u0 com.facebook.orca} hase children size:0
I/HwWindowManagerService( 1239): this win:Window{e213a16 u0 com.facebook.orca} hase children size:0
I/HwWindowManagerService( 1239): this win:Window{ffd75ee u0 com.facebook.orca} hase children size:0
I/ActivityManager( 1239): launch r: ActivityRecord{d96ff4d u0 com.globe3.tno.g3_lite_mobile/.activities.FaceActivity t2273}, uid = 10445, r.info.applicationInfo.euid  = 0
V/ActivityThread(31906): ActivityThread,callActivityOnCreate
W/ActivityManager( 1239):   Force finishing activity com.globe3.tno.g3_lite_mobile/.activities.FaceActivity
V/HwWindowManagerService( 1239): moveTaskToTop mTaskChanged:true
V/HwWindowManagerService( 1239): setFocusedApp update app ops, mTaskChanged set to:false
I/HwWindowManagerService( 1239): this win:Window{91224ec u0 com.facebook.orca} hase children size:0
I/HwWindowManagerService( 1239): this win:Window{bdb334a u0 com.facebook.orca} hase children size:0
I/HwWindowManagerService( 1239): this win:Window{672a3d8 u0 com.facebook.orca} hase children size:0
I/HwWindowManagerService( 1239): this win:Window{e213a16 u0 com.facebook.orca} hase children size:0
I/HwWindowManagerService( 1239): this win:Window{ffd75ee u0 com.facebook.orca} hase children size:0
W/ActivityManager( 1239):   Force finishing activity com.globe3.tno.g3_lite_mobile/.activities.DashBoardActivity
V/HwWindowManagerService( 1239): moveTaskToTop mTaskChanged:true
V/HwWindowManagerService( 1239): setFocusedApp update app ops, mTaskChanged set to:false
I/HwWindowManagerService( 1239): this win:Window{91224ec u0 com.facebook.orca} hase children size:0
I/HwWindowManagerService( 1239): this win:Window{bdb334a u0 com.facebook.orca} hase children size:0
I/HwWindowManagerService( 1239): this win:Window{672a3d8 u0 com.facebook.orca} hase children size:0
I/HwWindowManagerService( 1239): this win:Window{e213a16 u0 com.facebook.orca} hase children size:0
I/HwWindowManagerService( 1239): this win:Window{ffd75ee u0 com.facebook.orca} hase children size:0
I/ActivityManager( 1239): collectReceiverComponents for intent: Intent { act=android.intent.action.DROPBOX_ENTRY_ADDED flg=0x10 (has extras) }, receivers: [ResolveInfo{edc3550 com.google.android.gms/.chimera.GmsIntentOperationService$PersistentTrustedReceiver m=0x108000 euid=0}, ResolveInfo{7e14349 com.google.android.gms/.stats.service.DropBoxEntryAddedReceiver m=0x108000 euid=0}]
I/ActivityManager( 1239): retrieveServiceLocked, callerApp: ProcessRecord{e37e14a 2709:0:com.google.android.gms/u0a7}, flags: 400
I/ActivityManager( 1239): bindServiceLocked, r: ServiceRecord{e0144e u0 euid: 0 com.google.android.gms/.stats.service.DropBoxEntryAddedService}, euid: 0
I/ActivityManager( 1239): retrieveServiceLocked, callerApp: ProcessRecord{e37e14a 2709:0:com.google.android.gms/u0a7}, flags: 400
I/ActivityManager( 1239): bindServiceLocked, r: ServiceRecord{e71cb05 u0 euid: 0 com.google.android.gms/.lockbox.service.LockboxBrokerService}, euid: 0
I/WindowState( 1239): WIN DEATH: Window{a48975e u0 com.globe3.tno.g3_lite_mobile/com.globe3.tno.g3_lite_mobile.activities.LoginActivity}
I/ActivityManager( 1239): Process com.globe3.tno.g3_lite_mobile (pid 31906) has died
D/ActivityManager( 1239): cleanUpApplicationRecord -- 31906
I/ActivityManager( 1239): cleanUpApplicationRecordLocked, reset pid: 31906, euid: 0
I/WindowState( 1239): WIN DEATH: Window{6dd7faa u0 com.globe3.tno.g3_lite_mobile/com.globe3.tno.g3_lite_mobile.activities.DashBoardActivity}
I/ActivityManager( 1239): mService.startProcessLocked for activity: ActivityRecord{d4a800a u0 com.globe3.tno.g3_lite_mobile/.activities.LoginActivity t2273}, appinfo euid: 0
D/ActivityManager( 1239): Clearing bad pkg: com.globe3.tno.g3_lite_mobile
I/ActivityManager( 1239): new Process app=ProcessRecord{5065f26 0:0:com.globe3.tno.g3_lite_mobile/u0a445}, name: com.globe3.tno.g3_lite_mobile, euid: 0
I/ActivityManager( 1239): Start proc 687:com.globe3.tno.g3_lite_mobile/u0a445 for activity com.globe3.tno.g3_lite_mobile/.activities.LoginActivity
D/ActivityThread(  687): ActivityThread,attachApplication
D/ActivityManager( 1239): ActivityManagerService,attachApplication,callingPid = 687
V/ActivityManager( 1239): New app record ProcessRecord{5065f26 687:0:com.globe3.tno.g3_lite_mobile/u0a445} thread=android.os.BinderProxy@55cbc5f pid=687
I/ActivityManager( 1239): launch r: ActivityRecord{d4a800a u0 com.globe3.tno.g3_lite_mobile/.activities.LoginActivity t2273}, uid = 10445, r.info.applicationInfo.euid  = 0
V/HwWindowManagerService( 1239): moveTaskToTop mTaskChanged:true
V/HwWindowManagerService( 1239): setFocusedApp update app ops, mTaskChanged set to:false
I/HwWindowManagerService( 1239): this win:Window{91224ec u0 com.facebook.orca} hase children size:0
I/HwWindowManagerService( 1239): this win:Window{bdb334a u0 com.facebook.orca} hase children size:0
I/HwWindowManagerService( 1239): this win:Window{672a3d8 u0 com.facebook.orca} hase children size:0
I/HwWindowManagerService( 1239): this win:Window{e213a16 u0 com.facebook.orca} hase children size:0
I/HwWindowManagerService( 1239): this win:Window{ffd75ee u0 com.facebook.orca} hase children size:0
V/ActivityThread(  687): ActivityThread,callActivityOnCreate
W/InputMethodManagerService( 1239): Got RemoteException sending setActive(false) notification to pid 31906 uid 10445
I/ActivityManager( 1239): resolve info: ResolveInfo{52bd857 com.android.packageinstaller/.permission.ui.GrantPermissionsActivity m=0x108000 euid=0}, euid: 0
I/ActivityManager( 1239): START u0 {act=android.content.pm.action.REQUEST_PERMISSIONS pkg=com.android.packageinstaller cmp=com.android.packageinstaller/.permission.ui.GrantPermissionsActivity (has extras)} from uid 10445 on display 0
I/ActivityManager( 1239): ActivityRecord info: ActivityInfo{46e3a09 com.android.packageinstaller.permission.ui.GrantPermissionsActivity}, euid=0
W/WindowAnimator( 1239): Failed to dispatch window animation state change.
W/WindowAnimator( 1239): android.os.DeadObjectException
W/WindowAnimator( 1239): 	at android.os.BinderProxy.transactNative(Native Method)
W/WindowAnimator( 1239): 	at android.os.BinderProxy.transact(Binder.java:505)
W/WindowAnimator( 1239): 	at android.view.IWindow$Stub$Proxy.onAnimationStopped(IWindow.java:534)
W/WindowAnimator( 1239): 	at com.android.server.wm.WindowAnimator.updateWindowsLocked(WindowAnimator.java:298)
W/WindowAnimator( 1239): 	at com.android.server.wm.WindowAnimator.animateLocked(WindowAnimator.java:693)
W/WindowAnimator( 1239): 	at com.android.server.wm.WindowAnimator.access$000(WindowAnimator.java:54)
W/WindowAnimator( 1239): 	at com.android.server.wm.WindowAnimator$1.doFrame(WindowAnimator.java:127)
W/WindowAnimator( 1239): 	at android.view.Choreographer$CallbackRecord.run(Choreographer.java:882)
W/WindowAnimator( 1239): 	at android.view.Choreographer.doCallbacks(Choreographer.java:696)
W/WindowAnimator( 1239): 	at android.view.Choreographer.doFrame(Choreographer.java:628)
W/WindowAnimator( 1239): 	at android.view.Choreographer$FrameDisplayEventReceiver.run(Choreographer.java:870)
W/WindowAnimator( 1239): 	at android.os.Handler.handleCallback(Handler.java:743)
W/WindowAnimator( 1239): 	at android.os.Handler.dispatchMessage(Handler.java:95)
W/WindowAnimator( 1239): 	at android.os.Looper.loop(Looper.java:150)
W/WindowAnimator( 1239): 	at android.os.HandlerThread.run(HandlerThread.java:61)
W/WindowAnimator( 1239): 	at com.android.server.ServiceThread.run(ServiceThread.java:46)
V/HwWindowManagerService( 1239): moveTaskToTop mTaskChanged:true
V/HwWindowManagerService( 1239): moveTaskToTop mTaskChanged:true
V/HwWindowManagerService( 1239): setFocusedApp update app ops, mTaskChanged set to:false
I/HwWindowManagerService( 1239): this win:Window{91224ec u0 com.facebook.orca} hase children size:0
I/HwWindowManagerService( 1239): this win:Window{bdb334a u0 com.facebook.orca} hase children size:0
I/HwWindowManagerService( 1239): this win:Window{672a3d8 u0 com.facebook.orca} hase children size:0
I/HwWindowManagerService( 1239): this win:Window{e213a16 u0 com.facebook.orca} hase children size:0
I/HwWindowManagerService( 1239): this win:Window{ffd75ee u0 com.facebook.orca} hase children size:0
I/ActivityManager( 1239): launch r: ActivityRecord{9dfcf44 u0 com.android.packageinstaller/.permission.ui.GrantPermissionsActivity t2273}, uid = 10070, r.info.applicationInfo.euid  = 0
D/ActivityManager( 1239): className: com.android.packageinstaller.permission.ui.GrantPermissionsActivity
I/HwWindowManagerService( 1239): this win:Window{91224ec u0 com.facebook.orca} hase children size:0
D/HwWindowManagerService( 1239): updateSuspendsionWindowState win: Window{91224ec u0 com.facebook.orca}visible: false
I/HwWindowManagerService( 1239): this win:Window{bdb334a u0 com.facebook.orca} hase children size:0
D/HwWindowManagerService( 1239): updateSuspendsionWindowState win: Window{bdb334a u0 com.facebook.orca}visible: false
I/HwWindowManagerService( 1239): this win:Window{672a3d8 u0 com.facebook.orca} hase children size:0
D/HwWindowManagerService( 1239): updateSuspendsionWindowState win: Window{672a3d8 u0 com.facebook.orca}visible: false
I/HwWindowManagerService( 1239): this win:Window{e213a16 u0 com.facebook.orca} hase children size:0
D/HwWindowManagerService( 1239): updateSuspendsionWindowState win: Window{e213a16 u0 com.facebook.orca}visible: false
I/HwWindowManagerService( 1239): this win:Window{ffd75ee u0 com.facebook.orca} hase children size:0
D/HwWindowManagerService( 1239): updateSuspendsionWindowState win: Window{ffd75ee u0 com.facebook.orca}visible: false
D/HwWindowManagerService( 1239): send UpdateStateSuspensionWindow, visible: false
I/ActivityManager( 1239): collectReceiverComponents for intent: Intent { act=android.intent.action.SIG_STR flg=0x20000010 (has extras) }, receivers: null
I/ActivityManager( 1239): collectReceiverComponents for intent: Intent { act=com.android.server.wm.addview.preventnotify flg=0x10 (has extras) }, receivers: null
I/ActivityManager( 1239): collectReceiverComponents for intent: Intent { act=com.android.server.wm.addview.preventnotify flg=0x10 (has extras) }, receivers: null
V/ActivityThread(31984): ActivityThread,callActivityOnCreate
I/ActivityManager( 1239): collectReceiverComponents for intent: Intent { act=com.android.server.wm.addview.preventnotify flg=0x10 (has extras) }, receivers: null
I/ActivityManager( 1239): collectReceiverComponents for intent: Intent { act=com.android.server.wm.addview.preventnotify flg=0x10 (has extras) }, receivers: null
V/HwWindowManagerService( 1239): moveTaskToTop mTaskChanged:true
V/HwWindowManagerService( 1239): setFocusedApp update app ops, mTaskChanged set to:false
I/HwWindowManagerService( 1239): this win:Window{91224ec u0 com.facebook.orca} hase children size:0
I/HwWindowManagerService( 1239): this win:Window{bdb334a u0 com.facebook.orca} hase children size:0
I/HwWindowManagerService( 1239): this win:Window{672a3d8 u0 com.facebook.orca} hase children size:0
I/HwWindowManagerService( 1239): this win:Window{e213a16 u0 com.facebook.orca} hase children size:0
I/HwWindowManagerService( 1239): this win:Window{ffd75ee u0 com.facebook.orca} hase children size:0
D/ActivityManager( 1239): className: com.android.packageinstaller.permission.ui.GrantPermissionsActivity
D/HwWindowManagerService( 1239): send UpdateStateSuspensionWindow, visible: true
I/HwWindowManagerService( 1239): this win:Window{91224ec u0 com.facebook.orca} hase children size:0
D/HwWindowManagerService( 1239): updateSuspendsionWindowState win: Window{91224ec u0 com.facebook.orca}visible: true
I/HwWindowManagerService( 1239): this win:Window{bdb334a u0 com.facebook.orca} hase children size:0
D/HwWindowManagerService( 1239): updateSuspendsionWindowState win: Window{bdb334a u0 com.facebook.orca}visible: true
I/HwWindowManagerService( 1239): this win:Window{672a3d8 u0 com.facebook.orca} hase children size:0
D/HwWindowManagerService( 1239): updateSuspendsionWindowState win: Window{672a3d8 u0 com.facebook.orca}visible: true
I/HwWindowManagerService( 1239): this win:Window{e213a16 u0 com.facebook.orca} hase children size:0
D/HwWindowManagerService( 1239): updateSuspendsionWindowState win: Window{e213a16 u0 com.facebook.orca}visible: true
I/HwWindowManagerService( 1239): this win:Window{ffd75ee u0 com.facebook.orca} hase children size:0
D/HwWindowManagerService( 1239): updateSuspendsionWindowState win: Window{ffd75ee u0 com.facebook.orca}visible: true
W/InputMethodManagerService( 1239): Window already focused, ignoring focus gain of: com.android.internal.view.IInputMethodClient$Stub$Proxy@2aba2f3 attribute=null, token = android.os.BinderProxy@f3abf7b
D/HwNotificationManagerService( 1239): generateConver: pkgname = com.freevpn.vpn_master, uid = 10037
D/HwNotificationManagerService( 1239): coverNotificationContentView: update cover NotificationContentViewRecord{9a5a551 pkg=com.freevpn.vpn_master uid=10037 id=1 tag=null userId=0}
D/HwNotificationManagerService( 1239): generateConver: pkgname = com.freevpn.vpn_master, uid = 10037
D/HwNotificationManagerService( 1239): coverNotificationContentView: update cover NotificationContentViewRecord{9a5a551 pkg=com.freevpn.vpn_master uid=10037 id=1 tag=null userId=0}
--------- beginning of main
D/HwNotificationHelper( 2125): process: notification=StatusBarNotification(pkg=com.freevpn.vpn_master user=UserHandle{0} id=1 tag=null score=0 key=0|com.freevpn.vpn_master|1|null|10037: Notification(pri=0 contentView=com.freevpn.vpn_master/0x1090084 vibrate=null sound=null defaults=0x0 flags=0x6a color=0x00000000 vis=PRIVATE)), when=Mon Feb 27 11:37:32 GMT+07:00 2017
D/NotificationIconHelper( 2125): isCloneProcess, pid = 28264
D/StatusBar( 2125): onNotificationPosted  sbn_name = com.freevpn.vpn_master sbn_key = 0|com.freevpn.vpn_master|1|null|10037 ,sbn_id = 1, headsUp.getKey()null
D/NotificationIconHelper( 2125): largeIcon is not null
D/NotificationIconHelper( 2125): isCloneProcess, pid = 28264
W/ActivityManager( 1239): getTasks: caller 10135 does not hold REAL_GET_TASKS; limiting output
D/DnsProxyListener(  399): GetAddrInfoHandler: getaddrinfo failed! count = 1892
I/LicensingManager(  687): Unable to connect to server (0): unknown error
D/DnsProxyListener(  399): GetAddrInfoHandler: getaddrinfo failed! count = 1893
D/DnsProxyListener(  399): GetAddrInfoHandler: getaddrinfo failed! count = 1894
D/DnsProxyListener(  399): GetAddrInfoHandler: getaddrinfo failed! count = 1895
I/SendBroadcastPermission( 1239): action:android.os.action.POWER_SAVE_TEMP_WHITELIST_CHANGED, mPermissionType:0
D/DnsProxyListener(  399): GetAddrInfoHandler: getaddrinfo failed! count = 1896
D/HwCust  (28264): Create obj success use class android.app.HwCustNotificationImpl
D/HwNotificationManagerService( 1239): generateConver: pkgname = com.freevpn.vpn_master, uid = 10037
D/HwNotificationManagerService( 1239): coverNotificationContentView: update cover NotificationContentViewRecord{9a5a551 pkg=com.freevpn.vpn_master uid=10037 id=1 tag=null userId=0}
D/HwNotificationManagerService( 1239): generateConver: pkgname = com.freevpn.vpn_master, uid = 10037
D/HwNotificationManagerService( 1239): coverNotificationContentView: update cover NotificationContentViewRecord{9a5a551 pkg=com.freevpn.vpn_master uid=10037 id=1 tag=null userId=0}
D/StatusBar( 2125): onNotificationPosted: StatusBarNotification(pkg=com.freevpn.vpn_master user=UserHandle{0} id=1 tag=null score=0 key=0|com.freevpn.vpn_master|1|null|10037: Notification(pri=0 contentView=com.freevpn.vpn_master/0x1090084 vibrate=null sound=null defaults=0x0 flags=0x6a color=0x00000000 vis=PRIVATE)), when=Mon Feb 27 11:37:32 GMT+07:00 2017
D/StatusBar( 2125): onNotificationPosted: StatusBarNotification(pkg=com.freevpn.vpn_master user=UserHandle{0} id=1 tag=null score=0 key=0|com.freevpn.vpn_master|1|null|10037: Notification(pri=0 contentView=com.freevpn.vpn_master/0x1090084 vibrate=null sound=null defaults=0x0 flags=0x6a color=0x00000000 vis=PRIVATE)), when=Mon Feb 27 11:37:32 GMT+07:00 2017
D/HwNotificationHelper( 2125): process: notification=StatusBarNotification(pkg=com.freevpn.vpn_master user=UserHandle{0} id=1 tag=null score=0 key=0|com.freevpn.vpn_master|1|null|10037: Notification(pri=0 contentView=com.freevpn.vpn_master/0x1090084 vibrate=null sound=null defaults=0x0 flags=0x6a color=0x00000000 vis=PRIVATE)), when=Mon Feb 27 11:37:32 GMT+07:00 2017
D/NotificationIconHelper( 2125): isCloneProcess, pid = 28264
D/StatusBar( 2125): onNotificationPosted  sbn_name = com.freevpn.vpn_master sbn_key = 0|com.freevpn.vpn_master|1|null|10037 ,sbn_id = 1, headsUp.getKey()null
D/NotificationIconHelper( 2125): largeIcon is not null
D/NotificationIconHelper( 2125): isCloneProcess, pid = 28264
D/DnsProxyListener(  399): GetAddrInfoHandler: getaddrinfo failed! count = 1897
D/DnsProxyListener(  399): GetAddrInfoHandler: getaddrinfo failed! count = 1898
D/DnsProxyListener(  399): GetAddrInfoHandler: getaddrinfo failed! count = 1899
D/HwArpVerifier( 1239): performPollAndLog:
D/hw_netstat( 1239): total/6302/5706,com.freevpn.vpn_master/5480/5617,unknown:0/733/0,unknown:1020/89/0,com.google.uid.shared:10007/0/89
